============================= test session starts =============================
platform win32 -- Python 3.12.9, pytest-7.4.3, pluggy-1.5.0 -- C:\Users\benbu\AppData\Local\Programs\Python\Python312-arm64\python.exe
cachedir: .pytest_cache
rootdir: C:\Users\benbu\Code\repo_working\bots
configfile: pytest.ini
testpaths: tests, tests/unit, tests/integration, tests/e2e, bots/tests
plugins: anyio-4.9.0, asyncio-0.21.1, cov-4.1.0, forked-1.6.0, timeout-2.4.0, xdist-3.7.0
asyncio: mode=Mode.STRICT
timeout: 300.0s
timeout method: thread
timeout func_only: True
created: 12/12 workers
12 workers [910 items]

scheduling tests via LoadGroupScheduling

tests/e2e/test_auto_stache.py::TestCLIIntegration::test_commands_registered 
tests/e2e/test_auto_stache.py::TestAutoStashConfig::test_config_default_false 
tests/e2e/test_auto_stache.py::TestAutoStashConfig::test_config_command_set 
tests/e2e/test_auto_stache.py::TestLoadStashCommand::test_load_stash_by_name 
tests/e2e/test_auto_stache.py::TestAutoStashConfig::test_config_save_load 
tests/e2e/test_auto_stache.py::TestCreateAutoStash::test_no_changes_to_stash 
tests/e2e/test_auto_stache.py::TestAutoStashConfig::test_config_command_show 
tests/e2e/test_auto_stache.py::TestAutoStashConfig::test_auto_stash_toggle_command 
tests/e2e/test_auto_stache.py::TestLoadStashCommand::test_load_stash_by_index 
tests/e2e/test_auto_stache.py::TestLoadStashCommand::test_load_stash_not_found 
tests/e2e/test_auto_stache.py::TestLoadStashCommand::test_load_stash_no_args 
tests/e2e/test_auto_stache.py::TestCreateAutoStash::test_real_ai_stash_message_generation 
[gw11] [  0%] PASSED tests/e2e/test_auto_stache.py::TestCLIIntegration::test_commands_registered 
[gw2] [  0%] PASSED tests/e2e/test_auto_stache.py::TestAutoStashConfig::test_config_command_show 
[gw3] [  0%] PASSED tests/e2e/test_auto_stache.py::TestAutoStashConfig::test_config_command_set 
[gw0] [  0%] PASSED tests/e2e/test_auto_stache.py::TestAutoStashConfig::test_config_default_false 
tests/e2e/test_branch_self_integration.py::TestBranchSelfIntegration::test_branch_self_basic_functionality 
tests/e2e/test_auto_stache.py::TestCLIIntegration::test_help_includes_auto_stash 
tests/e2e/test_branch_self_tracking.py::TestBranchSelfTracking::test_branch_self_position_after_load 
[gw1] [  0%] PASSED tests/e2e/test_auto_stache.py::TestAutoStashConfig::test_config_save_load 
tests/e2e/test_auto_stache.py::TestEdgeCases::test_create_auto_stash_general_exception 
tests/e2e/test_auto_stache.py::TestEdgeCases::test_create_auto_stash_timeout 
[gw5] [  0%] PASSED tests/e2e/test_auto_stache.py::TestAutoStashConfig::test_auto_stash_toggle_command 
tests/e2e/test_branch_self_integration.py::TestBranchSelfIntegration::test_branch_self_error_handling 
[gw1] [  0%] PASSED tests/e2e/test_auto_stache.py::TestEdgeCases::test_create_auto_stash_timeout 
tests/e2e/test_broadcast_fp.py::test_broadcast_fp_chain 
[gw2] [  0%] PASSED tests/e2e/test_auto_stache.py::TestEdgeCases::test_create_auto_stash_general_exception 
tests/e2e/test_broadcast_fp.py::test_broadcast_fp_single_prompt 
[gw0] [  0%] PASSED tests/e2e/test_auto_stache.py::TestCLIIntegration::test_help_includes_auto_stash 
tests/e2e/test_branch_self_tracking.py::TestBranchSelfTracking::test_multiple_branch_self_calls_with_save_load 
[gw4] [  1%] PASSED tests/e2e/test_auto_stache.py::TestCreateAutoStash::test_no_changes_to_stash 
tests/e2e/test_branch_self_integration.py::TestBranchSelfIntegration::test_branch_self_nested_directory_and_file_creation 
[gw11] [  1%] PASSED tests/e2e/test_branch_self_tracking.py::TestBranchSelfTracking::test_branch_self_position_after_load 
tests/e2e/test_branch_self_tracking.py::TestBranchSelfTracking::test_conversation_tree_integrity_after_save_load 
[gw10] [  1%] PASSED tests/e2e/test_auto_stache.py::TestLoadStashCommand::test_load_stash_no_args 
tests/e2e/test_branch_self_recursive.py::TestBranchSelfRecursive::test_two_level_recursion 
[gw10] [  1%] PASSED tests/e2e/test_branch_self_recursive.py::TestBranchSelfRecursive::test_two_level_recursion 
tests/e2e/test_broadcast_fp.py::test_broadcast_fp_preserves_original_conversation 
[gw0] [  1%] PASSED tests/e2e/test_branch_self_tracking.py::TestBranchSelfTracking::test_multiple_branch_self_calls_with_save_load 
tests/e2e/test_broadcast_fp.py::test_broadcast_fp_single_leaf 
[gw8] [  1%] PASSED tests/e2e/test_auto_stache.py::TestLoadStashCommand::test_load_stash_not_found 
tests/e2e/test_branch_self_recursive.py::TestBranchSelfRecursive::test_single_level_recursion 
[gw8] [  1%] PASSED tests/e2e/test_branch_self_recursive.py::TestBranchSelfRecursive::test_single_level_recursion 
tests/e2e/test_broadcast_fp_cli.py::test_collect_functional_prompt_invalid_choice 
[gw8] [  1%] PASSED tests/e2e/test_broadcast_fp_cli.py::test_collect_functional_prompt_invalid_choice 
tests/e2e/test_broadcast_fp_cli.py::test_collect_skip_labels 
[gw8] [  1%] PASSED tests/e2e/test_broadcast_fp_cli.py::test_collect_skip_labels 
tests/e2e/test_broadcast_fp_cli.py::test_collect_skip_labels_empty 
[gw8] [  2%] PASSED tests/e2e/test_broadcast_fp_cli.py::test_collect_skip_labels_empty 
tests/e2e/test_broadcast_fp_cli.py::test_discover_fp_functions_includes_broadcast_fp 
[gw8] [  2%] PASSED tests/e2e/test_broadcast_fp_cli.py::test_discover_fp_functions_includes_broadcast_fp 
tests/e2e/test_broadcast_fp_cli.py::test_discover_fp_functions_excludes_descoped 
[gw9] [  2%] PASSED tests/e2e/test_auto_stache.py::TestLoadStashCommand::test_load_stash_by_name 
[gw8] [  2%] PASSED tests/e2e/test_broadcast_fp_cli.py::test_discover_fp_functions_excludes_descoped 
tests/e2e/test_broadcast_fp_cli.py::test_fp_command_includes_broadcast_fp 
[gw7] [  2%] PASSED tests/e2e/test_auto_stache.py::TestLoadStashCommand::test_load_stash_by_index 
tests/e2e/test_branch_self_recursive.py::TestBranchSelfRecursive::test_recursive_branching_no_infinite_loop 
tests/e2e/test_branch_self_recursive.py::TestBranchSelfRecursive::test_branch_positioning_after_recursive_load 
[gw7] [  2%] SKIPPED tests/e2e/test_branch_self_recursive.py::TestBranchSelfRecursive::test_branch_positioning_after_recursive_load 
tests/e2e/test_broadcast_fp_cli.py::test_broadcast_fp_new_system_specific_leaves 
[gw8] [  2%] PASSED tests/e2e/test_broadcast_fp_cli.py::test_fp_command_includes_broadcast_fp 
tests/e2e/test_broadcast_fp_cli.py::test_parameter_handlers_include_functional_prompt 
[gw8] [  2%] PASSED tests/e2e/test_broadcast_fp_cli.py::test_parameter_handlers_include_functional_prompt 
tests/e2e/test_broadcast_fp_cli.py::test_broadcast_fp_invalid_leaf_selection 
[gw7] [  2%] PASSED tests/e2e/test_broadcast_fp_cli.py::test_broadcast_fp_new_system_specific_leaves 
tests/e2e/test_broadcast_fp_cli.py::test_broadcast_fp_no_leaves 
[gw9] [  3%] PASSED tests/e2e/test_branch_self_recursive.py::TestBranchSelfRecursive::test_recursive_branching_no_infinite_loop 
[gw8] [  3%] PASSED tests/e2e/test_broadcast_fp_cli.py::test_broadcast_fp_invalid_leaf_selection 
tests/e2e/test_broadcast_fp_cli.py::test_broadcast_fp_new_system_all_leaves 
tests/e2e/test_broadcast_fp_comprehensive.py::TestBroadcastFPAvailability::test_broadcast_fp_includes_par_branch_functions 
[gw7] [  3%] PASSED tests/e2e/test_broadcast_fp_cli.py::test_broadcast_fp_no_leaves 
tests/e2e/test_broadcast_fp_comprehensive.py::TestBroadcastFPAvailability::test_par_branch_functions_are_discoverable 
[gw7] [  3%] PASSED tests/e2e/test_broadcast_fp_comprehensive.py::TestBroadcastFPAvailability::test_par_branch_functions_are_discoverable 
tests/e2e/test_broadcast_fp_comprehensive.py::TestBroadcastFPFunctionalSuccess::test_broadcast_fp_with_par_branch_while_via_cli 
[gw8] [  3%] PASSED tests/e2e/test_broadcast_fp_comprehensive.py::TestBroadcastFPAvailability::test_broadcast_fp_includes_par_branch_functions 
tests/e2e/test_broadcast_fp_comprehensive.py::TestBroadcastFPFunctionalSuccess::test_broadcast_fp_with_par_branch_via_cli 
[gw9] [  3%] PASSED tests/e2e/test_broadcast_fp_cli.py::test_broadcast_fp_new_system_all_leaves 
tests/e2e/test_broadcast_fp_comprehensive.py::TestBroadcastFPFunctionalSuccess::test_broadcast_fp_with_chain_via_cli 
[gw11] [  3%] PASSED tests/e2e/test_branch_self_tracking.py::TestBranchSelfTracking::test_conversation_tree_integrity_after_save_load 
tests/e2e/test_broadcast_fp.py::test_broadcast_fp_handles_exceptions 
[gw6] [  3%] PASSED tests/e2e/test_auto_stache.py::TestCreateAutoStash::test_real_ai_stash_message_generation 
tests/e2e/test_branch_self_integration.py::TestBranchSelfIntegration::test_branch_self_tool_availability 
[gw6] [  3%] PASSED tests/e2e/test_branch_self_integration.py::TestBranchSelfIntegration::test_branch_self_tool_availability 
tests/e2e/test_broadcast_fp_comprehensive.py::TestBroadcastFPParameterCollection::test_parameter_collection_for_while_functions 
[gw6] [  4%] PASSED tests/e2e/test_broadcast_fp_comprehensive.py::TestBroadcastFPParameterCollection::test_parameter_collection_for_while_functions 
tests/e2e/test_broadcast_fp_wizard_complete.py::TestBroadcastFPWizardComplete::test_broadcast_fp_all_functional_prompts_integration 
[gw6] [  4%] SKIPPED tests/e2e/test_broadcast_fp_wizard_complete.py::TestBroadcastFPWizardComplete::test_broadcast_fp_all_functional_prompts_integration 
tests/e2e/test_broadcast_fp_wizard_complete.py::TestBroadcastFPWizardComplete::test_broadcast_fp_branch_while_wizard 
[gw6] [  4%] FAILED tests/e2e/test_broadcast_fp_wizard_complete.py::TestBroadcastFPWizardComplete::test_broadcast_fp_branch_while_wizard 
tests/e2e/test_broadcast_fp_wizard_complete.py::TestBroadcastFPWizardComplete::test_broadcast_fp_branch_wizard 
[gw6] [  4%] FAILED tests/e2e/test_broadcast_fp_wizard_complete.py::TestBroadcastFPWizardComplete::test_broadcast_fp_branch_wizard 
tests/e2e/test_broadcast_fp_wizard_complete.py::TestBroadcastFPWizardComplete::test_broadcast_fp_chain_while_wizard 
[gw5] [  4%] FAILED tests/e2e/test_branch_self_integration.py::TestBranchSelfIntegration::test_branch_self_error_handling 
tests/e2e/test_broadcast_fp.py::test_broadcast_fp_with_skip_labels 
[gw6] [  4%] FAILED tests/e2e/test_broadcast_fp_wizard_complete.py::TestBroadcastFPWizardComplete::test_broadcast_fp_chain_while_wizard 
tests/e2e/test_broadcast_fp_wizard_complete.py::TestBroadcastFPWizardComplete::test_broadcast_fp_complex_recursive_scenario 
[gw6] [  4%] FAILED tests/e2e/test_broadcast_fp_wizard_complete.py::TestBroadcastFPWizardComplete::test_broadcast_fp_complex_recursive_scenario 
tests/e2e/test_broadcast_fp_wizard_complete.py::TestBroadcastFPWizardComplete::test_broadcast_fp_no_leaves_scenario 
[gw6] [  4%] FAILED tests/e2e/test_broadcast_fp_wizard_complete.py::TestBroadcastFPWizardComplete::test_broadcast_fp_no_leaves_scenario 
tests/e2e/test_broadcast_fp_wizard_complete.py::TestBroadcastFPWizardComplete::test_broadcast_fp_prompt_while_wizard 
[gw6] [  4%] FAILED tests/e2e/test_broadcast_fp_wizard_complete.py::TestBroadcastFPWizardComplete::test_broadcast_fp_prompt_while_wizard 
tests/e2e/test_broadcast_fp_wizard_complete.py::TestBroadcastFPWizardComplete::test_broadcast_fp_selective_leaf_targeting 
[gw6] [  5%] FAILED tests/e2e/test_broadcast_fp_wizard_complete.py::TestBroadcastFPWizardComplete::test_broadcast_fp_selective_leaf_targeting 
tests/e2e/test_broadcast_fp_wizard_complete.py::TestBroadcastFPWizardComplete::test_broadcast_fp_tree_of_thought_wizard 
[gw6] [  5%] FAILED tests/e2e/test_broadcast_fp_wizard_complete.py::TestBroadcastFPWizardComplete::test_broadcast_fp_tree_of_thought_wizard 
tests/e2e/test_cli.py::TestCLIBasics::test_config_command 
[gw8] [  5%] FAILED tests/e2e/test_broadcast_fp_comprehensive.py::TestBroadcastFPFunctionalSuccess::test_broadcast_fp_with_par_branch_via_cli 
tests/e2e/test_broadcast_fp_comprehensive.py::TestBroadcastFPRecursiveBranching::test_broadcast_fp_leaf_selection_with_multiple_leaves 
[gw6] [  5%] FAILED tests/e2e/test_cli.py::TestCLIBasics::test_config_command 
tests/e2e/test_cli.py::TestCLIBasics::test_help_command 
[gw7] [  5%] FAILED tests/e2e/test_broadcast_fp_comprehensive.py::TestBroadcastFPFunctionalSuccess::test_broadcast_fp_with_par_branch_while_via_cli 
tests/e2e/test_broadcast_fp_comprehensive.py::TestBroadcastFPFunctionalSuccess::test_broadcast_fp_with_single_prompt_via_cli 
[gw6] [  5%] FAILED tests/e2e/test_cli.py::TestCLIBasics::test_help_command 
tests/e2e/test_cli.py::TestConversationNavigation::test_down_command_at_leaf 
[gw6] [  5%] FAILED tests/e2e/test_cli.py::TestConversationNavigation::test_down_command_at_leaf 
tests/e2e/test_cli.py::TestConversationNavigation::test_up_command_at_root 
[gw6] [  5%] FAILED tests/e2e/test_cli.py::TestConversationNavigation::test_up_command_at_root 
tests/e2e/test_cli.py::TestLabelingSystem::test_goto_command_removed 
[gw6] [  5%] PASSED tests/e2e/test_cli.py::TestLabelingSystem::test_goto_command_removed 
tests/e2e/test_cli.py::TestLabelingSystem::test_label_create_and_jump 
[gw0] [  6%] PASSED tests/e2e/test_broadcast_fp.py::test_broadcast_fp_single_leaf 
tests/e2e/test_broadcast_fp_cli.py::test_collect_functional_prompt 
[gw0] [  6%] PASSED tests/e2e/test_broadcast_fp_cli.py::test_collect_functional_prompt 
tests/e2e/test_cli.py::TestLabelingSystem::test_label_nonexistent_jump 
[gw7] [  6%] FAILED tests/e2e/test_broadcast_fp_comprehensive.py::TestBroadcastFPFunctionalSuccess::test_broadcast_fp_with_single_prompt_via_cli 
tests/e2e/test_cli.py::TestConversationNavigation::test_root_command 
[gw0] [  6%] FAILED tests/e2e/test_cli.py::TestLabelingSystem::test_label_nonexistent_jump 
tests/e2e/test_cli.py::TestLabelingSystem::test_label_shows_existing_labels 
[gw6] [  6%] FAILED tests/e2e/test_cli.py::TestLabelingSystem::test_label_create_and_jump 
tests/e2e/test_cli.py::TestLabelingSystem::test_label_empty_input 
[gw7] [  6%] FAILED tests/e2e/test_cli.py::TestConversationNavigation::test_root_command 
tests/e2e/test_cli.py::TestLabelingSystem::test_showlabels_command_removed 
[gw7] [  6%] PASSED tests/e2e/test_cli.py::TestLabelingSystem::test_showlabels_command_removed 
tests/e2e/test_cli.py::TestErrorHandling::test_invalid_command 
[gw6] [  6%] FAILED tests/e2e/test_cli.py::TestLabelingSystem::test_label_empty_input 
tests/e2e/test_cli.py::TestFunctionalPrompts::test_fp_command_invalid_selection 
[gw7] [  6%] FAILED tests/e2e/test_cli.py::TestErrorHandling::test_invalid_command 
tests/e2e/test_cli.py::TestErrorHandling::test_keyboard_interrupt_handling 
[gw6] [  7%] FAILED tests/e2e/test_cli.py::TestFunctionalPrompts::test_fp_command_invalid_selection 
tests/e2e/test_cli.py::TestConfigManagement::test_config_invalid_setting 
[gw7] [  7%] FAILED tests/e2e/test_cli.py::TestErrorHandling::test_keyboard_interrupt_handling 
tests/e2e/test_cli.py::TestConfigManagement::test_config_set_verbose 
[gw6] [  7%] FAILED tests/e2e/test_cli.py::TestConfigManagement::test_config_invalid_setting 
tests/e2e/test_cli.py::TestConfigManagement::test_config_set_width 
[gw7] [  7%] FAILED tests/e2e/test_cli.py::TestConfigManagement::test_config_set_verbose 
tests/e2e/test_cli.py::TestFunctionalPromptUsability::test_chain_while_with_multiple_prompts 
[gw7] [  7%] PASSED tests/e2e/test_cli.py::TestFunctionalPromptUsability::test_chain_while_with_multiple_prompts 
tests/e2e/test_cli.py::TestFunctionalPromptUsability::test_condition_options_available 
[gw7] [  7%] PASSED tests/e2e/test_cli.py::TestFunctionalPromptUsability::test_condition_options_available 
tests/e2e/test_cli.py::TestFunctionalPromptUsability::test_end_to_end_fp_command_with_chain 
[gw6] [  7%] FAILED tests/e2e/test_cli.py::TestConfigManagement::test_config_set_width 
tests/e2e/test_cli.py::TestFunctionalPromptUsability::test_cli_callback_function_creation 
[gw6] [  7%] PASSED tests/e2e/test_cli.py::TestFunctionalPromptUsability::test_cli_callback_function_creation 
tests/e2e/test_cli.py::TestFunctionalPromptUsability::test_fully_usable_chain_function 
[gw6] [  7%] PASSED tests/e2e/test_cli.py::TestFunctionalPromptUsability::test_fully_usable_chain_function 
tests/e2e/test_cli.py::TestFunctionalPromptUsability::test_fully_usable_prompt_while_function 
[gw6] [  8%] PASSED tests/e2e/test_cli.py::TestFunctionalPromptUsability::test_fully_usable_prompt_while_function 
tests/e2e/test_cli.py::TestFunctionalPromptUsability::test_function_discovery_completeness 
[gw6] [  8%] PASSED tests/e2e/test_cli.py::TestFunctionalPromptUsability::test_function_discovery_completeness 
tests/e2e/test_cli.py::TestFunctionalPromptUsability::test_non_usable_par_dispatch_function_signature 
[gw6] [  8%] PASSED tests/e2e/test_cli.py::TestFunctionalPromptUsability::test_non_usable_par_dispatch_function_signature 
tests/e2e/test_cli.py::TestFunctionalPromptUsability::test_non_usable_prompt_for_function 
[gw6] [  8%] PASSED tests/e2e/test_cli.py::TestFunctionalPromptUsability::test_non_usable_prompt_for_function 
tests/e2e/test_cli.py::TestFunctionalPromptUsability::test_parameter_handler_coverage 
[gw6] [  8%] PASSED tests/e2e/test_cli.py::TestFunctionalPromptUsability::test_parameter_handler_coverage 
tests/e2e/test_cli.py::TestFunctionalPromptUsability::test_partially_usable_tree_of_thought_function 
[gw6] [  8%] PASSED tests/e2e/test_cli.py::TestFunctionalPromptUsability::test_partially_usable_tree_of_thought_function 
tests/e2e/test_cli.py::TestFunctionalPromptUsability::test_recombinator_options_available 
[gw6] [  8%] PASSED tests/e2e/test_cli.py::TestFunctionalPromptUsability::test_recombinator_options_available 
tests/e2e/test_cli.py::TestFunctionalPromptUsability::test_while_functions_empty_prompt_list 
[gw6] [  8%] PASSED tests/e2e/test_cli.py::TestFunctionalPromptUsability::test_while_functions_empty_prompt_list 
tests/e2e/test_cli_and_while_functions.py::test_chain_while_with_prompt_array 
[gw6] [  8%] PASSED tests/e2e/test_cli_and_while_functions.py::test_chain_while_with_prompt_array 
tests/e2e/test_cli_and_while_functions.py::test_branch_while_with_prompt_array 
[gw6] [  9%] PASSED tests/e2e/test_cli_and_while_functions.py::test_branch_while_with_prompt_array 
tests/e2e/test_cli_and_while_functions.py::test_par_branch_while_with_prompt_array 
[gw6] [  9%] PASSED tests/e2e/test_cli_and_while_functions.py::test_par_branch_while_with_prompt_array 
tests/e2e/test_cli_and_while_functions.py::test_chain_while_with_callback 
[gw6] [  9%] PASSED tests/e2e/test_cli_and_while_functions.py::test_chain_while_with_callback 
tests/e2e/test_cli_and_while_functions.py::test_while_functions_with_empty_prompt_array 
[gw6] [  9%] PASSED tests/e2e/test_cli_and_while_functions.py::test_while_functions_with_empty_prompt_array 
tests/e2e/test_cli_and_while_functions.py::test_while_functions_with_single_prompt 
[gw6] [  9%] PASSED tests/e2e/test_cli_and_while_functions.py::test_while_functions_with_single_prompt 
tests/e2e/test_cli_load.py::TestCLILoad::test_load_calls_rebuild_labels 
[gw6] [  9%] PASSED tests/e2e/test_cli_load.py::TestCLILoad::test_load_calls_rebuild_labels 
tests/e2e/test_cli_load.py::TestCLILoad::test_load_cancelled_by_user 
[gw6] [  9%] PASSED tests/e2e/test_cli_load.py::TestCLILoad::test_load_cancelled_by_user 
tests/e2e/test_cli_load.py::TestCLILoad::test_load_clears_labeled_nodes 
[gw6] [  9%] PASSED tests/e2e/test_cli_load.py::TestCLILoad::test_load_clears_labeled_nodes 
tests/e2e/test_cli_load.py::TestCLILoad::test_load_file_error 
[gw6] [  9%] PASSED tests/e2e/test_cli_load.py::TestCLILoad::test_load_file_error 
tests/e2e/test_cli_load.py::TestCLILoad::test_load_file_not_found 
[gw6] [ 10%] PASSED tests/e2e/test_cli_load.py::TestCLILoad::test_load_file_not_found 
tests/e2e/test_cli_load.py::TestCLILoad::test_load_function_is_fixed 
[gw6] [ 10%] PASSED tests/e2e/test_cli_load.py::TestCLILoad::test_load_function_is_fixed 
tests/e2e/test_cli_load.py::TestCLILoad::test_load_handles_extension_automatically 
[gw6] [ 10%] PASSED tests/e2e/test_cli_load.py::TestCLILoad::test_load_handles_extension_automatically 
tests/e2e/test_cli_load.py::TestCLILoad::test_load_navigates_to_conversation_end 
[gw6] [ 10%] PASSED tests/e2e/test_cli_load.py::TestCLILoad::test_load_navigates_to_conversation_end 
tests/e2e/test_cli_load.py::TestCLILoad::test_load_success_updates_context 
[gw6] [ 10%] PASSED tests/e2e/test_cli_load.py::TestCLILoad::test_load_success_updates_context 
tests/e2e/test_cli_prompt_functionality.py::test_prompt_naming_comprehensive 
[gw9] [ 10%] FAILED tests/e2e/test_broadcast_fp_comprehensive.py::TestBroadcastFPFunctionalSuccess::test_broadcast_fp_with_chain_via_cli 
tests/e2e/test_broadcast_fp_comprehensive.py::TestBroadcastFPRecursiveBranching::test_recursive_branching_use_case 
[gw9] [ 10%] PASSED tests/e2e/test_broadcast_fp_comprehensive.py::TestBroadcastFPRecursiveBranching::test_recursive_branching_use_case 
tests/e2e/test_cli_prompt_functionality.py::test_recency_tracking 
[gw6] [ 10%] PASSED tests/e2e/test_cli_prompt_functionality.py::test_prompt_naming_comprehensive 
tests/e2e/test_cli_prompt_functionality.py::test_search_functionality_enhanced 
[gw9] [ 10%] PASSED tests/e2e/test_cli_prompt_functionality.py::test_recency_tracking 
tests/e2e/test_cli_prompt_functionality.py::test_name_uniqueness 
[gw8] [ 10%] FAILED tests/e2e/test_broadcast_fp_comprehensive.py::TestBroadcastFPRecursiveBranching::test_broadcast_fp_leaf_selection_with_multiple_leaves 
tests/e2e/test_cli.py::TestCLIBasics::test_verbose_quiet_commands 
[gw8] [ 11%] FAILED tests/e2e/test_cli.py::TestCLIBasics::test_verbose_quiet_commands 
tests/e2e/test_cli_terminal_tool_integration.py::TestCLIRealTerminalTimeouts::test_bot_tool_usage_analysis 
[gw4] [ 11%] FAILED tests/e2e/test_branch_self_integration.py::TestBranchSelfIntegration::test_branch_self_nested_directory_and_file_creation 
tests/e2e/test_broadcast_fp.py::test_broadcast_fp_tree_of_thought 
[gw6] [ 11%] PASSED tests/e2e/test_cli_prompt_functionality.py::test_search_functionality_enhanced 
tests/e2e/test_cli_prompt_functionality.py::test_cli_integration 
[gw9] [ 11%] PASSED tests/e2e/test_cli_prompt_functionality.py::test_name_uniqueness 
tests/e2e/test_cli_style_callback.py::test_cli_like_callback_usage 
[gw6] [ 11%] PASSED tests/e2e/test_cli_prompt_functionality.py::test_cli_integration 
tests/e2e/test_cli_terminal_tool_integration.py::TestCLIRealTerminalTimeouts::test_simple_file_creation_real_bot 
[gw11] [ 11%] PASSED tests/e2e/test_broadcast_fp.py::test_broadcast_fp_handles_exceptions 
tests/e2e/test_broadcast_fp_comprehensive.py::TestBroadcastFPParameterCollection::test_parameter_collection_for_complex_fps 
[gw11] [ 11%] PASSED tests/e2e/test_broadcast_fp_comprehensive.py::TestBroadcastFPParameterCollection::test_parameter_collection_for_complex_fps 
tests/e2e/test_cli_tool_crash_bug.py::TestCLIToolCrashBug::test_tool_handler_state_persistence 
[gw11] [ 11%] PASSED tests/e2e/test_cli_tool_crash_bug.py::TestCLIToolCrashBug::test_tool_handler_state_persistence 
tests/e2e/test_cli_tool_crash_bug_fix.py::TestCLIToolCrashBugFix::test_tool_handler_clear_prevents_corruption 
[gw11] [ 11%] PASSED tests/e2e/test_cli_tool_crash_bug_fix.py::TestCLIToolCrashBugFix::test_tool_handler_clear_prevents_corruption 
tests/e2e/test_cli_tool_crash_bug_fix.py::TestCLIToolCrashBugFix::test_without_clear_shows_corruption 
[gw11] [ 12%] PASSED tests/e2e/test_cli_tool_crash_bug_fix.py::TestCLIToolCrashBugFix::test_without_clear_shows_corruption 
tests/e2e/test_combine_leaves.py::TestCombineLeavesCommand::test_combine_leaves_error_handling 
[gw11] [ 12%] PASSED tests/e2e/test_combine_leaves.py::TestCombineLeavesCommand::test_combine_leaves_error_handling 
tests/e2e/test_combine_leaves.py::TestCombineLeavesCommand::test_combine_leaves_insufficient_leaves 
[gw11] [ 12%] PASSED tests/e2e/test_combine_leaves.py::TestCombineLeavesCommand::test_combine_leaves_insufficient_leaves 
tests/e2e/test_combine_leaves.py::TestCombineLeavesCommand::test_combine_leaves_invalid_recombinator 
[gw11] [ 12%] PASSED tests/e2e/test_combine_leaves.py::TestCombineLeavesCommand::test_combine_leaves_invalid_recombinator 
tests/e2e/test_combine_leaves.py::TestCombineLeavesCommand::test_combine_leaves_no_leaves 
[gw11] [ 12%] PASSED tests/e2e/test_combine_leaves.py::TestCombineLeavesCommand::test_combine_leaves_no_leaves 
tests/e2e/test_combine_leaves.py::TestCombineLeavesCommand::test_combine_leaves_success 
[gw11] [ 12%] PASSED tests/e2e/test_combine_leaves.py::TestCombineLeavesCommand::test_combine_leaves_success 
tests/e2e/test_keyboard_interrupt_handling.py::TestKeyboardInterruptHandling::test_cli_handles_tool_keyboard_interrupt_gracefully 
[gw11] [ 12%] PASSED tests/e2e/test_keyboard_interrupt_handling.py::TestKeyboardInterruptHandling::test_cli_handles_tool_keyboard_interrupt_gracefully 
tests/e2e/test_keyboard_interrupt_handling.py::TestKeyboardInterruptHandling::test_keyboard_interrupt_from_tool_becomes_tool_execution_error 
[gw11] [ 12%] PASSED tests/e2e/test_keyboard_interrupt_handling.py::TestKeyboardInterruptHandling::test_keyboard_interrupt_from_tool_becomes_tool_execution_error 
tests/e2e/test_keyboard_interrupt_handling.py::TestKeyboardInterruptHandling::test_realistic_server_port_conflict_scenario 
[gw11] [ 12%] PASSED tests/e2e/test_keyboard_interrupt_handling.py::TestKeyboardInterruptHandling::test_realistic_server_port_conflict_scenario 
tests/e2e/test_keyboard_interrupt_handling.py::TestKeyboardInterruptHandling::test_toolify_converts_keyboard_interrupt 
[gw11] [ 13%] PASSED tests/e2e/test_keyboard_interrupt_handling.py::TestKeyboardInterruptHandling::test_toolify_converts_keyboard_interrupt 
tests/e2e/test_keyboard_interrupt_handling.py::TestKeyboardInterruptHandling::test_toolify_converts_keyboard_interrupt_with_description 
[gw11] [ 13%] PASSED tests/e2e/test_keyboard_interrupt_handling.py::TestKeyboardInterruptHandling::test_toolify_converts_keyboard_interrupt_with_description 
tests/e2e/test_leaf_command.py::TestLeafCommand::test_get_leaf_preview_long_content 
[gw11] [ 13%] PASSED tests/e2e/test_leaf_command.py::TestLeafCommand::test_get_leaf_preview_long_content 
tests/e2e/test_leaf_command.py::TestLeafCommand::test_get_leaf_preview_short_content 
[gw11] [ 13%] PASSED tests/e2e/test_leaf_command.py::TestLeafCommand::test_get_leaf_preview_short_content 
tests/e2e/test_leaf_command.py::TestLeafCommand::test_leaf_command_interactive_cancel 
[gw11] [ 13%] PASSED tests/e2e/test_leaf_command.py::TestLeafCommand::test_leaf_command_interactive_cancel 
tests/e2e/test_leaf_command.py::TestLeafCommand::test_leaf_command_interactive_selection 
[gw11] [ 13%] PASSED tests/e2e/test_leaf_command.py::TestLeafCommand::test_leaf_command_interactive_selection 
tests/e2e/test_leaf_command.py::TestLeafCommand::test_leaf_command_invalid_number 
[gw11] [ 13%] PASSED tests/e2e/test_leaf_command.py::TestLeafCommand::test_leaf_command_invalid_number 
tests/e2e/test_leaf_command.py::TestLeafCommand::test_leaf_command_no_leaves 
[gw11] [ 13%] PASSED tests/e2e/test_leaf_command.py::TestLeafCommand::test_leaf_command_no_leaves 
tests/e2e/test_leaf_command.py::TestLeafCommand::test_leaf_command_shows_leaves 
[gw11] [ 13%] PASSED tests/e2e/test_leaf_command.py::TestLeafCommand::test_leaf_command_shows_leaves 
tests/e2e/test_leaf_command.py::TestLeafCommand::test_leaf_command_with_direct_jump 
[gw11] [ 14%] PASSED tests/e2e/test_leaf_command.py::TestLeafCommand::test_leaf_command_with_direct_jump 
tests/e2e/test_new_functionality.py::TestDescopedFunctions::test_broadcast_to_leaves_still_included 
[gw11] [ 14%] PASSED tests/e2e/test_new_functionality.py::TestDescopedFunctions::test_broadcast_to_leaves_still_included 
tests/e2e/test_new_functionality.py::TestDescopedFunctions::test_dynamic_prompt_parameter_handler_shows_not_supported 
[gw11] [ 14%] PASSED tests/e2e/test_new_functionality.py::TestDescopedFunctions::test_dynamic_prompt_parameter_handler_shows_not_supported 
tests/e2e/test_new_functionality.py::TestDescopedFunctions::test_items_parameter_handler_shows_not_supported 
[gw11] [ 14%] PASSED tests/e2e/test_new_functionality.py::TestDescopedFunctions::test_items_parameter_handler_shows_not_supported 
tests/e2e/test_new_functionality.py::TestDescopedFunctions::test_par_dispatch_excluded_from_discovery 
[gw11] [ 14%] PASSED tests/e2e/test_new_functionality.py::TestDescopedFunctions::test_par_dispatch_excluded_from_discovery 
tests/e2e/test_new_functionality.py::TestDescopedFunctions::test_prompt_for_excluded_from_discovery 
[gw11] [ 14%] PASSED tests/e2e/test_new_functionality.py::TestDescopedFunctions::test_prompt_for_excluded_from_discovery 
tests/e2e/test_par_branch.py::test_par_branch_structure 
[gw7] [ 14%] FAILED tests/e2e/test_cli.py::TestFunctionalPromptUsability::test_end_to_end_fp_command_with_chain 
tests/e2e/test_cli.py::TestFunctionalPromptUsability::test_fully_usable_branch_function 
[gw7] [ 14%] PASSED tests/e2e/test_cli.py::TestFunctionalPromptUsability::test_fully_usable_branch_function 
tests/e2e/test_par_branch.py::test_empty_prompt_list 
[gw7] [ 14%] PASSED tests/e2e/test_par_branch.py::test_empty_prompt_list 
tests/e2e/test_par_branch.py::test_error_handling 
[gw11] [ 15%] PASSED tests/e2e/test_par_branch.py::test_par_branch_structure 
tests/e2e/test_par_branch.py::test_par_branch_while_structure 
[gw0] [ 15%] FAILED tests/e2e/test_cli.py::TestLabelingSystem::test_label_shows_existing_labels 
tests/e2e/test_cli.py::TestFunctionalPrompts::test_fp_command_basic 
[gw6] [ 15%] FAILED tests/e2e/test_cli_terminal_tool_integration.py::TestCLIRealTerminalTimeouts::test_simple_file_creation_real_bot 
tests/e2e/test_cli_tool_crash_bug.py::TestCLIToolCrashBug::test_conversation_node_tool_state_after_crash 
[gw6] [ 15%] PASSED tests/e2e/test_cli_tool_crash_bug.py::TestCLIToolCrashBug::test_conversation_node_tool_state_after_crash 
tests/e2e/test_prompt_management.py::TestPromptManager::test_empty_prompts_initialization 
[gw6] [ 15%] PASSED tests/e2e/test_prompt_management.py::TestPromptManager::test_empty_prompts_initialization 
tests/e2e/test_prompt_management.py::TestPromptManager::test_generate_prompt_name 
[gw6] [ 15%] PASSED tests/e2e/test_prompt_management.py::TestPromptManager::test_generate_prompt_name 
tests/e2e/test_prompt_management.py::TestPromptManager::test_generate_prompt_name_fallback 
[gw3] [ 15%] FAILED tests/e2e/test_branch_self_integration.py::TestBranchSelfIntegration::test_branch_self_basic_functionality 
tests/e2e/test_branch_self_tracking.py::TestBranchSelfTracking::test_branch_self_tracking_after_save_load_simple 
[gw6] [ 15%] PASSED tests/e2e/test_prompt_management.py::TestPromptManager::test_generate_prompt_name_fallback 
tests/e2e/test_prompt_management.py::TestPromptManager::test_load_nonexistent_prompt 
[gw6] [ 15%] PASSED tests/e2e/test_prompt_management.py::TestPromptManager::test_load_nonexistent_prompt 
tests/e2e/test_prompt_management.py::TestPromptManager::test_save_and_load_prompts_file 
[gw6] [ 16%] PASSED tests/e2e/test_prompt_management.py::TestPromptManager::test_save_and_load_prompts_file 
tests/e2e/test_prompt_management.py::TestPromptManager::test_save_prompt_unique_names 
[gw6] [ 16%] PASSED tests/e2e/test_prompt_management.py::TestPromptManager::test_save_prompt_unique_names 
tests/e2e/test_prompt_management.py::TestPromptManager::test_save_prompt_with_auto_name 
[gw6] [ 16%] PASSED tests/e2e/test_prompt_management.py::TestPromptManager::test_save_prompt_with_auto_name 
tests/e2e/test_prompt_management.py::TestPromptManager::test_search_prompts_by_content 
[gw6] [ 16%] PASSED tests/e2e/test_prompt_management.py::TestPromptManager::test_search_prompts_by_content 
tests/e2e/test_prompt_management.py::TestPromptManager::test_search_prompts_by_name 
[gw6] [ 16%] PASSED tests/e2e/test_prompt_management.py::TestPromptManager::test_search_prompts_by_name 
tests/e2e/test_prompt_management.py::TestPromptManager::test_search_prompts_empty_query 
[gw6] [ 16%] PASSED tests/e2e/test_prompt_management.py::TestPromptManager::test_search_prompts_empty_query 
tests/e2e/test_prompt_management.py::TestPromptManager::test_update_recents 
[gw6] [ 16%] PASSED tests/e2e/test_prompt_management.py::TestPromptManager::test_update_recents 
tests/e2e/test_prompt_management.py::TestPromptHandler::test_load_prompt_invalid_selection 
[gw6] [ 16%] PASSED tests/e2e/test_prompt_management.py::TestPromptHandler::test_load_prompt_invalid_selection 
tests/e2e/test_prompt_management.py::TestPromptHandler::test_load_prompt_multiple_matches 
[gw6] [ 16%] PASSED tests/e2e/test_prompt_management.py::TestPromptHandler::test_load_prompt_multiple_matches 
tests/e2e/test_prompt_management.py::TestPromptHandler::test_load_prompt_no_matches 
[gw6] [ 17%] PASSED tests/e2e/test_prompt_management.py::TestPromptHandler::test_load_prompt_no_matches 
tests/e2e/test_prompt_management.py::TestPromptHandler::test_load_prompt_single_match 
[gw6] [ 17%] PASSED tests/e2e/test_prompt_management.py::TestPromptHandler::test_load_prompt_single_match 
tests/e2e/test_prompt_management.py::TestPromptHandler::test_load_prompt_with_args 
[gw6] [ 17%] PASSED tests/e2e/test_prompt_management.py::TestPromptHandler::test_load_prompt_with_args 
tests/e2e/test_prompt_management.py::TestPromptHandler::test_save_prompt_empty_content 
[gw6] [ 17%] PASSED tests/e2e/test_prompt_management.py::TestPromptHandler::test_save_prompt_empty_content 
tests/e2e/test_prompt_management.py::TestPromptHandler::test_save_prompt_last_message 
[gw6] [ 17%] PASSED tests/e2e/test_prompt_management.py::TestPromptHandler::test_save_prompt_last_message 
tests/e2e/test_prompt_management.py::TestPromptHandler::test_save_prompt_no_content 
[gw6] [ 17%] PASSED tests/e2e/test_prompt_management.py::TestPromptHandler::test_save_prompt_no_content 
tests/e2e/test_prompt_management.py::TestPromptHandler::test_save_prompt_with_args 
[gw6] [ 17%] PASSED tests/e2e/test_prompt_management.py::TestPromptHandler::test_save_prompt_with_args 
tests/e2e/test_prompt_management.py::TestCLIPromptIntegration::test_get_user_input_with_prefill 
[gw6] [ 17%] PASSED tests/e2e/test_prompt_management.py::TestCLIPromptIntegration::test_get_user_input_with_prefill 
tests/e2e/test_prompt_management.py::TestCLIPromptIntegration::test_get_user_input_without_prefill 
[gw6] [ 17%] PASSED tests/e2e/test_prompt_management.py::TestCLIPromptIntegration::test_get_user_input_without_prefill 
tests/e2e/test_prompt_management.py::TestCLIPromptIntegration::test_handle_load_prompt 
[gw6] [ 18%] PASSED tests/e2e/test_prompt_management.py::TestCLIPromptIntegration::test_handle_load_prompt 
tests/e2e/test_prompt_management.py::TestCLIPromptIntegration::test_handle_save_prompt 
[gw6] [ 18%] PASSED tests/e2e/test_prompt_management.py::TestCLIPromptIntegration::test_handle_save_prompt 
tests/e2e/test_quiet_duplicate.py::TestQuietModeDuplicate::test_quiet_mode_shows_message_once_after_fix 
[gw6] [ 18%] PASSED tests/e2e/test_quiet_duplicate.py::TestQuietModeDuplicate::test_quiet_mode_shows_message_once_after_fix 
tests/e2e/test_quiet_duplicate.py::TestQuietModeDuplicate::test_quiet_mode_with_tools_shows_tool_summary 
[gw6] [ 18%] PASSED tests/e2e/test_quiet_duplicate.py::TestQuietModeDuplicate::test_quiet_mode_with_tools_shows_tool_summary 
tests/e2e/test_quiet_duplicate.py::TestQuietModeDuplicate::test_verbose_mode_shows_message_once_after_fix 
[gw6] [ 18%] PASSED tests/e2e/test_quiet_duplicate.py::TestQuietModeDuplicate::test_verbose_mode_shows_message_once_after_fix 
tests/e2e/test_quiet_duplicate.py::TestQuietModeDuplicate::test_verbose_mode_with_tools_shows_full_details 
[gw6] [ 18%] PASSED tests/e2e/test_quiet_duplicate.py::TestQuietModeDuplicate::test_verbose_mode_with_tools_shows_full_details 
tests/e2e/test_quiet_fix_verification.py::TestQuietModeFix::test_quiet_mode_fix_verified 
[gw6] [ 18%] PASSED tests/e2e/test_quiet_fix_verification.py::TestQuietModeFix::test_quiet_mode_fix_verified 
tests/e2e/test_specific_helper_bug.py::TestSpecificHelperBug::test_view_dir_tool_after_save_load 
[gw3] [ 18%] PASSED tests/e2e/test_branch_self_tracking.py::TestBranchSelfTracking::test_branch_self_tracking_after_save_load_simple 
tests/e2e/test_prompt_management.py::TestPromptManager::test_load_prompt 
[gw3] [ 18%] PASSED tests/e2e/test_prompt_management.py::TestPromptManager::test_load_prompt 
tests/e2e/test_terminal_tools.py::TestTerminalToolsStateful::test_current_directory_display 
[gw5] [ 19%] PASSED tests/e2e/test_broadcast_fp.py::test_broadcast_fp_with_skip_labels 
tests/e2e/test_broadcast_fp_wizard_complete.py::TestBroadcastFPWizardComplete::test_broadcast_fp_error_handling 
[gw6] [ 19%] PASSED tests/e2e/test_specific_helper_bug.py::TestSpecificHelperBug::test_view_dir_tool_after_save_load 
tests/e2e/test_terminal_tools.py::TestTerminalToolsStateful::test_basic_input_handling 
[gw6] [ 19%] PASSED tests/e2e/test_terminal_tools.py::TestTerminalToolsStateful::test_basic_input_handling 
tests/e2e/test_terminal_tools.py::TestTerminalToolsStateful::test_multiple_input_requests 
[gw6] [ 19%] PASSED tests/e2e/test_terminal_tools.py::TestTerminalToolsStateful::test_multiple_input_requests 
tests/e2e/test_terminal_tools.py::TestTerminalToolsStateful::test_state_preservation_through_input 
[gw3] [ 19%] PASSED tests/e2e/test_terminal_tools.py::TestTerminalToolsStateful::test_current_directory_display 
tests/e2e/test_terminal_tools.py::TestTerminalToolsStateful::test_directory_change_persistence 
[gw6] [ 19%] PASSED tests/e2e/test_terminal_tools.py::TestTerminalToolsStateful::test_state_preservation_through_input 
tests/e2e/test_terminal_tools.py::TestTerminalToolsStateful::test_stateful_basic_use 
[gw6] [ 19%] PASSED tests/e2e/test_terminal_tools.py::TestTerminalToolsStateful::test_stateful_basic_use 
tests/e2e/test_terminal_tools.py::TestTerminalToolsStateful::test_stateful_command_chain_success 
[gw6] [ 19%] PASSED tests/e2e/test_terminal_tools.py::TestTerminalToolsStateful::test_stateful_command_chain_success 
tests/e2e/test_terminal_tools.py::TestTerminalToolsStateful::test_stateful_complex_command_chain 
[gw3] [ 19%] PASSED tests/e2e/test_terminal_tools.py::TestTerminalToolsStateful::test_directory_change_persistence 
tests/e2e/test_terminal_tools.py::TestTerminalToolsStateful::test_stateful_command_chain_failure 
[gw2] [ 20%] PASSED tests/e2e/test_broadcast_fp.py::test_broadcast_fp_single_prompt 
tests/e2e/test_broadcast_fp.py::test_broadcast_fp_no_skip_parameter 
[gw6] [ 20%] PASSED tests/e2e/test_terminal_tools.py::TestTerminalToolsStateful::test_stateful_complex_command_chain 
tests/e2e/test_terminal_tools.py::TestTerminalToolsStateful::test_stateful_encoding_environment 
[gw6] [ 20%] PASSED tests/e2e/test_terminal_tools.py::TestTerminalToolsStateful::test_stateful_encoding_environment 
tests/e2e/test_terminal_tools.py::TestTerminalToolsStateful::test_stateful_line_by_line_output 
[gw6] [ 20%] PASSED tests/e2e/test_terminal_tools.py::TestTerminalToolsStateful::test_stateful_line_by_line_output 
tests/e2e/test_terminal_tools.py::TestTerminalToolsStateful::test_stateful_no_output 
[gw3] [ 20%] PASSED tests/e2e/test_terminal_tools.py::TestTerminalToolsStateful::test_stateful_command_chain_failure 
tests/e2e/test_terminal_tools.py::TestTerminalToolsStateful::test_stateful_exact_limit_output 
[gw6] [ 20%] PASSED tests/e2e/test_terminal_tools.py::TestTerminalToolsStateful::test_stateful_no_output 
tests/e2e/test_terminal_tools.py::TestTerminalToolsStateful::test_stateful_special_characters 
[gw5] [ 20%] FAILED tests/e2e/test_broadcast_fp_wizard_complete.py::TestBroadcastFPWizardComplete::test_broadcast_fp_error_handling 
tests/e2e/test_terminal_tools.py::TestTerminalToolsStateful::test_input_error_handling 
[gw6] [ 20%] PASSED tests/e2e/test_terminal_tools.py::TestTerminalToolsStateful::test_stateful_special_characters 
tests/e2e/test_terminal_tools.py::TestTerminalToolsStateful::test_stateful_utf8_output 
[gw3] [ 20%] PASSED tests/e2e/test_terminal_tools.py::TestTerminalToolsStateful::test_stateful_exact_limit_output 
tests/e2e/test_terminal_tools.py::TestTerminalToolsStateful::test_stateful_truncated_output 
[gw6] [ 20%] PASSED tests/e2e/test_terminal_tools.py::TestTerminalToolsStateful::test_stateful_utf8_output 
tests/e2e/test_terminal_tools.py::TestPowerShellErrorLogScenarios::test_bom_handling 
[gw3] [ 21%] PASSED tests/e2e/test_terminal_tools.py::TestTerminalToolsStateful::test_stateful_truncated_output 
tests/e2e/test_terminal_tools.py::TestPowerShellErrorLogScenarios::test_command_chaining_with_quotes 
[gw3] [ 21%] PASSED tests/e2e/test_terminal_tools.py::TestPowerShellErrorLogScenarios::test_command_chaining_with_quotes 
tests/e2e/test_terminal_tools.py::TestPowerShellErrorLogScenarios::test_complex_python_string_scenario_1 
[gw6] [ 21%] PASSED tests/e2e/test_terminal_tools.py::TestPowerShellErrorLogScenarios::test_bom_handling 
tests/e2e/test_terminal_tools.py::TestPowerShellErrorLogScenarios::test_command_not_found_handling 
[gw6] [ 21%] PASSED tests/e2e/test_terminal_tools.py::TestPowerShellErrorLogScenarios::test_command_not_found_handling 
tests/e2e/test_terminal_tools.py::TestPowerShellErrorLogScenarios::test_mixed_stdout_stderr_output 
[gw6] [ 21%] PASSED tests/e2e/test_terminal_tools.py::TestPowerShellErrorLogScenarios::test_mixed_stdout_stderr_output 
tests/e2e/test_terminal_tools.py::TestPowerShellErrorLogScenarios::test_python_command_with_file_operations 
[gw5] [ 21%] PASSED tests/e2e/test_terminal_tools.py::TestTerminalToolsStateful::test_input_error_handling 
tests/e2e/test_terminal_tools.py::TestTerminalToolsStateful::test_true_statefulness_between_calls 
[gw3] [ 21%] PASSED tests/e2e/test_terminal_tools.py::TestPowerShellErrorLogScenarios::test_complex_python_string_scenario_1 
tests/e2e/test_terminal_tools.py::TestPowerShellErrorLogScenarios::test_file_not_found_scenario 
[gw3] [ 21%] PASSED tests/e2e/test_terminal_tools.py::TestPowerShellErrorLogScenarios::test_file_not_found_scenario 
tests/e2e/test_terminal_tools.py::TestPowerShellUnicodeIssues::test_basic_utf8_file_creation 
[gw5] [ 21%] PASSED tests/e2e/test_terminal_tools.py::TestTerminalToolsStateful::test_true_statefulness_between_calls 
tests/e2e/test_terminal_tools.py::TestPowerShellErrorLogScenarios::test_unicode_error_handling 
[gw3] [ 22%] PASSED tests/e2e/test_terminal_tools.py::TestPowerShellUnicodeIssues::test_basic_utf8_file_creation 
tests/e2e/test_terminal_tools.py::TestPowerShellUnicodeIssues::test_bom_detection_and_handling 
[gw5] [ 22%] PASSED tests/e2e/test_terminal_tools.py::TestPowerShellErrorLogScenarios::test_unicode_error_handling 
tests/e2e/test_terminal_tools.py::TestPowerShellUnicodeIssues::test_encoding_parameter_variations 
[gw7] [ 22%] PASSED tests/e2e/test_par_branch.py::test_error_handling 
tests/e2e/test_par_branch_while_callable_fix.py::test_par_branch_while_with_unpicklable_callback 
[gw3] [ 22%] PASSED tests/e2e/test_terminal_tools.py::TestPowerShellUnicodeIssues::test_bom_detection_and_handling 
tests/e2e/test_terminal_tools.py::TestPowerShellUnicodeIssues::test_powershell_internal_encoding_setup 
[gw5] [ 22%] PASSED tests/e2e/test_terminal_tools.py::TestPowerShellUnicodeIssues::test_encoding_parameter_variations 
tests/e2e/test_terminal_tools.py::TestPowerShellUnicodeIssues::test_problematic_python_code_patterns 
[gw5] [ 22%] PASSED tests/e2e/test_terminal_tools.py::TestPowerShellUnicodeIssues::test_problematic_python_code_patterns 
tests/e2e/test_terminal_tools.py::TestPythonCommandBOMFix::test_python_command_no_bom 
[gw5] [ 22%] PASSED tests/e2e/test_terminal_tools.py::TestPythonCommandBOMFix::test_python_command_no_bom 
tests/e2e/test_terminal_tools.py::TestPythonCommandBOMFix::test_python_command_with_file_operations 
[gw3] [ 22%] PASSED tests/e2e/test_terminal_tools.py::TestPowerShellUnicodeIssues::test_powershell_internal_encoding_setup 
tests/e2e/test_terminal_tools.py::TestPythonCommandBOMFix::test_complex_python_command_with_quotes 
[gw5] [ 22%] PASSED tests/e2e/test_terminal_tools.py::TestPythonCommandBOMFix::test_python_command_with_file_operations 
tests/e2e/test_terminal_tools.py::TestPythonCommandBOMFix::test_verify_no_temp_files_with_bom 
[gw3] [ 23%] PASSED tests/e2e/test_terminal_tools.py::TestPythonCommandBOMFix::test_complex_python_command_with_quotes 
tests/e2e/test_terminal_tools.py::TestPowerShellFileCreationDebug::test_bom_handling_investigation 
[gw5] [ 23%] PASSED tests/e2e/test_terminal_tools.py::TestPythonCommandBOMFix::test_verify_no_temp_files_with_bom 
tests/e2e/test_terminal_tools.py::TestPowerShellFileCreationDebug::test_debug_file_creation_failure 
[gw10] [ 23%] PASSED tests/e2e/test_broadcast_fp.py::test_broadcast_fp_preserves_original_conversation 
tests/e2e/test_broadcast_fp.py::test_broadcast_fp_with_kwargs 
[gw9] [ 23%] PASSED tests/e2e/test_cli_style_callback.py::test_cli_like_callback_usage 
tests/e2e/test_cli_tool_crash_bug.py::TestCLIToolCrashBug::test_tool_crash_corruption_scenario 
[gw9] [ 23%] PASSED tests/e2e/test_cli_tool_crash_bug.py::TestCLIToolCrashBug::test_tool_crash_corruption_scenario 
tests/e2e/test_wizard_debug.py::TestWizardDebug::test_01_simple_chat_and_exit 
[gw3] [ 23%] PASSED tests/e2e/test_terminal_tools.py::TestPowerShellFileCreationDebug::test_bom_handling_investigation 
tests/e2e/test_terminal_tools.py::TestRegressionScenarios::test_basic_python_commands_still_work 
[gw6] [ 23%] PASSED tests/e2e/test_terminal_tools.py::TestPowerShellErrorLogScenarios::test_python_command_with_file_operations 
tests/e2e/test_terminal_tools.py::TestPowerShellErrorLogScenarios::test_quote_heavy_python_code 
[gw9] [ 23%] FAILED tests/e2e/test_wizard_debug.py::TestWizardDebug::test_01_simple_chat_and_exit 
tests/e2e/test_wizard_debug.py::TestWizardDebug::test_02_fp_command_then_exit 
[gw8] [ 23%] FAILED tests/e2e/test_cli_terminal_tool_integration.py::TestCLIRealTerminalTimeouts::test_bot_tool_usage_analysis 
tests/e2e/test_cli_terminal_tool_integration.py::TestCLIRealTerminalTimeouts::test_complex_python_file_real_bot 
[gw3] [ 24%] PASSED tests/e2e/test_terminal_tools.py::TestRegressionScenarios::test_basic_python_commands_still_work 
tests/e2e/test_wizard_debug.py::TestWizardDebug::test_03_fp_single_prompt 
[gw5] [ 24%] PASSED tests/e2e/test_terminal_tools.py::TestPowerShellFileCreationDebug::test_debug_file_creation_failure 
tests/e2e/test_terminal_tools.py::TestRegressionScenarios::test_output_limiting_still_works 
[gw5] [ 24%] PASSED tests/e2e/test_terminal_tools.py::TestRegressionScenarios::test_output_limiting_still_works 
tests/integration/test_add_tools.py::TestAddTools2::test_mixed_files_and_modules 
[gw5] [ 24%] PASSED tests/integration/test_add_tools.py::TestAddTools2::test_mixed_files_and_modules 
tests/integration/test_add_tools.py::TestAddTools2::test_multiple_files 
[gw5] [ 24%] PASSED tests/integration/test_add_tools.py::TestAddTools2::test_multiple_files 
tests/integration/test_add_tools.py::TestAddTools2::test_multiple_modules 
[gw5] [ 24%] PASSED tests/integration/test_add_tools.py::TestAddTools2::test_multiple_modules 
tests/integration/test_add_tools.py::TestAddTools2::test_multiple_save_load_cycles 
[gw6] [ 24%] PASSED tests/e2e/test_terminal_tools.py::TestPowerShellErrorLogScenarios::test_quote_heavy_python_code 
tests/e2e/test_wizard_debug.py::TestWizardDebug::test_04_fp_single_prompt_no_initial_chat 
[gw3] [ 24%] FAILED tests/e2e/test_wizard_debug.py::TestWizardDebug::test_03_fp_single_prompt 
tests/integration/test_add_tools.py::TestAddTools2::test_list_input 
[gw3] [ 24%] PASSED tests/integration/test_add_tools.py::TestAddTools2::test_list_input 
tests/integration/test_add_tools.py::TestAddTools2::test_single_file 
[gw3] [ 25%] PASSED tests/integration/test_add_tools.py::TestAddTools2::test_single_file 
tests/integration/test_add_tools.py::TestAddTools2::test_single_function 
[gw3] [ 25%] PASSED tests/integration/test_add_tools.py::TestAddTools2::test_single_function 
tests/integration/test_add_tools.py::TestAddTools2::test_single_module 
[gw9] [ 25%] FAILED tests/e2e/test_wizard_debug.py::TestWizardDebug::test_02_fp_command_then_exit 
tests/e2e/test_wizard_debug.py::TestWizardDebug::test_05_fp_single_prompt_no_redirect 
[gw3] [ 25%] PASSED tests/integration/test_add_tools.py::TestAddTools2::test_single_module 
tests/integration/test_basic.py::TestAnthropicBot::test_basic_conversation 
[gw6] [ 25%] FAILED tests/e2e/test_wizard_debug.py::TestWizardDebug::test_04_fp_single_prompt_no_initial_chat 
tests/integration/test_add_tools.py::TestAddTools2::test_save_load_mixed_sources 
[gw6] [ 25%] PASSED tests/integration/test_add_tools.py::TestAddTools2::test_save_load_mixed_sources 
tests/integration/test_basic.py::TestAnthropicBot::test_multiple_turns 
[gw9] [ 25%] FAILED tests/e2e/test_wizard_debug.py::TestWizardDebug::test_05_fp_single_prompt_no_redirect 
tests/integration/test_basic.py::TestAnthropicBot::test_custom_initialization 
[gw9] [ 25%] PASSED tests/integration/test_basic.py::TestAnthropicBot::test_custom_initialization 
tests/integration/test_basic.py::TestGPTBot::test_custom_initialization 
[gw7] [ 25%] PASSED tests/e2e/test_par_branch_while_callable_fix.py::test_par_branch_while_with_unpicklable_callback 
tests/e2e/test_terminal_tools.py::TestPowerShellUnicodeIssues::test_special_characters_in_here_strings 
[gw9] [ 26%] PASSED tests/integration/test_basic.py::TestGPTBot::test_custom_initialization 
tests/integration/test_basic.py::TestGPTBot::test_initialization 
[gw7] [ 26%] PASSED tests/e2e/test_terminal_tools.py::TestPowerShellUnicodeIssues::test_special_characters_in_here_strings 
tests/integration/test_basic.py::TestGPTBot::test_multiple_turns 
[gw11] [ 26%] PASSED tests/e2e/test_par_branch.py::test_par_branch_while_structure 
tests/e2e/test_par_branch_while_callable_fix.py::test_par_branch_while_with_picklable_condition 
[gw1] [ 26%] PASSED tests/e2e/test_broadcast_fp.py::test_broadcast_fp_chain 
tests/e2e/test_broadcast_fp.py::test_broadcast_fp_empty_skip_list 
[gw9] [ 26%] PASSED tests/integration/test_basic.py::TestGPTBot::test_initialization 
tests/integration/test_basic.py::test_bot_multiplication 
[gw9] [ 26%] PASSED tests/integration/test_basic.py::test_bot_multiplication 
tests/integration/test_bots.py::TestGPTBot::test_batch_respond 
[gw9] [ 26%] SKIPPED tests/integration/test_bots.py::TestGPTBot::test_batch_respond 
tests/integration/test_bots.py::TestAnthropicBot::test_parallel_respond 
[gw9] [ 26%] SKIPPED tests/integration/test_bots.py::TestAnthropicBot::test_parallel_respond 
tests/integration/test_code_tools.py::TestCodeTools::test_view_boundary_conditions 
[gw9] [ 26%] PASSED tests/integration/test_code_tools.py::TestCodeTools::test_view_boundary_conditions 
tests/integration/test_code_tools.py::TestCodeTools::test_view_full_file 
[gw9] [ 27%] PASSED tests/integration/test_code_tools.py::TestCodeTools::test_view_full_file 
tests/integration/test_code_tools.py::TestCodeTools::test_view_invalid_start_line 
[gw9] [ 27%] PASSED tests/integration/test_code_tools.py::TestCodeTools::test_view_invalid_start_line 
tests/integration/test_code_tools.py::TestCodeTools::test_view_string_match_at_file_boundaries 
[gw9] [ 27%] PASSED tests/integration/test_code_tools.py::TestCodeTools::test_view_string_match_at_file_boundaries 
tests/integration/test_code_tools.py::TestCodeTools::test_view_string_match_no_results 
[gw9] [ 27%] PASSED tests/integration/test_code_tools.py::TestCodeTools::test_view_string_match_no_results 
tests/integration/test_code_tools.py::TestCodeTools::test_view_with_end_line 
[gw9] [ 27%] PASSED tests/integration/test_code_tools.py::TestCodeTools::test_view_with_end_line 
tests/integration/test_code_tools.py::TestCodeTools::test_view_with_multiple_string_matches 
[gw9] [ 27%] PASSED tests/integration/test_code_tools.py::TestCodeTools::test_view_with_multiple_string_matches 
tests/integration/test_code_tools.py::TestCodeTools::test_view_with_start_and_end_line 
[gw9] [ 27%] PASSED tests/integration/test_code_tools.py::TestCodeTools::test_view_with_start_and_end_line 
tests/integration/test_code_tools.py::TestCodeTools::test_view_with_start_line 
[gw9] [ 27%] PASSED tests/integration/test_code_tools.py::TestCodeTools::test_view_with_start_line 
tests/integration/test_code_tools.py::TestCodeTools::test_view_with_string_match 
[gw9] [ 27%] PASSED tests/integration/test_code_tools.py::TestCodeTools::test_view_with_string_match 
tests/integration/test_code_tools.py::TestCodeTools::test_view_with_string_match_custom_distance 
[gw9] [ 28%] PASSED tests/integration/test_code_tools.py::TestCodeTools::test_view_with_string_match_custom_distance 
tests/integration/test_code_tools.py::TestViewDir::test_specific_extensions 
[gw9] [ 28%] PASSED tests/integration/test_code_tools.py::TestViewDir::test_specific_extensions 
tests/integration/test_comprehensive_helpers.py::TestHelperPreservationComprehensive::test_all_scenarios 
[gw9] [ 28%] PASSED tests/integration/test_comprehensive_helpers.py::TestHelperPreservationComprehensive::test_all_scenarios 
tests/integration/test_exporter_configuration.py::TestExporterConfiguration::test_config_dataclass_defaults 
[gw9] [ 28%] PASSED tests/integration/test_exporter_configuration.py::TestExporterConfiguration::test_config_dataclass_defaults 
tests/integration/test_exporter_configuration.py::TestExporterConfiguration::test_console_exporter_configuration 
[gw9] [ 28%] PASSED tests/integration/test_exporter_configuration.py::TestExporterConfiguration::test_console_exporter_configuration 
tests/integration/test_exporter_configuration.py::TestExporterConfiguration::test_console_exporter_setup 
[gw9] [ 28%] PASSED tests/integration/test_exporter_configuration.py::TestExporterConfiguration::test_console_exporter_setup 
tests/integration/test_exporter_configuration.py::TestExporterConfiguration::test_custom_exporter_configuration 
[gw9] [ 28%] PASSED tests/integration/test_exporter_configuration.py::TestExporterConfiguration::test_custom_exporter_configuration 
tests/integration/test_exporter_configuration.py::TestExporterConfiguration::test_disabled_tracing_configuration 
[gw9] [ 28%] PASSED tests/integration/test_exporter_configuration.py::TestExporterConfiguration::test_disabled_tracing_configuration 
tests/integration/test_exporter_configuration.py::TestExporterConfiguration::test_disabled_tracing_setup 
[gw9] [ 28%] PASSED tests/integration/test_exporter_configuration.py::TestExporterConfiguration::test_disabled_tracing_setup 
tests/integration/test_exporter_configuration.py::TestExporterConfiguration::test_empty_string_environment_variables 
[gw9] [ 29%] PASSED tests/integration/test_exporter_configuration.py::TestExporterConfiguration::test_empty_string_environment_variables 
tests/integration/test_exporter_configuration.py::TestExporterConfiguration::test_endpoint_url_preservation 
[gw9] [ 29%] PASSED tests/integration/test_exporter_configuration.py::TestExporterConfiguration::test_endpoint_url_preservation 
tests/integration/test_exporter_configuration.py::TestExporterConfiguration::test_environment_variable_case_insensitivity 
[gw9] [ 29%] PASSED tests/integration/test_exporter_configuration.py::TestExporterConfiguration::test_environment_variable_case_insensitivity 
tests/integration/test_exporter_configuration.py::TestExporterConfiguration::test_exporter_type_normalization 
[gw9] [ 29%] PASSED tests/integration/test_exporter_configuration.py::TestExporterConfiguration::test_exporter_type_normalization 
tests/integration/test_exporter_configuration.py::TestExporterConfiguration::test_jaeger_exporter_configuration 
[gw9] [ 29%] PASSED tests/integration/test_exporter_configuration.py::TestExporterConfiguration::test_jaeger_exporter_configuration 
tests/integration/test_exporter_configuration.py::TestExporterConfiguration::test_metrics_can_be_disabled_independently 
[gw9] [ 29%] PASSED tests/integration/test_exporter_configuration.py::TestExporterConfiguration::test_metrics_can_be_disabled_independently 
tests/integration/test_exporter_configuration.py::TestExporterConfiguration::test_metrics_console_exporter_setup 
[gw9] [ 29%] PASSED tests/integration/test_exporter_configuration.py::TestExporterConfiguration::test_metrics_console_exporter_setup 
tests/integration/test_exporter_configuration.py::TestExporterConfiguration::test_metrics_exporter_configuration 
[gw9] [ 29%] PASSED tests/integration/test_exporter_configuration.py::TestExporterConfiguration::test_metrics_exporter_configuration 
tests/integration/test_exporter_configuration.py::TestExporterConfiguration::test_metrics_follows_tracing_by_default 
[gw9] [ 29%] PASSED tests/integration/test_exporter_configuration.py::TestExporterConfiguration::test_metrics_follows_tracing_by_default 
tests/integration/test_exporter_configuration.py::TestExporterConfiguration::test_metrics_none_exporter_setup 
[gw9] [ 30%] PASSED tests/integration/test_exporter_configuration.py::TestExporterConfiguration::test_metrics_none_exporter_setup 
tests/integration/test_exporter_configuration.py::TestExporterConfiguration::test_metrics_otlp_exporter_fallback 
[gw9] [ 30%] PASSED tests/integration/test_exporter_configuration.py::TestExporterConfiguration::test_metrics_otlp_exporter_fallback 
tests/integration/test_exporter_configuration.py::TestExporterConfiguration::test_multiple_setup_calls_are_noop 
[gw9] [ 30%] PASSED tests/integration/test_exporter_configuration.py::TestExporterConfiguration::test_multiple_setup_calls_are_noop 
tests/integration/test_exporter_configuration.py::TestExporterConfiguration::test_none_exporter_configuration 
[gw9] [ 30%] PASSED tests/integration/test_exporter_configuration.py::TestExporterConfiguration::test_none_exporter_configuration 
tests/integration/test_exporter_configuration.py::TestExporterConfiguration::test_none_exporter_setup 
[gw9] [ 30%] PASSED tests/integration/test_exporter_configuration.py::TestExporterConfiguration::test_none_exporter_setup 
tests/integration/test_exporter_configuration.py::TestExporterConfiguration::test_otlp_exporter_configuration 
[gw9] [ 30%] PASSED tests/integration/test_exporter_configuration.py::TestExporterConfiguration::test_otlp_exporter_configuration 
tests/integration/test_exporter_configuration.py::TestExporterConfiguration::test_otlp_exporter_fallback_to_console 
[gw9] [ 30%] PASSED tests/integration/test_exporter_configuration.py::TestExporterConfiguration::test_otlp_exporter_fallback_to_console 
tests/integration/test_exporter_configuration.py::TestExporterConfiguration::test_runtime_exporter_switching 
[gw9] [ 30%] PASSED tests/integration/test_exporter_configuration.py::TestExporterConfiguration::test_runtime_exporter_switching 
tests/integration/test_exporter_configuration.py::TestExporterConfiguration::test_service_name_preservation 
[gw9] [ 30%] PASSED tests/integration/test_exporter_configuration.py::TestExporterConfiguration::test_service_name_preservation 
tests/integration/test_exporter_configuration.py::TestExporterConfiguration::test_whitespace_environment_variables 
[gw9] [ 30%] PASSED tests/integration/test_exporter_configuration.py::TestExporterConfiguration::test_whitespace_environment_variables 
tests/integration/test_helper_preservation.py::TestHelperPreservation::test_helper_preservation_basic 
[gw9] [ 31%] PASSED tests/integration/test_helper_preservation.py::TestHelperPreservation::test_helper_preservation_basic 
tests/integration/test_observability_integration.py::TestObservabilityIntegration::test_anthropic_bot_metrics_recording 
[gw9] [ 31%] PASSED tests/integration/test_observability_integration.py::TestObservabilityIntegration::test_anthropic_bot_metrics_recording 
tests/integration/test_observability_integration.py::TestObservabilityIntegration::test_callbacks_integration 
[gw9] [ 31%] SKIPPED tests/integration/test_observability_integration.py::TestObservabilityIntegration::test_callbacks_integration 
tests/integration/test_observability_integration.py::TestObservabilityIntegration::test_cost_calculation_accuracy 
[gw9] [ 31%] PASSED tests/integration/test_observability_integration.py::TestObservabilityIntegration::test_cost_calculation_accuracy 
tests/integration/test_observability_integration.py::TestObservabilityIntegration::test_error_metrics_recording 
[gw3] [ 31%] PASSED tests/integration/test_basic.py::TestAnthropicBot::test_basic_conversation 
tests/integration/test_basic.py::TestAnthropicBot::test_initialization 
[gw3] [ 31%] PASSED tests/integration/test_basic.py::TestAnthropicBot::test_initialization 
tests/integration/test_observability_integration.py::TestObservabilityIntegration::test_metrics_disabled_gracefully 
[gw3] [ 31%] PASSED tests/integration/test_observability_integration.py::TestObservabilityIntegration::test_metrics_disabled_gracefully 
tests/integration/test_observability_integration.py::TestObservabilityIntegration::test_openai_bot_metrics_recording 
[gw5] [ 31%] PASSED tests/integration/test_add_tools.py::TestAddTools2::test_multiple_save_load_cycles 
tests/integration/test_add_tools.py::TestAddTools2::test_save_load_dynamic_function 
[gw5] [ 31%] PASSED tests/integration/test_add_tools.py::TestAddTools2::test_save_load_dynamic_function 
tests/integration/test_observability_integration.py::TestObservabilityIntegration::test_tool_execution_metrics 
[gw5] [ 32%] PASSED tests/integration/test_observability_integration.py::TestObservabilityIntegration::test_tool_execution_metrics 
tests/integration/test_prompt_naming.py::test_prompt_naming 
[gw3] [ 32%] PASSED tests/integration/test_observability_integration.py::TestObservabilityIntegration::test_openai_bot_metrics_recording 
tests/integration/test_observability_integration.py::TestObservabilityIntegration::test_opentelemetry_callbacks_integration 
[gw3] [ 32%] PASSED tests/integration/test_observability_integration.py::TestObservabilityIntegration::test_opentelemetry_callbacks_integration 
tests/integration/test_prompt_naming_fixed.py::test_fixed_naming 
[gw7] [ 32%] PASSED tests/integration/test_basic.py::TestGPTBot::test_multiple_turns 
tests/integration/test_bots.py::TestBaseBot::test_batch_respond 
[gw7] [ 32%] SKIPPED tests/integration/test_bots.py::TestBaseBot::test_batch_respond 
tests/integration/test_save_load_anthropic.py::TestSaveLoadAnthropic::test_branch_self_frame_inspection_hypothesis 
[gw11] [ 32%] PASSED tests/e2e/test_par_branch_while_callable_fix.py::test_par_branch_while_with_picklable_condition 
tests/integration/test_bots.py::TestBaseBot::test_respond 
[gw11] [ 32%] PASSED tests/integration/test_bots.py::TestBaseBot::test_respond 
tests/integration/test_save_load_anthropic.py::TestSaveLoadAnthropic::test_branch_self_tool_result_missing_from_responses 
[gw9] [ 32%] PASSED tests/integration/test_observability_integration.py::TestObservabilityIntegration::test_error_metrics_recording 
tests/integration/test_observability_integration.py::TestObservabilityIntegration::test_gemini_bot_metrics_recording 
[gw9] [ 32%] PASSED tests/integration/test_observability_integration.py::TestObservabilityIntegration::test_gemini_bot_metrics_recording 
tests/integration/test_save_load_anthropic.py::TestSaveLoadAnthropic::test_callable_tool_persistence 
[gw9] [ 33%] PASSED tests/integration/test_save_load_anthropic.py::TestSaveLoadAnthropic::test_callable_tool_persistence 
tests/integration/test_save_load_anthropic.py::TestSaveLoadAnthropic::test_corrupted_save 
[gw9] [ 33%] PASSED tests/integration/test_save_load_anthropic.py::TestSaveLoadAnthropic::test_corrupted_save 
tests/integration/test_save_load_anthropic.py::TestSaveLoadAnthropic::test_custom_attributes 
[gw9] [ 33%] PASSED tests/integration/test_save_load_anthropic.py::TestSaveLoadAnthropic::test_custom_attributes 
tests/integration/test_save_load_anthropic.py::TestSaveLoadAnthropic::test_file_creation 
[gw9] [ 33%] PASSED tests/integration/test_save_load_anthropic.py::TestSaveLoadAnthropic::test_file_creation 
tests/integration/test_save_load_anthropic.py::TestSaveLoadAnthropic::test_mixed_tool_sources 
[gw6] [ 33%] PASSED tests/integration/test_basic.py::TestAnthropicBot::test_multiple_turns 
tests/integration/test_basic.py::TestGPTBot::test_basic_conversation 
[gw0] [ 33%] FAILED tests/e2e/test_cli.py::TestFunctionalPrompts::test_fp_command_basic 
tests/e2e/test_par_branch_while_callable_fix.py::test_callback_is_called_after_threads 
[gw11] [ 33%] SKIPPED tests/integration/test_save_load_anthropic.py::TestSaveLoadAnthropic::test_branch_self_tool_result_missing_from_responses 
tests/integration/test_save_load_anthropic.py::TestSaveLoadAnthropic::test_branch_tool_result_integration_issue 
[gw3] [ 33%] PASSED tests/integration/test_prompt_naming_fixed.py::test_fixed_naming 
tests/integration/test_save_load_anthropic.py::TestSaveLoadAnthropic::test_basic_save_load 
[gw3] [ 33%] PASSED tests/integration/test_save_load_anthropic.py::TestSaveLoadAnthropic::test_basic_save_load 
tests/integration/test_save_load_anthropic.py::TestSaveLoadAnthropic::test_save_load_with_module_tools 
[gw3] [ 34%] PASSED tests/integration/test_save_load_anthropic.py::TestSaveLoadAnthropic::test_save_load_with_module_tools 
tests/integration/test_save_load_anthropic.py::TestSaveLoadAnthropic::test_save_load_with_tool_use 
[gw6] [ 34%] PASSED tests/integration/test_basic.py::TestGPTBot::test_basic_conversation 
tests/integration/test_save_load_anthropic.py::TestSaveLoadAnthropic::test_save_load_after_conversation 
[gw0] [ 34%] PASSED tests/e2e/test_par_branch_while_callable_fix.py::test_callback_is_called_after_threads 
tests/integration/test_save_load_anthropic.py::TestSaveLoadAnthropic::test_save_load_empty_bot 
[gw7] [ 34%] PASSED tests/integration/test_save_load_anthropic.py::TestSaveLoadAnthropic::test_branch_self_frame_inspection_hypothesis 
tests/integration/test_save_load_anthropic.py::TestSaveLoadAnthropic::test_branch_self_tool_execution_vs_response_integration 
[gw7] [ 34%] SKIPPED tests/integration/test_save_load_anthropic.py::TestSaveLoadAnthropic::test_branch_self_tool_execution_vs_response_integration 
tests/integration/test_save_load_anthropic.py::TestSaveLoadAnthropic::test_tool_execution_results 
[gw0] [ 34%] PASSED tests/integration/test_save_load_anthropic.py::TestSaveLoadAnthropic::test_save_load_empty_bot 
tests/integration/test_save_load_anthropic.py::TestSaveLoadAnthropic::test_self_tools_get_calling_bot_issue 
[gw7] [ 34%] PASSED tests/integration/test_save_load_anthropic.py::TestSaveLoadAnthropic::test_tool_execution_results 
tests/integration/test_save_load_anthropic.py::TestSaveLoadAnthropic::test_wo013_autosave_uses_quicksave 
[gw7] [ 34%] PASSED tests/integration/test_save_load_anthropic.py::TestSaveLoadAnthropic::test_wo013_autosave_uses_quicksave 
tests/integration/test_save_load_anthropic.py::TestSaveLoadAnthropic::test_wo013_load_uses_most_recent_reply 
[gw11] [ 34%] SKIPPED tests/integration/test_save_load_anthropic.py::TestSaveLoadAnthropic::test_branch_tool_result_integration_issue 
tests/integration/test_save_load_anthropic.py::TestSaveLoadAnthropic::test_save_load_with_file_tools 
[gw11] [ 35%] PASSED tests/integration/test_save_load_anthropic.py::TestSaveLoadAnthropic::test_save_load_with_file_tools 
tests/integration/test_save_load_anthropic.py::TestSaveLoadAnthropic::test_working_directory_independence 
[gw11] [ 35%] PASSED tests/integration/test_save_load_anthropic.py::TestSaveLoadAnthropic::test_working_directory_independence 
tests/integration/test_save_load_anthropic.py::TestDebugImports::test_branch_self_globals_investigation 
[gw9] [ 35%] PASSED tests/integration/test_save_load_anthropic.py::TestSaveLoadAnthropic::test_mixed_tool_sources 
tests/integration/test_save_load_anthropic.py::TestSaveLoadAnthropic::test_module_tool_persistence 
[gw9] [ 35%] PASSED tests/integration/test_save_load_anthropic.py::TestSaveLoadAnthropic::test_module_tool_persistence 
tests/integration/test_save_load_anthropic.py::TestDebugImports::test_mockbot_multiple_tool_simulation 
[gw11] [ 35%] PASSED tests/integration/test_save_load_anthropic.py::TestDebugImports::test_branch_self_globals_investigation 
tests/integration/test_save_load_anthropic.py::TestDebugImports::test_import_addition_detailed 
[gw11] [ 35%] PASSED tests/integration/test_save_load_anthropic.py::TestDebugImports::test_import_addition_detailed 
tests/integration/test_save_load_anthropic.py::TestDebugImports::test_namespace_contents 
[gw9] [ 35%] PASSED tests/integration/test_save_load_anthropic.py::TestDebugImports::test_mockbot_multiple_tool_simulation 
tests/integration/test_save_load_anthropic.py::TestDebugImports::test_mockbot_tool_registration_and_basic_functionality 
[gw11] [ 35%] PASSED tests/integration/test_save_load_anthropic.py::TestDebugImports::test_namespace_contents 
tests/integration/test_save_load_anthropic.py::TestDebugImports::test_self_tools_module_investigation 
[gw11] [ 35%] PASSED tests/integration/test_save_load_anthropic.py::TestDebugImports::test_self_tools_module_investigation 
tests/integration/test_save_load_debug.py::TestSaveLoadDebug::test_debug_save_load_process 
[gw9] [ 36%] PASSED tests/integration/test_save_load_anthropic.py::TestDebugImports::test_mockbot_tool_registration_and_basic_functionality 
tests/integration/test_save_load_anthropic.py::TestDebugImports::test_simple_json_function 
[gw11] [ 36%] PASSED tests/integration/test_save_load_debug.py::TestSaveLoadDebug::test_debug_save_load_process 
tests/integration/test_save_load_gemini.py::TestSaveLoadGemini::test_basic_save_load 
[gw0] [ 36%] PASSED tests/integration/test_save_load_anthropic.py::TestSaveLoadAnthropic::test_self_tools_get_calling_bot_issue 
tests/integration/test_save_load_anthropic.py::TestSaveLoadAnthropic::test_wo013_filename_tracking 
[gw11] [ 36%] PASSED tests/integration/test_save_load_gemini.py::TestSaveLoadGemini::test_basic_save_load 
tests/integration/test_save_load_gemini.py::TestSaveLoadGemini::test_custom_attributes 
[gw9] [ 36%] PASSED tests/integration/test_save_load_anthropic.py::TestDebugImports::test_simple_json_function 
tests/integration/test_save_load_gemini.py::TestSaveLoadGemini::test_corrupted_save 
[gw9] [ 36%] PASSED tests/integration/test_save_load_gemini.py::TestSaveLoadGemini::test_corrupted_save 
tests/integration/test_save_load_gemini.py::TestGeminiSpecificFeatures::test_gemini_node_message_building 
[gw9] [ 36%] PASSED tests/integration/test_save_load_gemini.py::TestGeminiSpecificFeatures::test_gemini_node_message_building 
tests/integration/test_save_load_gemini.py::TestGeminiSpecificFeatures::test_gemini_tool_handler_schema_generation 
[gw9] [ 36%] PASSED tests/integration/test_save_load_gemini.py::TestGeminiSpecificFeatures::test_gemini_tool_handler_schema_generation 
tests/integration/test_save_load_gemini.py::TestGeminiIntegration::test_multiple_conversation_turns 
[gw6] [ 36%] PASSED tests/integration/test_save_load_anthropic.py::TestSaveLoadAnthropic::test_save_load_after_conversation 
tests/integration/test_save_load_anthropic.py::TestSaveLoadAnthropic::test_self_tools_branch_functionality 
[gw3] [ 37%] PASSED tests/integration/test_save_load_anthropic.py::TestSaveLoadAnthropic::test_save_load_with_tool_use 
tests/integration/test_save_load_anthropic.py::TestSaveLoadAnthropic::test_self_tools_add_tools_functionality 
[gw0] [ 37%] PASSED tests/integration/test_save_load_anthropic.py::TestSaveLoadAnthropic::test_wo013_filename_tracking 
tests/integration/test_save_load_gemini.py::TestSaveLoadGemini::test_file_creation 
[gw0] [ 37%] PASSED tests/integration/test_save_load_gemini.py::TestSaveLoadGemini::test_file_creation 
tests/integration/test_save_load_matrix.py::TestSaveLoadMatrix::test_helper_function_preservation 
[gw0] [ 37%] PASSED tests/integration/test_save_load_matrix.py::TestSaveLoadMatrix::test_helper_function_preservation 
tests/integration/test_save_load_matrix.py::TestSaveLoadMatrix::test_matrix 
[gw0] [ 37%] PASSED tests/integration/test_save_load_matrix.py::TestSaveLoadMatrix::test_matrix 
tests/integration/test_powershell_tool/test_terminal_timeout.py::TestPowerShellTimeoutDebug::test_alternative_wrapping_approach 
[gw11] [ 37%] PASSED tests/integration/test_save_load_gemini.py::TestSaveLoadGemini::test_custom_attributes 
tests/integration/test_save_load_gemini.py::TestGeminiSpecificFeatures::test_gemini_mailbox_api_key_handling 
[gw11] [ 37%] PASSED tests/integration/test_save_load_gemini.py::TestGeminiSpecificFeatures::test_gemini_mailbox_api_key_handling 
tests/integration/test_powershell_tool/test_terminal_timeout.py::TestPowerShellTimeoutDebug::test_error_in_wrapped_code 
[gw11] [ 37%] PASSED tests/integration/test_powershell_tool/test_terminal_timeout.py::TestPowerShellTimeoutDebug::test_error_in_wrapped_code 
tests/integration/test_powershell_tool/test_terminal_timeout.py::TestPowerShellTimeoutDebug::test_here_string_basic 
[gw11] [ 37%] PASSED tests/integration/test_powershell_tool/test_terminal_timeout.py::TestPowerShellTimeoutDebug::test_here_string_basic 
tests/integration/test_powershell_tool/test_terminal_timeout.py::TestPowerShellTimeoutDebug::test_here_string_multiline 
[gw11] [ 38%] PASSED tests/integration/test_powershell_tool/test_terminal_timeout.py::TestPowerShellTimeoutDebug::test_here_string_multiline 
tests/integration/test_powershell_tool/test_terminal_timeout.py::TestPowerShellTimeoutDebug::test_here_string_terminal_behavior 
[gw3] [ 38%] PASSED tests/integration/test_save_load_anthropic.py::TestSaveLoadAnthropic::test_self_tools_add_tools_functionality 
tests/integration/test_save_load_gemini.py::TestGeminiIntegration::test_real_tool_usage_and_persistence 
[gw7] [ 38%] PASSED tests/integration/test_save_load_anthropic.py::TestSaveLoadAnthropic::test_wo013_load_uses_most_recent_reply 
tests/integration/test_save_load_anthropic.py::TestSaveLoadAnthropic::test_wo013_quicksave_behavior 
[gw7] [ 38%] PASSED tests/integration/test_save_load_anthropic.py::TestSaveLoadAnthropic::test_wo013_quicksave_behavior 
tests/integration/test_powershell_tool/test_terminal_timeout.py::TestPowerShellTimeoutDebug::test_here_string_with_special_chars 
[gw7] [ 38%] PASSED tests/integration/test_powershell_tool/test_terminal_timeout.py::TestPowerShellTimeoutDebug::test_here_string_with_special_chars 
tests/integration/test_powershell_tool/test_terminal_timeout.py::TestPowerShellTimeoutDebug::test_problematic_python_code_here_string 
[gw6] [ 38%] PASSED tests/integration/test_save_load_anthropic.py::TestSaveLoadAnthropic::test_self_tools_branch_functionality 
tests/integration/test_save_load_gemini.py::TestGeminiIntegration::test_real_error_handling 
[gw11] [ 38%] PASSED tests/integration/test_powershell_tool/test_terminal_timeout.py::TestPowerShellTimeoutDebug::test_here_string_terminal_behavior 
tests/integration/test_powershell_tool/test_terminal_timeout.py::TestPowerShellTimeoutDebug::test_here_string_with_empty_lines 
[gw6] [ 38%] PASSED tests/integration/test_save_load_gemini.py::TestGeminiIntegration::test_real_error_handling 
tests/integration/test_powershell_tool/test_terminal_timeout.py::TestPowerShellTimeoutDebug::test_simple_vs_complex_wrapping 
[gw11] [ 38%] PASSED tests/integration/test_powershell_tool/test_terminal_timeout.py::TestPowerShellTimeoutDebug::test_here_string_with_empty_lines 
tests/integration/test_powershell_tool/test_terminal_timeout.py::TestPowerShellTimeoutDebug::test_stdin_write_behavior 
[gw9] [ 39%] PASSED tests/integration/test_save_load_gemini.py::TestGeminiIntegration::test_multiple_conversation_turns 
tests/integration/test_save_load_gemini.py::TestGeminiIntegration::test_real_conversation_and_save_load 
[gw3] [ 39%] PASSED tests/integration/test_save_load_gemini.py::TestGeminiIntegration::test_real_tool_usage_and_persistence 
tests/integration/test_powershell_tool/test_terminal_timeout.py::TestPowerShellTimeoutDebug::test_here_string_with_pipe 
[gw3] [ 39%] PASSED tests/integration/test_powershell_tool/test_terminal_timeout.py::TestPowerShellTimeoutDebug::test_here_string_with_pipe 
tests/integration/test_powershell_tool/test_terminal_timeout_advanced.py::TestPowerShellAdvancedDiagnostics::test_concurrent_io_patterns 
[gw3] [ 39%] PASSED tests/integration/test_powershell_tool/test_terminal_timeout_advanced.py::TestPowerShellAdvancedDiagnostics::test_concurrent_io_patterns 
tests/integration/test_powershell_tool/test_terminal_timeout_advanced.py::TestPowerShellAdvancedDiagnostics::test_delimiter_in_different_contexts 
[gw9] [ 39%] PASSED tests/integration/test_save_load_gemini.py::TestGeminiIntegration::test_real_conversation_and_save_load 
tests/integration/test_powershell_tool/test_terminal_timeout_advanced.py::TestPowerShellAdvancedDiagnostics::test_command_preprocessing 
[gw9] [ 39%] PASSED tests/integration/test_powershell_tool/test_terminal_timeout_advanced.py::TestPowerShellAdvancedDiagnostics::test_command_preprocessing 
tests/integration/test_powershell_tool/test_terminal_timeout_advanced.py::TestPowerShellAdvancedDiagnostics::test_exact_problematic_command 
[gw6] [ 39%] PASSED tests/integration/test_powershell_tool/test_terminal_timeout.py::TestPowerShellTimeoutDebug::test_simple_vs_complex_wrapping 
tests/integration/test_powershell_tool/test_terminal_timeout.py::TestPowerShellTimeoutDebug::test_wrap_code_safely_output 
[gw0] [ 39%] PASSED tests/integration/test_powershell_tool/test_terminal_timeout.py::TestPowerShellTimeoutDebug::test_alternative_wrapping_approach 
tests/integration/test_powershell_tool/test_terminal_timeout.py::TestPowerShellTimeoutDebug::test_delimiter_detection 
[gw0] [ 39%] PASSED tests/integration/test_powershell_tool/test_terminal_timeout.py::TestPowerShellTimeoutDebug::test_delimiter_detection 
tests/integration/test_powershell_tool/test_terminal_timeout_advanced.py::TestPowerShellAdvancedDiagnostics::test_queue_blocking_scenarios 
[gw11] [ 40%] PASSED tests/integration/test_powershell_tool/test_terminal_timeout.py::TestPowerShellTimeoutDebug::test_stdin_write_behavior 
tests/integration/test_powershell_tool/test_terminal_timeout_advanced.py::TestPowerShellAdvancedDiagnostics::test_buffer_size_impact 
[gw0] [ 40%] PASSED tests/integration/test_powershell_tool/test_terminal_timeout_advanced.py::TestPowerShellAdvancedDiagnostics::test_queue_blocking_scenarios 
tests/integration/test_powershell_tool/test_terminal_timeout_advanced.py::TestPowerShellAdvancedDiagnostics::test_reader_thread_health 
[gw11] [ 40%] PASSED tests/integration/test_powershell_tool/test_terminal_timeout_advanced.py::TestPowerShellAdvancedDiagnostics::test_buffer_size_impact 
tests/integration/test_powershell_tool/test_terminal_timeout_advanced.py::TestPowerShellAdvancedDiagnostics::test_whitespace_impact 
[gw0] [ 40%] PASSED tests/integration/test_powershell_tool/test_terminal_timeout_advanced.py::TestPowerShellAdvancedDiagnostics::test_reader_thread_health 
tests/integration/test_powershell_tool/test_terminal_tools_production_cases.py::TestPowerShellProductionEdgeCases::test_here_string_after_error 
[gw0] [ 40%] PASSED tests/integration/test_powershell_tool/test_terminal_tools_production_cases.py::TestPowerShellProductionEdgeCases::test_here_string_after_error 
tests/integration/test_powershell_tool/test_terminal_tools_production_cases.py::TestPowerShellProductionEdgeCases::test_here_string_stress_test 
[gw0] [ 40%] PASSED tests/integration/test_powershell_tool/test_terminal_tools_production_cases.py::TestPowerShellProductionEdgeCases::test_here_string_stress_test 
tests/integration/test_powershell_tool/test_terminal_tools_production_cases.py::TestPowerShellProductionEdgeCases::test_here_string_with_bom_removal_interaction 
[gw0] [ 40%] PASSED tests/integration/test_powershell_tool/test_terminal_tools_production_cases.py::TestPowerShellProductionEdgeCases::test_here_string_with_bom_removal_interaction 
tests/integration/test_powershell_tool/test_terminal_tools_production_cases.py::TestPowerShellProductionEdgeCases::test_here_string_with_powershell_special_vars 
[gw0] [ 40%] PASSED tests/integration/test_powershell_tool/test_terminal_tools_production_cases.py::TestPowerShellProductionEdgeCases::test_here_string_with_powershell_special_vars 
tests/integration/test_powershell_tool/test_terminal_tools_production_cases.py::TestPowerShellProductionEdgeCases::test_here_string_with_thread_contention 
[gw5] [ 40%] PASSED tests/integration/test_prompt_naming.py::test_prompt_naming 
tests/integration/test_prompt_naming.py::test_fallback_only 
[gw5] [ 40%] PASSED tests/integration/test_prompt_naming.py::test_fallback_only 
tests/integration/test_powershell_tool/test_terminal_tools_production_cases.py::TestPowerShellProductionEdgeCases::test_modified_wrap_code_safely 
[gw0] [ 41%] PASSED tests/integration/test_powershell_tool/test_terminal_tools_production_cases.py::TestPowerShellProductionEdgeCases::test_here_string_with_thread_contention 
tests/integration/test_powershell_tool/test_terminal_tools_production_cases.py::TestPowerShellProductionEdgeCases::test_here_string_with_very_long_lines 
[gw0] [ 41%] PASSED tests/integration/test_powershell_tool/test_terminal_tools_production_cases.py::TestPowerShellProductionEdgeCases::test_here_string_with_very_long_lines 
tests/integration/test_powershell_tool/test_terminal_tools_production_cases.py::TestPowerShellProductionEdgeCases::test_rapid_succession_commands 
[gw5] [ 41%] PASSED tests/integration/test_powershell_tool/test_terminal_tools_production_cases.py::TestPowerShellProductionEdgeCases::test_modified_wrap_code_safely 
tests/integration/test_powershell_tool/test_terminal_tools_production_cases.py::TestPowerShellProductionEdgeCases::test_powershell_version_and_environment 
[gw0] [ 41%] PASSED tests/integration/test_powershell_tool/test_terminal_tools_production_cases.py::TestPowerShellProductionEdgeCases::test_rapid_succession_commands 
tests/integration/test_powershell_tool/test_terminal_tools_production_cases.py::TestPowerShellProductionEdgeCases::test_stateful_session_reuse_with_here_strings 
[gw0] [ 41%] PASSED tests/integration/test_powershell_tool/test_terminal_tools_production_cases.py::TestPowerShellProductionEdgeCases::test_stateful_session_reuse_with_here_strings 
tests/integration/test_python_edit/test_comprehensive_failure_cases.py::test_comprehensive_failure_cases 
[gw0] [ 41%] PASSED tests/integration/test_python_edit/test_comprehensive_failure_cases.py::test_comprehensive_failure_cases 
tests/integration/test_python_edit/test_empty_string_deletion.py::test_empty_string_deletes_entire_file 
[gw0] [ 41%] PASSED tests/integration/test_python_edit/test_empty_string_deletion.py::test_empty_string_deletes_entire_file 
tests/integration/test_python_edit/test_empty_string_deletion.py::test_empty_string_deletes_function 
[gw0] [ 41%] PASSED tests/integration/test_python_edit/test_empty_string_deletion.py::test_empty_string_deletes_function 
tests/integration/test_python_edit/test_empty_string_deletion.py::test_empty_string_deletes_class 
[gw0] [ 41%] PASSED tests/integration/test_python_edit/test_empty_string_deletion.py::test_empty_string_deletes_class 
tests/integration/test_python_edit/test_empty_string_deletion.py::test_empty_string_deletes_method 
[gw5] [ 42%] PASSED tests/integration/test_powershell_tool/test_terminal_tools_production_cases.py::TestPowerShellProductionEdgeCases::test_powershell_version_and_environment 
tests/integration/test_python_edit/test_class_replace.py::test_class_method_replacement 
[gw0] [ 42%] PASSED tests/integration/test_python_edit/test_empty_string_deletion.py::test_empty_string_deletes_method 
tests/integration/test_python_edit/test_empty_string_deletion.py::test_empty_string_deletes_nested_class 
[gw5] [ 42%] PASSED tests/integration/test_python_edit/test_class_replace.py::test_class_method_replacement 
[gw0] [ 42%] PASSED tests/integration/test_python_edit/test_empty_string_deletion.py::test_empty_string_deletes_nested_class 
tests/integration/test_python_edit/test_empty_string_deletion.py::test_empty_string_deletes_nested_function 
tests/integration/test_python_edit/test_empty_string_deletion.py::test_empty_string_with_insert_after_fails 
[gw0] [ 42%] PASSED tests/integration/test_python_edit/test_empty_string_deletion.py::test_empty_string_with_insert_after_fails 
tests/integration/test_python_edit/test_empty_string_deletion.py::test_empty_string_preserves_file_structure 
[gw5] [ 42%] PASSED tests/integration/test_python_edit/test_empty_string_deletion.py::test_empty_string_deletes_nested_function 
tests/integration/test_python_edit/test_empty_string_deletion.py::test_empty_string_nonexistent_scope_fails 
[gw5] [ 42%] PASSED tests/integration/test_python_edit/test_empty_string_deletion.py::test_empty_string_nonexistent_scope_fails 
tests/integration/test_python_edit/test_method_replacement_bugs.py::test_method_replacement_with_imports_bug 
[gw0] [ 42%] PASSED tests/integration/test_python_edit/test_empty_string_deletion.py::test_empty_string_preserves_file_structure 
tests/integration/test_python_edit/test_empty_string_deletion.py::test_empty_string_with_complex_class 
[gw0] [ 42%] PASSED tests/integration/test_python_edit/test_empty_string_deletion.py::test_empty_string_with_complex_class 
[gw5] [ 43%] PASSED tests/integration/test_python_edit/test_method_replacement_bugs.py::test_method_replacement_with_imports_bug 
tests/integration/test_python_edit/test_python_edit.py::test_file_start_insertion 
tests/integration/test_python_edit/test_python_edit.py::test_basic_file_level_edit 
[gw0] [ 43%] PASSED tests/integration/test_python_edit/test_python_edit.py::test_file_start_insertion 
[gw5] [ 43%] PASSED tests/integration/test_python_edit/test_python_edit.py::test_basic_file_level_edit 
tests/integration/test_python_edit/test_python_edit.py::test_class_replacement 
tests/integration/test_python_edit/test_python_edit.py::test_nested_class_method 
[gw5] [ 43%] PASSED tests/integration/test_python_edit/test_python_edit.py::test_nested_class_method 
tests/integration/test_python_edit/test_python_edit.py::test_insert_after_scope 
[gw0] [ 43%] PASSED tests/integration/test_python_edit/test_python_edit.py::test_class_replacement 
tests/integration/test_python_edit/test_python_edit.py::test_nested_function 
[gw5] [ 43%] PASSED tests/integration/test_python_edit/test_python_edit.py::test_insert_after_scope 
tests/integration/test_python_edit/test_python_edit.py::test_import_handling 
[gw0] [ 43%] PASSED tests/integration/test_python_edit/test_python_edit.py::test_nested_function 
tests/integration/test_python_edit/test_python_edit.py::test_decorated_method 
[gw5] [ 43%] PASSED tests/integration/test_python_edit/test_python_edit.py::test_import_handling 
tests/integration/test_python_edit/test_python_edit.py::test_error_invalid_scope 
[gw0] [ 43%] PASSED tests/integration/test_python_edit/test_python_edit.py::test_decorated_method 
tests/integration/test_python_edit/test_python_edit.py::test_error_ambiguous_insert 
[gw5] [ 44%] PASSED tests/integration/test_python_edit/test_python_edit.py::test_error_invalid_scope 
tests/integration/test_python_edit/test_python_edit.py::test_error_invalid_code 
[gw0] [ 44%] PASSED tests/integration/test_python_edit/test_python_edit.py::test_error_ambiguous_insert 
tests/integration/test_python_edit/test_python_edit.py::test_async_function 
[gw5] [ 44%] PASSED tests/integration/test_python_edit/test_python_edit.py::test_error_invalid_code 
tests/integration/test_python_edit/test_python_edit.py::test_indentation_preservation 
[gw0] [ 44%] PASSED tests/integration/test_python_edit/test_python_edit.py::test_async_function 
tests/integration/test_python_edit/test_python_edit.py::test_empty_file 
[gw0] [ 44%] PASSED tests/integration/test_python_edit/test_python_edit.py::test_empty_file 
tests/integration/test_python_edit/test_python_edit.py::test_indentation_in_class 
[gw5] [ 44%] PASSED tests/integration/test_python_edit/test_python_edit.py::test_indentation_preservation 
tests/integration/test_python_edit/test_python_edit.py::test_multiline_imports 
[gw5] [ 44%] PASSED tests/integration/test_python_edit/test_python_edit.py::test_multiline_imports 
[gw0] [ 44%] PASSED tests/integration/test_python_edit/test_python_edit.py::test_indentation_in_class 
tests/integration/test_python_edit/test_python_edit.py::test_file_start_insertion_with_imports 
tests/integration/test_python_edit/test_python_edit.py::test_file_start_insertion_empty 
[gw5] [ 44%] PASSED tests/integration/test_python_edit/test_python_edit.py::test_file_start_insertion_with_imports 
tests/integration/test_python_edit/test_python_edit.py::test_file_start_insertion_with_code 
[gw0] [ 45%] PASSED tests/integration/test_python_edit/test_python_edit.py::test_file_start_insertion_empty 
tests/integration/test_python_edit/test_python_edit.py::test_file_start_insertion_multiple 
[gw5] [ 45%] PASSED tests/integration/test_python_edit/test_python_edit.py::test_file_start_insertion_with_code 
tests/integration/test_python_edit/test_python_edit.py::test_file_end_insertion 
[gw0] [ 45%] PASSED tests/integration/test_python_edit/test_python_edit.py::test_file_start_insertion_multiple 
tests/integration/test_python_edit/test_python_edit.py::test_file_end_insertion_empty 
[gw0] [ 45%] PASSED tests/integration/test_python_edit/test_python_edit.py::test_file_end_insertion_empty 
tests/integration/test_python_edit/test_python_edit.py::test_file_end_insertion_multiple 
[gw5] [ 45%] PASSED tests/integration/test_python_edit/test_python_edit.py::test_file_end_insertion 
tests/integration/test_python_edit/test_python_edit.py::test_file_end_insertion_with_existing_code 
[gw0] [ 45%] PASSED tests/integration/test_python_edit/test_python_edit.py::test_file_end_insertion_multiple 
tests/integration/test_python_edit/test_python_edit.py::test_file_end_insertion_with_functions 
[gw0] [ 45%] PASSED tests/integration/test_python_edit/test_python_edit.py::test_file_end_insertion_with_functions 
tests/integration/test_python_edit/test_python_edit.py::test_minimal_edit 
[gw0] [ 45%] PASSED tests/integration/test_python_edit/test_python_edit.py::test_minimal_edit 
[gw5] [ 45%] PASSED tests/integration/test_python_edit/test_python_edit.py::test_file_end_insertion_with_existing_code 
tests/integration/test_python_edit/test_python_edit.py::test_ast_unparse_behavior 
tests/integration/test_python_edit/test_python_edit.py::test_line_insert_exact_preservation 
[gw0] [ 46%] PASSED tests/integration/test_python_edit/test_python_edit.py::test_ast_unparse_behavior 
tests/integration/test_python_edit/test_python_edit.py::test_fstring_edit_integration 
[gw5] [ 46%] PASSED tests/integration/test_python_edit/test_python_edit.py::test_line_insert_exact_preservation 
tests/integration/test_python_edit/test_python_edit.py::test_edit_fstring_function 
[gw5] [ 46%] PASSED tests/integration/test_python_edit/test_python_edit.py::test_edit_fstring_function 
tests/integration/test_python_edit/test_python_edit.py::test_various_apostrophe_patterns 
[gw0] [ 46%] PASSED tests/integration/test_python_edit/test_python_edit.py::test_fstring_edit_integration 
tests/integration/test_python_edit/test_python_edit.py::test_class_with_fstring_methods 
[gw0] [ 46%] PASSED tests/integration/test_python_edit/test_python_edit.py::test_class_with_fstring_methods 
tests/integration/test_python_edit/test_python_edit.py::test_decorated_function_with_tool_handler 
[gw5] [ 46%] PASSED tests/integration/test_python_edit/test_python_edit.py::test_various_apostrophe_patterns 
tests/integration/test_python_edit/test_python_edit.py::test_decorated_function_import_capture 
[gw0] [ 46%] PASSED tests/integration/test_python_edit/test_python_edit.py::test_decorated_function_with_tool_handler 
[gw5] [ 46%] PASSED tests/integration/test_python_edit/test_python_edit.py::test_decorated_function_import_capture 
tests/integration/test_python_edit/test_python_edit.py::test_empty_file_message_format 
tests/integration/test_python_edit/test_python_edit.py::test_import_capture_regression 
[gw0] [ 46%] PASSED tests/integration/test_python_edit/test_python_edit.py::test_import_capture_regression 
[gw5] [ 47%] PASSED tests/integration/test_python_edit/test_python_edit.py::test_empty_file_message_format 
tests/integration/test_python_edit/test_python_edit.py::test_insert_after_quoted_single_line_expression 
tests/integration/test_python_edit/test_python_edit.py::test_real_scenario_edit_integration 
[gw0] [ 47%] PASSED tests/integration/test_python_edit/test_python_edit.py::test_insert_after_quoted_single_line_expression 
tests/integration/test_python_edit/test_python_edit.py::test_insert_after_quoted_multiline_expression 
[gw0] [ 47%] PASSED tests/integration/test_python_edit/test_python_edit.py::test_insert_after_quoted_multiline_expression 
tests/integration/test_python_edit/test_python_edit.py::test_insert_after_scope_path_syntax 
[gw0] [ 47%] PASSED tests/integration/test_python_edit/test_python_edit.py::test_insert_after_scope_path_syntax 
tests/integration/test_python_edit/test_python_edit.py::test_insert_after_nested_scope_path 
[gw0] [ 47%] PASSED tests/integration/test_python_edit/test_python_edit.py::test_insert_after_nested_scope_path 
tests/integration/test_python_edit/test_python_edit.py::test_insert_after_simple_name_in_scope 
[gw0] [ 47%] PASSED tests/integration/test_python_edit/test_python_edit.py::test_insert_after_simple_name_in_scope 
tests/integration/test_python_edit/test_python_edit.py::test_insert_after_function_in_function 
[gw0] [ 47%] PASSED tests/integration/test_python_edit/test_python_edit.py::test_insert_after_function_in_function 
tests/integration/test_python_edit/test_python_edit.py::test_insert_after_with_complex_expressions 
[gw0] [ 47%] PASSED tests/integration/test_python_edit/test_python_edit.py::test_insert_after_with_complex_expressions 
tests/integration/test_python_edit/test_python_edit.py::test_insert_after_preserves_indentation 
[gw0] [ 47%] PASSED tests/integration/test_python_edit/test_python_edit.py::test_insert_after_preserves_indentation 
tests/integration/test_python_edit/test_python_edit.py::test_insert_after_file_level_with_quoted_expression 
[gw0] [ 48%] PASSED tests/integration/test_python_edit/test_python_edit.py::test_insert_after_file_level_with_quoted_expression 
tests/integration/test_python_edit/test_python_edit.py::test_insert_after_edge_cases_empty_lines 
[gw0] [ 48%] PASSED tests/integration/test_python_edit/test_python_edit.py::test_insert_after_edge_cases_empty_lines 
tests/integration/test_python_edit/test_python_edit.py::test_insert_after_expression_matching_rules 
[gw0] [ 48%] PASSED tests/integration/test_python_edit/test_python_edit.py::test_insert_after_expression_matching_rules 
tests/integration/test_python_edit/test_python_edit.py::test_insert_after_single_quote_vs_double_quote 
[gw0] [ 48%] PASSED tests/integration/test_python_edit/test_python_edit.py::test_insert_after_single_quote_vs_double_quote 
tests/integration/test_python_edit/test_python_edit.py::test_insert_after_ambiguous_multiline_expression 
[gw0] [ 48%] PASSED tests/integration/test_python_edit/test_python_edit.py::test_insert_after_ambiguous_multiline_expression 
tests/integration/test_python_edit/test_python_edit.py::test_newline_preservation_after_scope_replacement 
[gw0] [ 48%] PASSED tests/integration/test_python_edit/test_python_edit.py::test_newline_preservation_after_scope_replacement 
tests/integration/test_python_edit/test_python_view.py::TestPythonView::test_file_with_comments_and_decorators 
[gw0] [ 48%] PASSED tests/integration/test_python_edit/test_python_view.py::TestPythonView::test_file_with_comments_and_decorators 
tests/integration/test_python_edit/test_python_view.py::TestPythonView::test_file_with_complex_strings 
[gw0] [ 48%] PASSED tests/integration/test_python_edit/test_python_view.py::TestPythonView::test_file_with_complex_strings 
tests/integration/test_python_edit/test_python_view.py::TestPythonView::test_invalid_file_extension 
[gw0] [ 48%] PASSED tests/integration/test_python_edit/test_python_view.py::TestPythonView::test_invalid_file_extension 
tests/integration/test_python_edit/test_python_view.py::TestPythonView::test_invalid_identifier 
[gw0] [ 49%] PASSED tests/integration/test_python_edit/test_python_view.py::TestPythonView::test_invalid_identifier 
tests/integration/test_python_edit/test_python_view.py::TestPythonView::test_malformed_python_file 
[gw0] [ 49%] PASSED tests/integration/test_python_edit/test_python_view.py::TestPythonView::test_malformed_python_file 
tests/integration/test_python_edit/test_python_view.py::TestPythonView::test_max_lines_default_value 
[gw0] [ 49%] PASSED tests/integration/test_python_edit/test_python_view.py::TestPythonView::test_max_lines_default_value 
tests/integration/test_python_edit/test_python_view.py::TestPythonView::test_max_lines_negative_disables_truncation 
[gw0] [ 49%] PASSED tests/integration/test_python_edit/test_python_view.py::TestPythonView::test_max_lines_negative_disables_truncation 
tests/integration/test_python_edit/test_python_view.py::TestPythonView::test_max_lines_scoped_view_no_truncation 
[gw0] [ 49%] PASSED tests/integration/test_python_edit/test_python_view.py::TestPythonView::test_max_lines_scoped_view_no_truncation 
tests/integration/test_python_edit/test_python_view.py::TestPythonView::test_max_lines_scoped_view_with_truncation 
[gw0] [ 49%] PASSED tests/integration/test_python_edit/test_python_view.py::TestPythonView::test_max_lines_scoped_view_with_truncation 
tests/integration/test_python_edit/test_python_view.py::TestPythonView::test_max_lines_truncation_message_format 
[gw0] [ 49%] PASSED tests/integration/test_python_edit/test_python_view.py::TestPythonView::test_max_lines_truncation_message_format 
tests/integration/test_python_edit/test_python_view.py::TestPythonView::test_max_lines_whole_file_no_truncation 
[gw0] [ 49%] PASSED tests/integration/test_python_edit/test_python_view.py::TestPythonView::test_max_lines_whole_file_no_truncation 
tests/integration/test_python_edit/test_python_view.py::TestPythonView::test_max_lines_whole_file_with_truncation 
[gw0] [ 49%] PASSED tests/integration/test_python_edit/test_python_view.py::TestPythonView::test_max_lines_whole_file_with_truncation 
tests/integration/test_python_edit/test_python_view.py::TestPythonView::test_max_lines_with_empty_lines 
[gw0] [ 50%] PASSED tests/integration/test_python_edit/test_python_view.py::TestPythonView::test_max_lines_with_empty_lines 
tests/integration/test_python_edit/test_python_view.py::TestPythonView::test_max_lines_zero_disables_truncation 
[gw0] [ 50%] PASSED tests/integration/test_python_edit/test_python_view.py::TestPythonView::test_max_lines_zero_disables_truncation 
tests/integration/test_python_edit/test_python_view.py::TestPythonView::test_nonexistent_method 
[gw0] [ 50%] PASSED tests/integration/test_python_edit/test_python_view.py::TestPythonView::test_nonexistent_method 
tests/integration/test_python_edit/test_python_view.py::TestPythonView::test_nonexistent_scope 
[gw0] [ 50%] PASSED tests/integration/test_python_edit/test_python_view.py::TestPythonView::test_nonexistent_scope 
tests/integration/test_python_edit/test_python_view.py::TestPythonView::test_view_async_function 
[gw0] [ 50%] PASSED tests/integration/test_python_edit/test_python_view.py::TestPythonView::test_view_async_function 
tests/integration/test_python_edit/test_python_view.py::TestPythonView::test_view_async_nested_method 
[gw0] [ 50%] PASSED tests/integration/test_python_edit/test_python_view.py::TestPythonView::test_view_async_nested_method 
tests/integration/test_python_edit/test_python_view.py::TestPythonView::test_view_class 
[gw0] [ 50%] PASSED tests/integration/test_python_edit/test_python_view.py::TestPythonView::test_view_class 
tests/integration/test_python_edit/test_python_view.py::TestPythonView::test_view_class_method 
[gw0] [ 50%] PASSED tests/integration/test_python_edit/test_python_view.py::TestPythonView::test_view_class_method 
tests/integration/test_python_edit/test_python_view.py::TestPythonView::test_view_empty_file 
[gw0] [ 50%] PASSED tests/integration/test_python_edit/test_python_view.py::TestPythonView::test_view_empty_file 
tests/integration/test_python_edit/test_python_view.py::TestPythonView::test_view_entire_file 
[gw0] [ 50%] PASSED tests/integration/test_python_edit/test_python_view.py::TestPythonView::test_view_entire_file 
tests/integration/test_python_edit/test_python_view.py::TestPythonView::test_view_nested_class 
[gw0] [ 51%] PASSED tests/integration/test_python_edit/test_python_view.py::TestPythonView::test_view_nested_class 
tests/integration/test_python_edit/test_python_view.py::TestPythonView::test_view_nested_class_method 
[gw0] [ 51%] PASSED tests/integration/test_python_edit/test_python_view.py::TestPythonView::test_view_nested_class_method 
tests/integration/test_python_edit/test_python_view.py::TestPythonView::test_view_nonexistent_file 
[gw0] [ 51%] PASSED tests/integration/test_python_edit/test_python_view.py::TestPythonView::test_view_nonexistent_file 
tests/integration/test_python_edit/test_python_view.py::TestPythonView::test_view_standalone_function 
[gw0] [ 51%] PASSED tests/integration/test_python_edit/test_python_view.py::TestPythonView::test_view_standalone_function 
tests/integration/test_python_edit/test_python_view.py::TestPythonView::test_view_whitespace_only_file 
[gw0] [ 51%] PASSED tests/integration/test_python_edit/test_python_view.py::TestPythonView::test_view_whitespace_only_file 
tests/integration/test_python_edit/test_python_view.py::TestScopeViewer::test_empty_path 
[gw0] [ 51%] PASSED tests/integration/test_python_edit/test_python_view.py::TestScopeViewer::test_empty_path 
tests/integration/test_python_edit/test_python_view.py::TestScopeViewer::test_find_class 
[gw0] [ 51%] PASSED tests/integration/test_python_edit/test_python_view.py::TestScopeViewer::test_find_class 
tests/integration/test_python_edit/test_python_view.py::TestScopeViewer::test_find_function 
[gw0] [ 51%] PASSED tests/integration/test_python_edit/test_python_view.py::TestScopeViewer::test_find_function 
tests/integration/test_python_edit/test_python_view.py::TestScopeViewer::test_find_method 
[gw0] [ 51%] PASSED tests/integration/test_python_edit/test_python_view.py::TestScopeViewer::test_find_method 
tests/integration/test_python_edit/test_python_view.py::TestScopeViewer::test_find_nested_class 
[gw0] [ 52%] PASSED tests/integration/test_python_edit/test_python_view.py::TestScopeViewer::test_find_nested_class 
tests/integration/test_python_edit/test_python_view.py::TestScopeViewer::test_find_nested_method 
[gw0] [ 52%] PASSED tests/integration/test_python_edit/test_python_view.py::TestScopeViewer::test_find_nested_method 
tests/integration/test_python_edit/test_python_view.py::TestScopeViewer::test_nonexistent_target 
[gw0] [ 52%] PASSED tests/integration/test_python_edit/test_python_view.py::TestScopeViewer::test_nonexistent_target 
tests/integration/test_python_edit/test_python_view.py::TestScopeViewer::test_partial_path_match 
[gw0] [ 52%] PASSED tests/integration/test_python_edit/test_python_view.py::TestScopeViewer::test_partial_path_match 
tests/unit/test_add_tools_openai.py::TestAddToolsOpenAI::test_invalid_input 
[gw5] [ 52%] PASSED tests/integration/test_python_edit/test_python_edit.py::test_real_scenario_edit_integration 
tests/integration/test_python_edit/test_python_edit.py::test_insert_after_quoted_expression_no_match 
[gw5] [ 52%] PASSED tests/integration/test_python_edit/test_python_edit.py::test_insert_after_quoted_expression_no_match 
tests/unit/test_add_tools_openai.py::TestAddToolsOpenAI::test_mixed_files_and_modules 
[gw0] [ 52%] PASSED tests/unit/test_add_tools_openai.py::TestAddToolsOpenAI::test_invalid_input 
tests/unit/test_add_tools_openai.py::TestAddToolsOpenAI::test_list_input 
[gw2] [ 52%] PASSED tests/e2e/test_broadcast_fp.py::test_broadcast_fp_no_skip_parameter 
tests/e2e/test_terminal_tools.py::TestTerminalToolsStateful::test_stateful_invalid_encoding_handling 
[gw5] [ 52%] PASSED tests/unit/test_add_tools_openai.py::TestAddToolsOpenAI::test_mixed_files_and_modules 
tests/unit/test_add_tools_openai.py::TestAddToolsOpenAI::test_multiple_files 
[gw0] [ 53%] PASSED tests/unit/test_add_tools_openai.py::TestAddToolsOpenAI::test_list_input 
tests/unit/test_add_tools_openai.py::TestAddToolsOpenAI::test_multiple_modules 
[gw2] [ 53%] PASSED tests/e2e/test_terminal_tools.py::TestTerminalToolsStateful::test_stateful_invalid_encoding_handling 
tests/unit/test_add_tools_openai.py::TestAddToolsOpenAI::test_multiple_save_load_cycles 
[gw10] [ 53%] PASSED tests/e2e/test_broadcast_fp.py::test_broadcast_fp_with_kwargs 
tests/e2e/test_terminal_tools.py::TestRegressionScenarios::test_simple_commands_still_work 
[gw5] [ 53%] PASSED tests/unit/test_add_tools_openai.py::TestAddToolsOpenAI::test_multiple_files 
tests/unit/test_add_tools_openai.py::TestAddToolsOpenAI::test_save_load_dynamic_function 
[gw10] [ 53%] PASSED tests/e2e/test_terminal_tools.py::TestRegressionScenarios::test_simple_commands_still_work 
tests/unit/test_add_tools_openai.py::TestAddToolsOpenAI::test_single_function 
[gw11] [ 53%] PASSED tests/integration/test_powershell_tool/test_terminal_timeout_advanced.py::TestPowerShellAdvancedDiagnostics::test_whitespace_impact 
tests/integration/test_powershell_tool/test_terminal_tools_production_cases.py::TestPowerShellProductionEdgeCases::test_here_string_line_endings 
[gw0] [ 53%] PASSED tests/unit/test_add_tools_openai.py::TestAddToolsOpenAI::test_multiple_modules 
tests/unit/test_add_tools_openai.py::TestAddToolsOpenAI::test_save_load_mixed_sources 
[gw11] [ 53%] PASSED tests/integration/test_powershell_tool/test_terminal_tools_production_cases.py::TestPowerShellProductionEdgeCases::test_here_string_line_endings 
tests/unit/test_dynamic_execution.py::TestDynamicFunctionExecution::test_view_dir_dynamic_execution_with_imports 
[gw11] [ 53%] PASSED tests/unit/test_dynamic_execution.py::TestDynamicFunctionExecution::test_view_dir_dynamic_execution_with_imports 
tests/unit/test_helpers.py::test_get_new_files_multiple_times 
[gw3] [ 54%] PASSED tests/integration/test_powershell_tool/test_terminal_timeout_advanced.py::TestPowerShellAdvancedDiagnostics::test_delimiter_in_different_contexts 
tests/integration/test_powershell_tool/test_terminal_timeout_advanced.py::TestPowerShellAdvancedDiagnostics::test_encoding_edge_cases 
[gw10] [ 54%] PASSED tests/unit/test_add_tools_openai.py::TestAddToolsOpenAI::test_single_function 
tests/unit/test_dynamic_execution.py::TestDynamicFunctionExecution::test_old_context_method_fails 
[gw10] [ 54%] PASSED tests/unit/test_dynamic_execution.py::TestDynamicFunctionExecution::test_old_context_method_fails 
tests/unit/test_helpers.py::test_get_new_files_empty_directory 
[gw10] [ 54%] PASSED tests/unit/test_helpers.py::test_get_new_files_empty_directory 
tests/unit/test_helpers.py::test_get_new_files_no_extension_filter 
[gw11] [ 54%] PASSED tests/unit/test_helpers.py::test_get_new_files_multiple_times 
[gw3] [ 54%] PASSED tests/integration/test_powershell_tool/test_terminal_timeout_advanced.py::TestPowerShellAdvancedDiagnostics::test_encoding_edge_cases 
tests/unit/test_helpers.py::test_get_new_files_extension_filter 
tests/unit/test_helpers.py::test_get_new_files_subdirectories 
[gw10] [ 54%] PASSED tests/unit/test_helpers.py::test_get_new_files_no_extension_filter 
tests/unit/test_mock_bot.py::test_mock_bot_basic 
[gw10] [ 54%] PASSED tests/unit/test_mock_bot.py::test_mock_bot_basic 
tests/unit/test_mock_bot.py::test_conversation_node 
[gw10] [ 54%] PASSED tests/unit/test_mock_bot.py::test_conversation_node 
tests/unit/test_mock_bot.py::test_utility_functions 
[gw10] [ 55%] PASSED tests/unit/test_mock_bot.py::test_utility_functions 
tests/unit/test_mock_bot.py::test_failure_modes 
[gw10] [ 55%] PASSED tests/unit/test_mock_bot.py::test_failure_modes 
tests/unit/test_oaibot.py::TestGPTBot::test_gptbot_read_file 
[gw3] [ 55%] PASSED tests/unit/test_helpers.py::test_get_new_files_subdirectories 
tests/unit/test_mock_bot.py::test_mock_mailbox 
[gw3] [ 55%] PASSED tests/unit/test_mock_bot.py::test_mock_mailbox 
tests/unit/test_oaibot.py::TestGPTBot::test_tool_call_sequence_save_load 
[gw11] [ 55%] PASSED tests/unit/test_helpers.py::test_get_new_files_extension_filter 
tests/unit/test_mock_bot.py::test_mock_tool_handler 
[gw11] [ 55%] PASSED tests/unit/test_mock_bot.py::test_mock_tool_handler 
tests/unit/test_patch_edit.py::TestGitPatch::test_context_mismatch 
[gw11] [ 55%] PASSED tests/unit/test_patch_edit.py::TestGitPatch::test_context_mismatch 
tests/unit/test_patch_edit.py::TestGitPatch::test_create_in_new_directory 
[gw11] [ 55%] PASSED tests/unit/test_patch_edit.py::TestGitPatch::test_create_in_new_directory 
tests/unit/test_patch_edit.py::TestGitPatch::test_double_slash_handling 
[gw11] [ 55%] PASSED tests/unit/test_patch_edit.py::TestGitPatch::test_double_slash_handling 
tests/unit/test_patch_edit.py::TestGitPatch::test_empty_patch 
[gw11] [ 56%] PASSED tests/unit/test_patch_edit.py::TestGitPatch::test_empty_patch 
tests/unit/test_patch_edit.py::TestGitPatch::test_find_block_with_context 
[gw11] [ 56%] PASSED tests/unit/test_patch_edit.py::TestGitPatch::test_find_block_with_context 
tests/unit/test_patch_edit.py::TestGitPatch::test_insert_function_after_class 
[gw11] [ 56%] PASSED tests/unit/test_patch_edit.py::TestGitPatch::test_insert_function_after_class 
tests/unit/test_patch_edit.py::TestGitPatch::test_insert_method_after_method_in_class 
[gw11] [ 56%] PASSED tests/unit/test_patch_edit.py::TestGitPatch::test_insert_method_after_method_in_class 
tests/unit/test_patch_edit.py::TestGitPatch::test_insert_method_in_class_with_inexact_whitespace 
[gw11] [ 56%] PASSED tests/unit/test_patch_edit.py::TestGitPatch::test_insert_method_in_class_with_inexact_whitespace 
tests/unit/test_patch_edit.py::TestGitPatch::test_invalid_patch_format 
[gw11] [ 56%] PASSED tests/unit/test_patch_edit.py::TestGitPatch::test_invalid_patch_format 
tests/unit/test_patch_edit.py::TestGitPatch::test_line_number_accuracy 
[gw11] [ 56%] PASSED tests/unit/test_patch_edit.py::TestGitPatch::test_line_number_accuracy 
tests/unit/test_patch_edit.py::TestGitPatch::test_match_at_different_line 
[gw11] [ 56%] PASSED tests/unit/test_patch_edit.py::TestGitPatch::test_match_at_different_line 
tests/unit/test_patch_edit.py::TestGitPatch::test_match_with_different_whitespace 
[gw11] [ 56%] PASSED tests/unit/test_patch_edit.py::TestGitPatch::test_match_with_different_whitespace 
tests/unit/test_patch_edit.py::TestGitPatch::test_match_with_different_whitespace_debug 
[gw11] [ 57%] PASSED tests/unit/test_patch_edit.py::TestGitPatch::test_match_with_different_whitespace_debug 
tests/unit/test_patch_edit.py::TestGitPatch::test_multiple_hunks 
[gw11] [ 57%] PASSED tests/unit/test_patch_edit.py::TestGitPatch::test_multiple_hunks 
tests/unit/test_patch_edit.py::TestGitPatch::test_multiple_possible_matches 
[gw11] [ 57%] PASSED tests/unit/test_patch_edit.py::TestGitPatch::test_multiple_possible_matches 
tests/unit/test_patch_edit.py::TestGitPatch::test_new_file 
[gw11] [ 57%] PASSED tests/unit/test_patch_edit.py::TestGitPatch::test_new_file 
tests/unit/test_patch_edit.py::TestGitPatch::test_no_match_found 
[gw11] [ 57%] PASSED tests/unit/test_patch_edit.py::TestGitPatch::test_no_match_found 
tests/unit/test_patch_edit.py::TestGitPatch::test_path_normalization 
[gw5] [ 57%] PASSED tests/unit/test_add_tools_openai.py::TestAddToolsOpenAI::test_save_load_dynamic_function 
[gw11] [ 57%] PASSED tests/unit/test_patch_edit.py::TestGitPatch::test_path_normalization 
tests/unit/test_add_tools_openai.py::TestAddToolsOpenAI::test_single_module 
tests/unit/test_patch_edit.py::TestGitPatch::test_relative_indentation_preservation 
[gw11] [ 57%] PASSED tests/unit/test_patch_edit.py::TestGitPatch::test_relative_indentation_preservation 
tests/unit/test_patch_edit.py::TestGitPatch::test_replacement_context_matching 
[gw11] [ 57%] PASSED tests/unit/test_patch_edit.py::TestGitPatch::test_replacement_context_matching 
tests/unit/test_patch_edit.py::TestGitPatch::test_similar_but_not_exact_match 
[gw11] [ 58%] PASSED tests/unit/test_patch_edit.py::TestGitPatch::test_similar_but_not_exact_match 
tests/unit/test_patch_edit.py::TestGitPatch::test_simple_addition 
[gw11] [ 58%] PASSED tests/unit/test_patch_edit.py::TestGitPatch::test_simple_addition 
tests/unit/test_patch_edit.py::TestGitPatch::test_simple_deletion 
[gw11] [ 58%] PASSED tests/unit/test_patch_edit.py::TestGitPatch::test_simple_deletion 
tests/unit/test_patch_edit.py::TestGitPatch::test_single_line_no_context 
[gw11] [ 58%] PASSED tests/unit/test_patch_edit.py::TestGitPatch::test_single_line_no_context 
tests/unit/test_patch_edit.py::TestGitPatch::test_whitespace_only_difference 
[gw11] [ 58%] PASSED tests/unit/test_patch_edit.py::TestGitPatch::test_whitespace_only_difference 
tests/unit/test_patch_edit.py::TestGitPatchHunkParsing::test_empty_lines_in_hunk 
[gw11] [ 58%] PASSED tests/unit/test_patch_edit.py::TestGitPatchHunkParsing::test_empty_lines_in_hunk 
tests/unit/test_patch_edit.py::TestGitPatchHunkParsing::test_hunk_with_no_changes 
[gw11] [ 58%] PASSED tests/unit/test_patch_edit.py::TestGitPatchHunkParsing::test_hunk_with_no_changes 
tests/unit/test_patch_edit.py::TestGitPatchHunkParsing::test_hunk_with_no_newline_markers 
[gw11] [ 58%] PASSED tests/unit/test_patch_edit.py::TestGitPatchHunkParsing::test_hunk_with_no_newline_markers 
tests/unit/test_patch_edit.py::TestGitPatchHunkParsing::test_missing_context_lines 
[gw11] [ 58%] PASSED tests/unit/test_patch_edit.py::TestGitPatchHunkParsing::test_missing_context_lines 
tests/unit/test_patch_edit.py::TestGitPatchHunkParsing::test_multiple_hunks_with_empty_lines_between 
[gw11] [ 59%] PASSED tests/unit/test_patch_edit.py::TestGitPatchHunkParsing::test_multiple_hunks_with_empty_lines_between 
tests/unit/test_patch_edit.py::TestGitPatchHunkParsing::test_patch_context_line_recognition 
[gw11] [ 59%] PASSED tests/unit/test_patch_edit.py::TestGitPatchHunkParsing::test_patch_context_line_recognition 
tests/unit/test_patch_edit.py::TestIndentationDebug::test_context_line_mapping 
[gw11] [ 59%] PASSED tests/unit/test_patch_edit.py::TestIndentationDebug::test_context_line_mapping 
tests/unit/test_patch_edit.py::TestIndentationDebug::test_full_patch_with_debug 
[gw11] [ 59%] PASSED tests/unit/test_patch_edit.py::TestIndentationDebug::test_full_patch_with_debug 
tests/unit/test_patch_edit.py::TestIndentationDebug::test_hierarchy_match_position 
[gw11] [ 59%] PASSED tests/unit/test_patch_edit.py::TestIndentationDebug::test_hierarchy_match_position 
tests/unit/test_patch_edit.py::TestIndentationDebug::test_indentation_adjustment_direct 
[gw11] [ 59%] PASSED tests/unit/test_patch_edit.py::TestIndentationDebug::test_indentation_adjustment_direct 
tests/unit/test_patch_edit.py::TestIndentationDebug::test_indentation_fix 
[gw11] [ 59%] PASSED tests/unit/test_patch_edit.py::TestIndentationDebug::test_indentation_fix 
tests/unit/test_patch_edit.py::TestIndentationBugFix::test_context_line_space_removal 
[gw11] [ 59%] PASSED tests/unit/test_patch_edit.py::TestIndentationBugFix::test_context_line_space_removal 
tests/unit/test_patch_edit.py::TestIndentationBugFix::test_deeply_nested_indentation_bug 
[gw11] [ 59%] PASSED tests/unit/test_patch_edit.py::TestIndentationBugFix::test_deeply_nested_indentation_bug 
tests/unit/test_patch_edit.py::TestIndentationBugFix::test_function_level_indentation_bug 
[gw11] [ 60%] PASSED tests/unit/test_patch_edit.py::TestIndentationBugFix::test_function_level_indentation_bug 
tests/unit/test_patch_edit.py::TestIndentationBugFix::test_method_level_indentation_bug 
[gw11] [ 60%] PASSED tests/unit/test_patch_edit.py::TestIndentationBugFix::test_method_level_indentation_bug 
tests/unit/test_pr_comment_parser.py::TestPRCommentParser::test_extract_coderabbit_prompts_multiline 
[gw11] [ 60%] PASSED tests/unit/test_pr_comment_parser.py::TestPRCommentParser::test_extract_coderabbit_prompts_multiline 
tests/unit/test_pr_comment_parser.py::TestPRCommentParser::test_extract_coderabbit_prompts_none 
[gw11] [ 60%] PASSED tests/unit/test_pr_comment_parser.py::TestPRCommentParser::test_extract_coderabbit_prompts_none 
tests/unit/test_pr_comment_parser.py::TestPRCommentParser::test_extract_coderabbit_prompts_valid 
[gw11] [ 60%] PASSED tests/unit/test_pr_comment_parser.py::TestPRCommentParser::test_extract_coderabbit_prompts_valid 
tests/unit/test_pr_comment_parser.py::TestPRCommentParser::test_is_outdated_field 
[gw11] [ 60%] PASSED tests/unit/test_pr_comment_parser.py::TestPRCommentParser::test_is_outdated_field 
tests/unit/test_pr_comment_parser.py::TestPRCommentParser::test_is_outdated_markers 
[gw11] [ 60%] PASSED tests/unit/test_pr_comment_parser.py::TestPRCommentParser::test_is_outdated_markers 
tests/unit/test_pr_comment_parser.py::TestPRCommentParser::test_parse_pr_comments_exclude_outdated 
[gw11] [ 60%] PASSED tests/unit/test_pr_comment_parser.py::TestPRCommentParser::test_parse_pr_comments_exclude_outdated 
tests/unit/test_pr_comment_parser.py::TestPRCommentParser::test_parse_pr_comments_filter_coderabbit 
[gw11] [ 60%] PASSED tests/unit/test_pr_comment_parser.py::TestPRCommentParser::test_parse_pr_comments_filter_coderabbit 
tests/unit/test_pr_comment_parser.py::TestPRCommentParser::test_save_coderabbit_prompts 
[gw11] [ 60%] PASSED tests/unit/test_pr_comment_parser.py::TestPRCommentParser::test_save_coderabbit_prompts 
tests/unit/test_python_tools.py::TestPythonTools::test_add_async_method_to_class 
[gw11] [ 61%] PASSED tests/unit/test_python_tools.py::TestPythonTools::test_add_async_method_to_class 
tests/unit/test_python_tools.py::TestPythonTools::test_add_class 
[gw11] [ 61%] PASSED tests/unit/test_python_tools.py::TestPythonTools::test_add_class 
tests/unit/test_python_tools.py::TestPythonTools::test_add_function_to_class 
[gw11] [ 61%] PASSED tests/unit/test_python_tools.py::TestPythonTools::test_add_function_to_class 
tests/unit/test_python_tools.py::TestPythonTools::test_add_imports 
[gw11] [ 61%] PASSED tests/unit/test_python_tools.py::TestPythonTools::test_add_imports 
tests/unit/test_python_tools.py::TestPythonTools::test_add_multiple_functions_to_file 
[gw11] [ 61%] PASSED tests/unit/test_python_tools.py::TestPythonTools::test_add_multiple_functions_to_file 
tests/unit/test_python_tools.py::TestPythonTools::test_add_multiple_methods_to_class 
[gw11] [ 61%] PASSED tests/unit/test_python_tools.py::TestPythonTools::test_add_multiple_methods_to_class 
tests/unit/test_python_tools.py::TestPythonTools::test_class_scoped_functions 
[gw11] [ 61%] PASSED tests/unit/test_python_tools.py::TestPythonTools::test_class_scoped_functions 
tests/unit/test_python_tools.py::TestPythonTools::test_class_with_mixed_methods 
[gw11] [ 61%] PASSED tests/unit/test_python_tools.py::TestPythonTools::test_class_with_mixed_methods 
tests/unit/test_python_tools.py::TestPythonTools::test_definitions_with_imports 
[gw11] [ 61%] PASSED tests/unit/test_python_tools.py::TestPythonTools::test_definitions_with_imports 
tests/unit/test_python_tools.py::TestPythonTools::test_execute_python_code_basic 
[gw11] [ 62%] SKIPPED tests/unit/test_python_tools.py::TestPythonTools::test_execute_python_code_basic 
tests/unit/test_python_tools.py::TestPythonTools::test_execute_python_code_complex_computation 
[gw11] [ 62%] PASSED tests/unit/test_python_tools.py::TestPythonTools::test_execute_python_code_complex_computation 
tests/unit/test_python_tools.py::TestPythonTools::test_execute_python_code_long_output 
[gw11] [ 62%] PASSED tests/unit/test_python_tools.py::TestPythonTools::test_execute_python_code_long_output 
tests/unit/test_python_tools.py::TestPythonTools::test_execute_python_code_negative_timeout 
[gw11] [ 62%] PASSED tests/unit/test_python_tools.py::TestPythonTools::test_execute_python_code_negative_timeout 
tests/unit/test_python_tools.py::TestPythonTools::test_execute_python_code_process_cleanup 
[gw0] [ 62%] PASSED tests/unit/test_add_tools_openai.py::TestAddToolsOpenAI::test_save_load_mixed_sources 
tests/unit/test_helpers.py::test_get_new_files_basic 
[gw0] [ 62%] PASSED tests/unit/test_helpers.py::test_get_new_files_basic 
tests/unit/test_python_tools.py::TestPythonTools::test_execute_python_code_syntax_error 
[gw0] [ 62%] PASSED tests/unit/test_python_tools.py::TestPythonTools::test_execute_python_code_syntax_error 
tests/unit/test_python_tools.py::TestPythonTools::test_execute_python_code_timeout 
[gw5] [ 62%] PASSED tests/unit/test_add_tools_openai.py::TestAddToolsOpenAI::test_single_module 
tests/unit/test_patch_edit.py::TestGitPatch::test_replacement 
[gw5] [ 62%] PASSED tests/unit/test_patch_edit.py::TestGitPatch::test_replacement 
tests/unit/test_python_tools.py::TestPythonTools::test_execute_python_code_with_classes 
[gw11] [ 63%] PASSED tests/unit/test_python_tools.py::TestPythonTools::test_execute_python_code_process_cleanup 
tests/unit/test_python_tools.py::TestPythonTools::test_execute_python_code_runtime_error 
[gw5] [ 63%] PASSED tests/unit/test_python_tools.py::TestPythonTools::test_execute_python_code_with_classes 
tests/unit/test_python_tools.py::TestPythonTools::test_execute_python_code_with_imports 
[gw11] [ 63%] PASSED tests/unit/test_python_tools.py::TestPythonTools::test_execute_python_code_runtime_error 
tests/unit/test_python_tools.py::TestPythonTools::test_execute_python_code_with_multiline_output 
[gw5] [ 63%] PASSED tests/unit/test_python_tools.py::TestPythonTools::test_execute_python_code_with_imports 
tests/unit/test_python_tools.py::TestPythonTools::test_execute_python_code_with_stderr 
[gw11] [ 63%] PASSED tests/unit/test_python_tools.py::TestPythonTools::test_execute_python_code_with_multiline_output 
tests/unit/test_python_tools.py::TestPythonTools::test_execute_python_code_zero_timeout 
[gw11] [ 63%] PASSED tests/unit/test_python_tools.py::TestPythonTools::test_execute_python_code_zero_timeout 
tests/unit/test_python_tools.py::TestPythonTools::test_indentation_handling 
[gw11] [ 63%] PASSED tests/unit/test_python_tools.py::TestPythonTools::test_indentation_handling 
tests/unit/test_python_tools.py::TestPythonTools::test_make_file 
[gw11] [ 63%] PASSED tests/unit/test_python_tools.py::TestPythonTools::test_make_file 
tests/unit/test_python_tools.py::TestPythonTools::test_mixed_sync_async_functions 
[gw5] [ 63%] PASSED tests/unit/test_python_tools.py::TestPythonTools::test_execute_python_code_with_stderr 
[gw11] [ 64%] PASSED tests/unit/test_python_tools.py::TestPythonTools::test_mixed_sync_async_functions 
tests/unit/test_python_tools.py::TestPythonTools::test_file_creation_scenarios 
tests/unit/test_python_tools.py::TestPythonTools::test_multiple_imports_basic 
[gw11] [ 64%] PASSED tests/unit/test_python_tools.py::TestPythonTools::test_multiple_imports_basic 
tests/unit/test_python_tools.py::TestPythonTools::test_multiple_imports_duplicates 
[gw5] [ 64%] PASSED tests/unit/test_python_tools.py::TestPythonTools::test_file_creation_scenarios 
tests/unit/test_python_tools.py::TestPythonTools::test_multiple_imports_complex_statements 
[gw5] [ 64%] PASSED tests/unit/test_python_tools.py::TestPythonTools::test_multiple_imports_complex_statements 
tests/unit/test_python_tools.py::TestPythonTools::test_multiple_imports_file_creation 
[gw5] [ 64%] PASSED tests/unit/test_python_tools.py::TestPythonTools::test_multiple_imports_file_creation 
tests/unit/test_python_tools.py::TestPythonTools::test_multiple_imports_invalid_statement 
[gw11] [ 64%] PASSED tests/unit/test_python_tools.py::TestPythonTools::test_multiple_imports_duplicates 
tests/unit/test_python_tools.py::TestPythonTools::test_multiple_imports_empty_input 
[gw5] [ 64%] PASSED tests/unit/test_python_tools.py::TestPythonTools::test_multiple_imports_invalid_statement 
tests/unit/test_python_tools.py::TestPythonTools::test_multiple_imports_whitespace_handling 
[gw11] [ 64%] PASSED tests/unit/test_python_tools.py::TestPythonTools::test_multiple_imports_empty_input 
tests/unit/test_python_tools.py::TestPythonTools::test_multiple_imports_with_existing 
[gw5] [ 64%] PASSED tests/unit/test_python_tools.py::TestPythonTools::test_multiple_imports_whitespace_handling 
tests/unit/test_python_tools.py::TestPythonTools::test_parenthesized_imports 
[gw5] [ 65%] PASSED tests/unit/test_python_tools.py::TestPythonTools::test_parenthesized_imports 
tests/unit/test_python_tools.py::TestPythonTools::test_remove_import 
[gw11] [ 65%] PASSED tests/unit/test_python_tools.py::TestPythonTools::test_multiple_imports_with_existing 
tests/unit/test_python_tools.py::TestPythonTools::test_preserve_async_decorators 
[gw5] [ 65%] PASSED tests/unit/test_python_tools.py::TestPythonTools::test_remove_import 
tests/unit/test_python_tools.py::TestPythonTools::test_replace_async_function 
[gw5] [ 65%] PASSED tests/unit/test_python_tools.py::TestPythonTools::test_replace_async_function 
tests/unit/test_python_tools.py::TestPythonTools::test_replace_class_complex 
[gw5] [ 65%] PASSED tests/unit/test_python_tools.py::TestPythonTools::test_replace_class_complex 
tests/unit/test_python_tools.py::TestPythonTools::test_replace_class_preserve_whitespace 
[gw5] [ 65%] PASSED tests/unit/test_python_tools.py::TestPythonTools::test_replace_class_preserve_whitespace 
tests/unit/test_python_tools.py::TestPythonTools::test_replace_class_with_comments 
[gw11] [ 65%] PASSED tests/unit/test_python_tools.py::TestPythonTools::test_preserve_async_decorators 
tests/unit/test_python_tools.py::TestPythonTools::test_replace_class 
[gw5] [ 65%] PASSED tests/unit/test_python_tools.py::TestPythonTools::test_replace_class_with_comments 
tests/unit/test_python_tools.py::TestPythonTools::test_replace_function 
[gw11] [ 65%] PASSED tests/unit/test_python_tools.py::TestPythonTools::test_replace_class 
tests/unit/test_python_tools.py::TestPythonTools::test_replace_import 
[gw5] [ 66%] PASSED tests/unit/test_python_tools.py::TestPythonTools::test_replace_function 
tests/unit/test_python_tools.py::TestPythonTools::test_replace_multiple_functions 
[gw11] [ 66%] PASSED tests/unit/test_python_tools.py::TestPythonTools::test_replace_import 
[gw5] [ 66%] PASSED tests/unit/test_python_tools.py::TestPythonTools::test_replace_multiple_functions 
tests/unit/test_python_tools.py::TestPythonTools::test_replace_sync_with_async 
tests/unit/test_save_load_openai.py::TestSaveLoadOpenAI::test_basic_save_load 
[gw11] [ 66%] PASSED tests/unit/test_python_tools.py::TestPythonTools::test_replace_sync_with_async 
tests/unit/test_save_load_openai.py::TestSaveLoadOpenAI::test_corrupted_save 
[gw11] [ 66%] PASSED tests/unit/test_save_load_openai.py::TestSaveLoadOpenAI::test_corrupted_save 
tests/unit/test_save_load_openai.py::TestSaveLoadOpenAI::test_file_creation 
[gw10] [ 66%] PASSED tests/unit/test_oaibot.py::TestGPTBot::test_gptbot_read_file 
tests/unit/test_oaibot.py::TestGPTBot::test_tool_call_sequence_basic 
[gw5] [ 66%] PASSED tests/unit/test_save_load_openai.py::TestSaveLoadOpenAI::test_basic_save_load 
tests/unit/test_save_load_openai.py::TestSaveLoadOpenAI::test_custom_attributes 
[gw0] [ 66%] PASSED tests/unit/test_python_tools.py::TestPythonTools::test_execute_python_code_timeout 
tests/unit/test_python_tools.py::TestPythonTools::test_execute_python_code_unicode 
[gw11] [ 66%] PASSED tests/unit/test_save_load_openai.py::TestSaveLoadOpenAI::test_file_creation 
tests/unit/test_save_load_openai.py::TestSaveLoadOpenAI::test_mixed_tool_sources 
[gw11] [ 67%] SKIPPED tests/unit/test_save_load_openai.py::TestSaveLoadOpenAI::test_mixed_tool_sources 
tests/unit/test_save_load_openai.py::TestSaveLoadOpenAI::test_save_load_with_file_tools 
[gw0] [ 67%] PASSED tests/unit/test_python_tools.py::TestPythonTools::test_execute_python_code_unicode 
tests/unit/test_save_load_openai.py::TestSaveLoadOpenAI::test_save_load_empty_bot 
[gw4] [ 67%] PASSED tests/e2e/test_broadcast_fp.py::test_broadcast_fp_tree_of_thought 
tests/e2e/test_cli_terminal_tool_integration.py::TestCLIRealTerminalTimeouts::test_powershell_here_string_real_bot 
[gw3] [ 67%] PASSED tests/unit/test_oaibot.py::TestGPTBot::test_tool_call_sequence_save_load 
tests/unit/test_patch_edit.py::TestGitPatch::test_class_indentation_preservation 
[gw3] [ 67%] PASSED tests/unit/test_patch_edit.py::TestGitPatch::test_class_indentation_preservation 
tests/unit/test_save_load_openai.py::TestSaveLoadOpenAI::test_working_directory_independence 
[gw5] [ 67%] PASSED tests/unit/test_save_load_openai.py::TestSaveLoadOpenAI::test_custom_attributes 
tests/unit/test_save_load_openai.py::TestSaveLoadOpenAI::test_save_load_after_conversation 
[gw11] [ 67%] PASSED tests/unit/test_save_load_openai.py::TestSaveLoadOpenAI::test_save_load_with_file_tools 
tests/unit/test_save_load_openai.py::TestSaveLoadOpenAI::test_save_load_with_module_tools 
[gw2] [ 67%] PASSED tests/unit/test_add_tools_openai.py::TestAddToolsOpenAI::test_multiple_save_load_cycles 
tests/unit/test_add_tools_openai.py::TestAddToolsOpenAI::test_single_file 
[gw1] [ 67%] PASSED tests/e2e/test_broadcast_fp.py::test_broadcast_fp_empty_skip_list 
tests/integration/test_bots.py::TestBaseBot::test_save_and_load 
[gw2] [ 68%] PASSED tests/unit/test_add_tools_openai.py::TestAddToolsOpenAI::test_single_file 
tests/unit/test_self_tools.py::TestSelfTools::test_branch_self_error_handling 
[gw10] [ 68%] PASSED tests/unit/test_oaibot.py::TestGPTBot::test_tool_call_sequence_basic 
tests/unit/test_save_load_openai.py::TestSaveLoadOpenAI::test_module_tool_persistence 
[gw9] [ 68%] PASSED tests/integration/test_powershell_tool/test_terminal_timeout_advanced.py::TestPowerShellAdvancedDiagnostics::test_exact_problematic_command 
tests/integration/test_powershell_tool/test_terminal_timeout_advanced.py::TestPowerShellAdvancedDiagnostics::test_manual_here_string_execution 
[gw0] [ 68%] PASSED tests/unit/test_save_load_openai.py::TestSaveLoadOpenAI::test_save_load_empty_bot 
tests/unit/test_save_load_openai.py::TestSaveLoadOpenAI::test_save_load_with_tool_use 
[gw11] [ 68%] PASSED tests/unit/test_save_load_openai.py::TestSaveLoadOpenAI::test_save_load_with_module_tools 
tests/unit/test_self_tools.py::TestSelfTools::test_branch_self_empty_prompts 
[gw3] [ 68%] PASSED tests/unit/test_save_load_openai.py::TestSaveLoadOpenAI::test_working_directory_independence 
tests/unit/test_self_tools.py::TestSelfTools::test_branch_self_basic_functionality 
[gw6] [ 68%] PASSED tests/integration/test_powershell_tool/test_terminal_timeout.py::TestPowerShellTimeoutDebug::test_wrap_code_safely_output 
tests/integration/test_powershell_tool/test_terminal_timeout_advanced.py::TestPowerShellAdvancedDiagnostics::test_process_state_during_timeout 
[gw10] [ 68%] PASSED tests/unit/test_save_load_openai.py::TestSaveLoadOpenAI::test_module_tool_persistence 
tests/unit/test_self_tools.py::TestSelfTools::test_branch_self_tool_result_contamination_detailed 
[gw1] [ 68%] PASSED tests/integration/test_bots.py::TestBaseBot::test_save_and_load 
tests/unit/test_self_tools.py::TestSelfTools::test_branch_self_method_restoration 
[gw9] [ 69%] PASSED tests/integration/test_powershell_tool/test_terminal_timeout_advanced.py::TestPowerShellAdvancedDiagnostics::test_manual_here_string_execution 
tests/unit/test_self_tools.py::TestSelfTools::test_branch_self_with_allow_work_true 
[gw5] [ 69%] PASSED tests/unit/test_save_load_openai.py::TestSaveLoadOpenAI::test_save_load_after_conversation 
tests/unit/test_self_tools.py::TestSelfTools::test_branch_self_debug_printing 
[gw11] [ 69%] PASSED tests/unit/test_self_tools.py::TestSelfTools::test_branch_self_empty_prompts 
tests/unit/test_self_tools.py::TestSelfTools::test_deeper_nesting_stress_test 
[gw2] [ 69%] PASSED tests/unit/test_self_tools.py::TestSelfTools::test_branch_self_error_handling 
tests/unit/test_self_tools.py::TestSelfTools::test_branch_self_recursive 
[gw2] [ 69%] PASSED tests/unit/test_self_tools.py::TestSelfTools::test_branch_self_recursive 
tests/unit/test_tool_handler.py::TestDecoratorHandling::test_handle_errors_decorator 
[gw2] [ 69%] PASSED tests/unit/test_tool_handler.py::TestDecoratorHandling::test_handle_errors_decorator 
tests/unit/test_tool_handler.py::TestDecoratorHandling::test_multiple_decorators_handling 
[gw2] [ 69%] PASSED tests/unit/test_tool_handler.py::TestDecoratorHandling::test_multiple_decorators_handling 
tests/unit/test_tool_handler.py::TestDecoratorHandling::test_single_decorator_handling 
[gw2] [ 69%] PASSED tests/unit/test_tool_handler.py::TestDecoratorHandling::test_single_decorator_handling 
tests/unit/test_tool_handler_comprehensive.py::TestDecoratedFunctionGlobals::test_decorated_function_preserves_original_globals 
[gw2] [ 69%] PASSED tests/unit/test_tool_handler_comprehensive.py::TestDecoratedFunctionGlobals::test_decorated_function_preserves_original_globals 
tests/unit/test_tool_handler_comprehensive.py::TestDecoratedFunctionGlobals::test_decorated_function_with_datetime_globals 
[gw2] [ 70%] PASSED tests/unit/test_tool_handler_comprehensive.py::TestDecoratedFunctionGlobals::test_decorated_function_with_datetime_globals 
tests/unit/test_tool_handler_comprehensive.py::TestDecoratedFunctionGlobals::test_decorated_function_with_collections_globals 
[gw2] [ 70%] PASSED tests/unit/test_tool_handler_comprehensive.py::TestDecoratedFunctionGlobals::test_decorated_function_with_collections_globals 
tests/unit/test_tool_handler_comprehensive.py::TestDecoratedFunctionGlobals::test_complex_decorator_with_state_preserves_globals 
[gw2] [ 70%] PASSED tests/unit/test_tool_handler_comprehensive.py::TestDecoratedFunctionGlobals::test_complex_decorator_with_state_preserves_globals 
tests/unit/test_tool_handler_comprehensive.py::TestDecoratedFunctionGlobals::test_decorator_validation_works_after_serialization 
[gw2] [ 70%] PASSED tests/unit/test_tool_handler_comprehensive.py::TestDecoratedFunctionGlobals::test_decorator_validation_works_after_serialization 
tests/unit/test_tool_handler_comprehensive.py::TestDecoratedFunctionGlobals::test_multiple_decorated_functions_preserve_distinct_globals 
[gw2] [ 70%] PASSED tests/unit/test_tool_handler_comprehensive.py::TestDecoratedFunctionGlobals::test_multiple_decorated_functions_preserve_distinct_globals 
tests/unit/test_tool_handler_comprehensive.py::TestDecoratedFunctionGlobals::test_nested_decorator_globals_preservation 
[gw2] [ 70%] PASSED tests/unit/test_tool_handler_comprehensive.py::TestDecoratedFunctionGlobals::test_nested_decorator_globals_preservation 
tests/unit/test_tool_handler_comprehensive.py::TestDecoratedFunctionGlobals::test_decorator_with_closure_variables 
[gw2] [ 70%] PASSED tests/unit/test_tool_handler_comprehensive.py::TestDecoratedFunctionGlobals::test_decorator_with_closure_variables 
tests/unit/test_tool_handler_comprehensive.py::TestDecoratedFunctionGlobals::test_deeply_nested_closure_decorator 
[gw2] [ 70%] PASSED tests/unit/test_tool_handler_comprehensive.py::TestDecoratedFunctionGlobals::test_deeply_nested_closure_decorator 
tests/unit/test_tool_handler_comprehensive.py::TestDecoratedFunctionGlobals::test_decorator_with_imported_modules_in_closure 
[gw2] [ 70%] PASSED tests/unit/test_tool_handler_comprehensive.py::TestDecoratedFunctionGlobals::test_decorator_with_imported_modules_in_closure 
tests/unit/test_toolify.py::TestToolifyBasics::test_simple_function 
[gw2] [ 70%] PASSED tests/unit/test_toolify.py::TestToolifyBasics::test_simple_function 
tests/unit/test_toolify.py::TestToolifyBasics::test_custom_description 
[gw2] [ 71%] PASSED tests/unit/test_toolify.py::TestToolifyBasics::test_custom_description 
tests/unit/test_toolify.py::TestToolifyBasics::test_no_type_hints 
[gw2] [ 71%] PASSED tests/unit/test_toolify.py::TestToolifyBasics::test_no_type_hints 
tests/unit/test_toolify.py::TestTypeConversion::test_basic_types 
[gw2] [ 71%] PASSED tests/unit/test_toolify.py::TestTypeConversion::test_basic_types 
tests/unit/test_toolify.py::TestTypeConversion::test_boolean_conversion 
[gw2] [ 71%] PASSED tests/unit/test_toolify.py::TestTypeConversion::test_boolean_conversion 
tests/unit/test_toolify.py::TestTypeConversion::test_list_conversion 
[gw2] [ 71%] PASSED tests/unit/test_toolify.py::TestTypeConversion::test_list_conversion 
tests/unit/test_toolify.py::TestTypeConversion::test_dict_conversion 
[gw2] [ 71%] PASSED tests/unit/test_toolify.py::TestTypeConversion::test_dict_conversion 
tests/unit/test_toolify.py::TestOutputConversion::test_none_return 
[gw2] [ 71%] PASSED tests/unit/test_toolify.py::TestOutputConversion::test_none_return 
tests/unit/test_toolify.py::TestOutputConversion::test_basic_return_types 
[gw2] [ 71%] PASSED tests/unit/test_toolify.py::TestOutputConversion::test_basic_return_types 
tests/unit/test_toolify.py::TestOutputConversion::test_complex_return_types 
[gw2] [ 71%] PASSED tests/unit/test_toolify.py::TestOutputConversion::test_complex_return_types 
tests/unit/test_toolify.py::TestErrorHandling::test_conversion_error 
[gw2] [ 72%] PASSED tests/unit/test_toolify.py::TestErrorHandling::test_conversion_error 
tests/unit/test_toolify.py::TestErrorHandling::test_function_error 
[gw2] [ 72%] PASSED tests/unit/test_toolify.py::TestErrorHandling::test_function_error 
tests/unit/test_toolify.py::TestErrorHandling::test_no_errors_raised 
[gw2] [ 72%] PASSED tests/unit/test_toolify.py::TestErrorHandling::test_no_errors_raised 
tests/unit/test_toolify.py::TestDocstringHandling::test_preserve_existing_docstring 
[gw2] [ 72%] PASSED tests/unit/test_toolify.py::TestDocstringHandling::test_preserve_existing_docstring 
tests/unit/test_toolify.py::TestDocstringHandling::test_generate_docstring_for_undocumented 
[gw2] [ 72%] PASSED tests/unit/test_toolify.py::TestDocstringHandling::test_generate_docstring_for_undocumented 
tests/unit/test_toolify.py::TestDocstringHandling::test_override_with_description 
[gw2] [ 72%] PASSED tests/unit/test_toolify.py::TestDocstringHandling::test_override_with_description 
tests/unit/test_toolify.py::TestRealWorldExamples::test_file_operation_tool 
[gw2] [ 72%] PASSED tests/unit/test_toolify.py::TestRealWorldExamples::test_file_operation_tool 
tests/unit/test_toolify.py::TestRealWorldExamples::test_calculation_tool 
[gw2] [ 72%] PASSED tests/unit/test_toolify.py::TestRealWorldExamples::test_calculation_tool 
tests/unit/test_toolify.py::TestRealWorldExamples::test_data_processing_tool 
[gw2] [ 72%] PASSED tests/unit/test_toolify.py::TestRealWorldExamples::test_data_processing_tool 
tests/unit/test_toolify_integration.py::TestToolifyIntegration::test_add_toolified_functions_to_bot 
[gw2] [ 73%] PASSED tests/unit/test_toolify_integration.py::TestToolifyIntegration::test_add_toolified_functions_to_bot 
tests/unit/test_toolify_integration.py::TestToolifyIntegration::test_complex_toolified_function_types 
[gw2] [ 73%] PASSED tests/unit/test_toolify_integration.py::TestToolifyIntegration::test_complex_toolified_function_types 
tests/unit/test_toolify_integration.py::TestToolifyIntegration::test_multiple_toolified_functions_integration 
[gw2] [ 73%] PASSED tests/unit/test_toolify_integration.py::TestToolifyIntegration::test_multiple_toolified_functions_integration 
tests/unit/test_toolify_integration.py::TestToolifyIntegration::test_toolified_error_handling 
[gw2] [ 73%] PASSED tests/unit/test_toolify_integration.py::TestToolifyIntegration::test_toolified_error_handling 
tests/unit/test_toolify_integration.py::TestToolifyIntegration::test_toolified_function_docstring_enhancement 
[gw2] [ 73%] PASSED tests/unit/test_toolify_integration.py::TestToolifyIntegration::test_toolified_function_docstring_enhancement 
tests/unit/test_toolify_integration.py::TestToolifyIntegration::test_toolified_function_execution 
[gw2] [ 73%] PASSED tests/unit/test_toolify_integration.py::TestToolifyIntegration::test_toolified_function_execution 
tests/unit/test_toolify_integration.py::TestToolifyIntegration::test_toolified_function_tool_handler_integration 
[gw2] [ 73%] PASSED tests/unit/test_toolify_integration.py::TestToolifyIntegration::test_toolified_function_tool_handler_integration 
tests/unit/test_toolify_integration.py::TestToolifyIntegration::test_toolified_functions_with_different_signatures 
[gw2] [ 73%] PASSED tests/unit/test_toolify_integration.py::TestToolifyIntegration::test_toolified_functions_with_different_signatures 
tests/unit/test_toolify_integration.py::TestToolifyRealWorldScenarios::test_data_analysis_tools 
[gw6] [ 73%] PASSED tests/integration/test_powershell_tool/test_terminal_timeout_advanced.py::TestPowerShellAdvancedDiagnostics::test_process_state_during_timeout 
tests/unit/test_self_tools.py::TestSelfTools::test_nested_branch_self_tool_result_isolation 
[gw2] [ 74%] PASSED tests/unit/test_toolify_integration.py::TestToolifyRealWorldScenarios::test_data_analysis_tools 
tests/unit/test_toolify_integration.py::TestToolifyRealWorldScenarios::test_file_processing_tools 
[gw2] [ 74%] PASSED tests/unit/test_toolify_integration.py::TestToolifyRealWorldScenarios::test_file_processing_tools 
tests/unit/test_web_tool.py::TestWebSearchFunction::test_web_search_api_exception 
[gw2] [ 74%] PASSED tests/unit/test_web_tool.py::TestWebSearchFunction::test_web_search_api_exception 
tests/unit/test_web_tool.py::TestWebSearchFunction::test_web_search_basic_behavior 
[gw2] [ 74%] PASSED tests/unit/test_web_tool.py::TestWebSearchFunction::test_web_search_basic_behavior 
tests/unit/test_web_tool.py::TestWebSearchFunction::test_web_search_complex_response 
[gw2] [ 74%] PASSED tests/unit/test_web_tool.py::TestWebSearchFunction::test_web_search_complex_response 
tests/unit/test_web_tool.py::TestWebSearchFunction::test_web_search_empty_response 
[gw2] [ 74%] PASSED tests/unit/test_web_tool.py::TestWebSearchFunction::test_web_search_empty_response 
tests/unit/test_web_tool.py::TestWebSearchFunction::test_web_search_function_signature 
[gw2] [ 74%] PASSED tests/unit/test_web_tool.py::TestWebSearchFunction::test_web_search_function_signature 
tests/unit/test_web_tool.py::TestWebSearchFunction::test_web_search_is_toolified 
[gw2] [ 74%] PASSED tests/unit/test_web_tool.py::TestWebSearchFunction::test_web_search_is_toolified 
tests/unit/test_web_tool.py::TestWebSearchFunction::test_web_search_missing_api_key 
[gw2] [ 74%] PASSED tests/unit/test_web_tool.py::TestWebSearchFunction::test_web_search_missing_api_key 
tests/unit/test_web_tool.py::TestWebSearchFunction::test_web_search_prompt_construction 
[gw2] [ 75%] PASSED tests/unit/test_web_tool.py::TestWebSearchFunction::test_web_search_prompt_construction 
tests/unit/test_web_tool.py::TestWebSearchValidation::test_web_search_with_empty_query 
[gw2] [ 75%] PASSED tests/unit/test_web_tool.py::TestWebSearchValidation::test_web_search_with_empty_query 
tests/unit/test_web_tool.py::TestWebSearchValidation::test_web_search_with_special_characters 
[gw2] [ 75%] PASSED tests/unit/test_web_tool.py::TestWebSearchValidation::test_web_search_with_special_characters 
tests/unit/test_web_tool_integration.py::TestWebToolIntegration::test_add_web_search_tool_to_bot 
[gw2] [ 75%] PASSED tests/unit/test_web_tool_integration.py::TestWebToolIntegration::test_add_web_search_tool_to_bot 
tests/unit/test_web_tool_integration.py::TestWebToolIntegration::test_web_search_tool_docstring_and_schema 
[gw2] [ 75%] PASSED tests/unit/test_web_tool_integration.py::TestWebToolIntegration::test_web_search_tool_docstring_and_schema 
tests/unit/test_web_tool_integration.py::TestWebToolIntegration::test_web_search_tool_error_handling_integration 
[gw2] [ 75%] PASSED tests/unit/test_web_tool_integration.py::TestWebToolIntegration::test_web_search_tool_error_handling_integration 
tests/unit/test_web_tool_integration.py::TestWebToolIntegration::test_web_search_tool_execution_through_bot 
[gw2] [ 75%] PASSED tests/unit/test_web_tool_integration.py::TestWebToolIntegration::test_web_search_tool_execution_through_bot 
tests/unit/test_web_tool_integration.py::TestWebToolIntegration::test_web_search_tool_with_multiple_tools 
[gw2] [ 75%] PASSED tests/unit/test_web_tool_integration.py::TestWebToolIntegration::test_web_search_tool_with_multiple_tools 
tests/unit/test_web_tool_integration.py::TestWebToolManualInspection::test_manual_web_search_inspection 
[gw2] [ 75%] SKIPPED tests/unit/test_web_tool_integration.py::TestWebToolManualInspection::test_manual_web_search_inspection 
tests/unit/test_web_tool_integration.py::TestWebToolManualInspection::test_web_search_result_structure_expectations 
[gw2] [ 76%] PASSED tests/unit/test_web_tool_integration.py::TestWebToolManualInspection::test_web_search_result_structure_expectations 
tests/unit/test_web_tool_integration.py::TestWebToolManualInspection::test_web_search_with_citations 
[gw2] [ 76%] PASSED tests/unit/test_web_tool_integration.py::TestWebToolManualInspection::test_web_search_with_citations 
tests/unit/test_web_tool_integration.py::TestWebToolRealWorldScenarios::test_web_search_for_current_events 
[gw2] [ 76%] PASSED tests/unit/test_web_tool_integration.py::TestWebToolRealWorldScenarios::test_web_search_for_current_events 
tests/unit/test_web_tool_integration.py::TestWebToolRealWorldScenarios::test_web_search_for_technical_documentation 
[gw2] [ 76%] PASSED tests/unit/test_web_tool_integration.py::TestWebToolRealWorldScenarios::test_web_search_for_technical_documentation 
tests/unit/test_web_tool_integration.py::TestWebToolRealWorldScenarios::test_web_search_integration_with_bot_workflow 
[gw2] [ 76%] PASSED tests/unit/test_web_tool_integration.py::TestWebToolRealWorldScenarios::test_web_search_integration_with_bot_workflow 
tests/unit/test_cli/test_broadcast_to_leaves.py::TestBroadcastToLeaves::test_broadcast_to_leaves_function_exists 
[gw2] [ 76%] PASSED tests/unit/test_cli/test_broadcast_to_leaves.py::TestBroadcastToLeaves::test_broadcast_to_leaves_function_exists 
tests/unit/test_cli/test_broadcast_to_leaves.py::TestBroadcastToLeaves::test_broadcast_to_leaves_in_fp_functions 
[gw2] [ 76%] PASSED tests/unit/test_cli/test_broadcast_to_leaves.py::TestBroadcastToLeaves::test_broadcast_to_leaves_in_fp_functions 
tests/unit/test_cli/test_fp_callbacks.py::test_chain_with_callback 
[gw2] [ 76%] PASSED tests/unit/test_cli/test_fp_callbacks.py::test_chain_with_callback 
tests/unit/test_cli/test_fp_callbacks.py::test_callback_none_does_not_error 
[gw2] [ 76%] PASSED tests/unit/test_cli/test_fp_callbacks.py::test_callback_none_does_not_error 
tests/unit/test_cli/test_fp_callbacks.py::test_callback_not_provided_does_not_error 
[gw2] [ 77%] PASSED tests/unit/test_cli/test_fp_callbacks.py::test_callback_not_provided_does_not_error 
tests/unit/test_cli/test_fp_callbacks.py::test_callback_with_exception_handling 
[gw2] [ 77%] PASSED tests/unit/test_cli/test_fp_callbacks.py::test_callback_with_exception_handling 
tests/unit/test_cli/test_fp_wizard_complete.py::TestFPWizardComplete::test_fp_branch_while_wizard 
[gw2] [ 77%] FAILED tests/unit/test_cli/test_fp_wizard_complete.py::TestFPWizardComplete::test_fp_branch_while_wizard 
tests/unit/test_cli/test_fp_wizard_complete.py::TestFPWizardComplete::test_fp_branch_wizard 
[gw7] [ 77%] PASSED tests/integration/test_powershell_tool/test_terminal_timeout.py::TestPowerShellTimeoutDebug::test_problematic_python_code_here_string 
tests/integration/test_powershell_tool/test_terminal_timeout.py::TestPowerShellTimeoutDebug::test_process_communication_health 
[gw7] [ 77%] PASSED tests/integration/test_powershell_tool/test_terminal_timeout.py::TestPowerShellTimeoutDebug::test_process_communication_health 
tests/unit/test_cli/test_fp_wizard_complete.py::TestFPWizardComplete::test_fp_par_branch_while_wizard 
[gw2] [ 77%] FAILED tests/unit/test_cli/test_fp_wizard_complete.py::TestFPWizardComplete::test_fp_branch_wizard 
tests/unit/test_cli/test_fp_wizard_complete.py::TestFPWizardComplete::test_fp_chain_while_wizard 
[gw0] [ 77%] PASSED tests/unit/test_save_load_openai.py::TestSaveLoadOpenAI::test_save_load_with_tool_use 
tests/unit/test_self_tools.py::TestSelfTools::test_debug_output_format 
[gw2] [ 77%] FAILED tests/unit/test_cli/test_fp_wizard_complete.py::TestFPWizardComplete::test_fp_chain_while_wizard 
tests/unit/test_cli/test_fp_wizard_complete.py::TestFPWizardComplete::test_fp_prompt_while_wizard 
[gw2] [ 77%] FAILED tests/unit/test_cli/test_fp_wizard_complete.py::TestFPWizardComplete::test_fp_prompt_while_wizard 
tests/unit/test_cli/test_fp_wizard_complete.py::TestFPWizardComplete::test_fp_tree_of_thought_wizard 
[gw2] [ 78%] FAILED tests/unit/test_cli/test_fp_wizard_complete.py::TestFPWizardComplete::test_fp_tree_of_thought_wizard 
tests/unit/test_cli/test_fp_wizard_complete.py::TestFPWizardComplete::test_fp_wizard_by_name_selection 
[gw7] [ 78%] FAILED tests/unit/test_cli/test_fp_wizard_complete.py::TestFPWizardComplete::test_fp_par_branch_while_wizard 
tests/unit/test_cli/test_fp_wizard_complete.py::TestFPWizardComplete::test_fp_par_branch_wizard 
[gw2] [ 78%] FAILED tests/unit/test_cli/test_fp_wizard_complete.py::TestFPWizardComplete::test_fp_wizard_by_name_selection 
tests/unit/test_cli/test_fp_wizard_complete.py::TestFPWizardComplete::test_fp_wizard_parameter_validation 
[gw2] [ 78%] FAILED tests/unit/test_cli/test_fp_wizard_complete.py::TestFPWizardComplete::test_fp_wizard_parameter_validation 
tests/unit/test_cli/test_recombine_removal.py::TestRecombineCommandRemoval::test_recombine_command_fails 
[gw2] [ 78%] FAILED tests/unit/test_cli/test_recombine_removal.py::TestRecombineCommandRemoval::test_recombine_command_fails 
tests/unit/test_cli/test_save_auto_commands.py::TestSaveCommand::test_save_command_auto_extension 
[gw5] [ 78%] PASSED tests/unit/test_self_tools.py::TestSelfTools::test_branch_self_debug_printing 
tests/unit/test_tool_handler.py::TestToolHandlerPersistence::test_single_function_persistence 
[gw5] [ 78%] PASSED tests/unit/test_tool_handler.py::TestToolHandlerPersistence::test_single_function_persistence 
tests/unit/test_cli/test_save_auto_commands.py::TestSaveCommand::test_save_command_success 
[gw7] [ 78%] FAILED tests/unit/test_cli/test_fp_wizard_complete.py::TestFPWizardComplete::test_fp_par_branch_wizard 
tests/unit/test_cli/test_recombine_removal.py::TestRecombineCommandRemoval::test_combine_leaves_command_exists 
[gw1] [ 78%] PASSED tests/unit/test_self_tools.py::TestSelfTools::test_branch_self_method_restoration 
tests/unit/test_tool_handler.py::TestToolHandlerPersistence::test_file_persistence 
[gw9] [ 79%] PASSED tests/unit/test_self_tools.py::TestSelfTools::test_branch_self_with_allow_work_true 
tests/unit/test_tool_handler.py::TestToolHandlerPersistence::test_module_persistence 
[gw9] [ 79%] PASSED tests/unit/test_tool_handler.py::TestToolHandlerPersistence::test_module_persistence 
tests/unit/test_fp/test_fp_conditions.py::TestBasicConditions::test_tool_used_with_tools 
[gw1] [ 79%] PASSED tests/unit/test_tool_handler.py::TestToolHandlerPersistence::test_file_persistence 
tests/unit/test_cli/test_save_auto_commands.py::TestAutoCommand::test_auto_command_stops_when_no_tools_used 
[gw9] [ 79%] PASSED tests/unit/test_fp/test_fp_conditions.py::TestBasicConditions::test_tool_used_with_tools 
tests/unit/test_fp/test_fp_conditions.py::TestBasicConditions::test_tool_used_without_tools 
[gw9] [ 79%] PASSED tests/unit/test_fp/test_fp_conditions.py::TestBasicConditions::test_tool_used_without_tools 
tests/unit/test_fp/test_fp_conditions.py::TestBasicConditions::test_tool_not_used_without_tools 
[gw9] [ 79%] PASSED tests/unit/test_fp/test_fp_conditions.py::TestBasicConditions::test_tool_not_used_without_tools 
tests/unit/test_fp/test_fp_conditions.py::TestCompletionConditions::test_said_DONE_positive 
[gw9] [ 79%] PASSED tests/unit/test_fp/test_fp_conditions.py::TestCompletionConditions::test_said_DONE_positive 
tests/unit/test_fp/test_fp_conditions.py::TestCompletionConditions::test_said_DONE_negative 
[gw9] [ 79%] PASSED tests/unit/test_fp/test_fp_conditions.py::TestCompletionConditions::test_said_DONE_negative 
tests/unit/test_fp/test_fp_conditions.py::TestCompletionConditions::test_said_READY_positive 
[gw9] [ 79%] PASSED tests/unit/test_fp/test_fp_conditions.py::TestCompletionConditions::test_said_READY_positive 
tests/unit/test_fp/test_fp_conditions.py::TestCompletionConditions::test_said_READY_negative 
[gw9] [ 80%] PASSED tests/unit/test_fp/test_fp_conditions.py::TestCompletionConditions::test_said_READY_negative 
tests/unit/test_fp/test_fp_conditions.py::TestAdvancedConditions::test_no_new_tools_used_first_iteration 
[gw9] [ 80%] PASSED tests/unit/test_fp/test_fp_conditions.py::TestAdvancedConditions::test_no_new_tools_used_first_iteration 
tests/unit/test_fp/test_fp_conditions.py::TestAdvancedConditions::test_no_new_tools_used_with_new_tools 
[gw9] [ 80%] PASSED tests/unit/test_fp/test_fp_conditions.py::TestAdvancedConditions::test_no_new_tools_used_with_new_tools 
tests/unit/test_fp/test_fp_conditions.py::TestAdvancedConditions::test_no_new_tools_used_with_same_tools 
[gw9] [ 80%] PASSED tests/unit/test_fp/test_fp_conditions.py::TestAdvancedConditions::test_no_new_tools_used_with_same_tools 
tests/unit/test_fp/test_fp_conditions.py::TestAdvancedConditions::test_error_in_response_positive 
[gw9] [ 80%] PASSED tests/unit/test_fp/test_fp_conditions.py::TestAdvancedConditions::test_error_in_response_positive 
tests/unit/test_fp/test_fp_conditions.py::TestAdvancedConditions::test_error_in_response_negative 
[gw9] [ 80%] PASSED tests/unit/test_fp/test_fp_conditions.py::TestAdvancedConditions::test_error_in_response_negative 
tests/unit/test_fp/test_fp_conditions.py::TestAdvancedConditions::test_error_in_response_case_insensitive 
[gw9] [ 80%] PASSED tests/unit/test_fp/test_fp_conditions.py::TestAdvancedConditions::test_error_in_response_case_insensitive 
tests/unit/test_fp/test_fp_conditions.py::TestConditionIntegration::test_multiple_conditions_workflow 
[gw9] [ 80%] PASSED tests/unit/test_fp/test_fp_conditions.py::TestConditionIntegration::test_multiple_conditions_workflow 
tests/unit/test_fp/test_par_dispatch.py::TestParDispatch::test_basic_dispatch 
[gw9] [ 80%] PASSED tests/unit/test_fp/test_par_dispatch.py::TestParDispatch::test_basic_dispatch 
tests/unit/test_fp/test_par_dispatch.py::TestParDispatch::test_error_handling 
[gw9] [ 80%] PASSED tests/unit/test_fp/test_par_dispatch.py::TestParDispatch::test_error_handling 
tests/unit/test_fp/test_par_dispatch.py::TestParDispatch::test_parallel_execution 
[gw4] [ 81%] FAILED tests/e2e/test_cli_terminal_tool_integration.py::TestCLIRealTerminalTimeouts::test_powershell_here_string_real_bot 
tests/unit/test_save_load_openai.py::TestSaveLoadOpenAI::test_tool_execution_results 
[gw9] [ 81%] PASSED tests/unit/test_fp/test_par_dispatch.py::TestParDispatch::test_parallel_execution 
tests/unit/test_observability/test_backward_compatibility.py::TestBackwardCompatibility::test_bot_without_enable_tracing_parameter 
[gw9] [ 81%] PASSED tests/unit/test_observability/test_backward_compatibility.py::TestBackwardCompatibility::test_bot_without_enable_tracing_parameter 
tests/unit/test_observability/test_backward_compatibility.py::TestBackwardCompatibility::test_bot_with_tools_no_tracing 
[gw9] [ 81%] PASSED tests/unit/test_observability/test_backward_compatibility.py::TestBackwardCompatibility::test_bot_with_tools_no_tracing 
tests/unit/test_observability/test_backward_compatibility.py::TestBackwardCompatibility::test_existing_bot_initialization_parameters 
[gw9] [ 81%] PASSED tests/unit/test_observability/test_backward_compatibility.py::TestBackwardCompatibility::test_existing_bot_initialization_parameters 
tests/unit/test_observability/test_backward_compatibility.py::TestBackwardCompatibility::test_otel_not_imported_if_disabled 
[gw9] [ 81%] PASSED tests/unit/test_observability/test_backward_compatibility.py::TestBackwardCompatibility::test_otel_not_imported_if_disabled 
tests/unit/test_observability/test_backward_compatibility.py::TestBackwardCompatibility::test_no_performance_impact_when_disabled 
[gw9] [ 81%] PASSED tests/unit/test_observability/test_backward_compatibility.py::TestBackwardCompatibility::test_no_performance_impact_when_disabled 
tests/unit/test_observability/test_backward_compatibility.py::TestBackwardCompatibility::test_save_load_with_tracing_disabled 
[gw8] [ 81%] FAILED tests/e2e/test_cli_terminal_tool_integration.py::TestCLIRealTerminalTimeouts::test_complex_python_file_real_bot 
tests/integration/test_add_tools.py::TestAddTools2::test_invalid_input 
[gw8] [ 81%] PASSED tests/integration/test_add_tools.py::TestAddTools2::test_invalid_input 
tests/unit/test_observability/test_backward_compatibility.py::TestBackwardCompatibility::test_autosave_unchanged 
[gw8] [ 82%] PASSED tests/unit/test_observability/test_backward_compatibility.py::TestBackwardCompatibility::test_autosave_unchanged 
tests/unit/test_observability/test_backward_compatibility.py::TestBackwardCompatibility::test_multiple_bots_with_different_tracing_settings 
[gw8] [ 82%] PASSED tests/unit/test_observability/test_backward_compatibility.py::TestBackwardCompatibility::test_multiple_bots_with_different_tracing_settings 
tests/unit/test_observability/test_backward_compatibility.py::TestEnvironmentVariableCompatibility::test_otel_sdk_disabled_environment_variable 
[gw8] [ 82%] PASSED tests/unit/test_observability/test_backward_compatibility.py::TestEnvironmentVariableCompatibility::test_otel_sdk_disabled_environment_variable 
tests/unit/test_observability/test_backward_compatibility.py::TestEnvironmentVariableCompatibility::test_no_environment_variables_set 
[gw8] [ 82%] PASSED tests/unit/test_observability/test_backward_compatibility.py::TestEnvironmentVariableCompatibility::test_no_environment_variables_set 
tests/unit/test_observability/test_bot_tracing_unit.py::TestBotTracingConfiguration::test_bot_tracing_enabled_by_default 
[gw8] [ 82%] PASSED tests/unit/test_observability/test_bot_tracing_unit.py::TestBotTracingConfiguration::test_bot_tracing_enabled_by_default 
tests/unit/test_observability/test_bot_tracing_unit.py::TestBotTracingConfiguration::test_bot_tracing_disabled_explicitly 
[gw8] [ 82%] PASSED tests/unit/test_observability/test_bot_tracing_unit.py::TestBotTracingConfiguration::test_bot_tracing_disabled_explicitly 
tests/unit/test_observability/test_bot_tracing_unit.py::TestBotTracingConfiguration::test_bot_tracing_enabled_explicitly 
[gw8] [ 82%] PASSED tests/unit/test_observability/test_bot_tracing_unit.py::TestBotTracingConfiguration::test_bot_tracing_enabled_explicitly 
tests/unit/test_observability/test_bot_tracing_unit.py::TestBotTracingConfiguration::test_bot_tracing_respects_otel_disabled 
[gw8] [ 82%] PASSED tests/unit/test_observability/test_bot_tracing_unit.py::TestBotTracingConfiguration::test_bot_tracing_respects_otel_disabled 
tests/unit/test_observability/test_bot_tracing_unit.py::TestBotTracingConfiguration::test_bot_tracing_unavailable 
[gw8] [ 82%] PASSED tests/unit/test_observability/test_bot_tracing_unit.py::TestBotTracingConfiguration::test_bot_tracing_unavailable 
tests/unit/test_observability/test_bot_tracing_unit.py::TestBotRespondTracing::test_bot_respond_creates_span_when_enabled 
[gw8] [ 83%] PASSED tests/unit/test_observability/test_bot_tracing_unit.py::TestBotRespondTracing::test_bot_respond_creates_span_when_enabled 
tests/unit/test_observability/test_bot_tracing_unit.py::TestBotRespondTracing::test_bot_respond_no_span_when_disabled 
[gw8] [ 83%] PASSED tests/unit/test_observability/test_bot_tracing_unit.py::TestBotRespondTracing::test_bot_respond_no_span_when_disabled 
tests/unit/test_observability/test_bot_tracing_unit.py::TestBotRespondTracing::test_span_attributes_captured 
[gw8] [ 83%] PASSED tests/unit/test_observability/test_bot_tracing_unit.py::TestBotRespondTracing::test_span_attributes_captured 
tests/unit/test_observability/test_bot_tracing_unit.py::TestBotCvsnRespondTracing::test_bot_cvsn_respond_creates_span 
[gw8] [ 83%] PASSED tests/unit/test_observability/test_bot_tracing_unit.py::TestBotCvsnRespondTracing::test_bot_cvsn_respond_creates_span 
tests/unit/test_observability/test_bot_tracing_unit.py::TestToolHandlerTracing::test_tool_execution_creates_spans 
[gw8] [ 83%] PASSED tests/unit/test_observability/test_bot_tracing_unit.py::TestToolHandlerTracing::test_tool_execution_creates_spans 
tests/unit/test_observability/test_bot_tracing_unit.py::TestTracingIntegration::test_full_respond_cycle_with_tracing 
[gw8] [ 83%] PASSED tests/unit/test_observability/test_bot_tracing_unit.py::TestTracingIntegration::test_full_respond_cycle_with_tracing 
tests/unit/test_observability/test_callbacks.py::TestBotCallbacks::test_bot_callbacks_is_abstract 
[gw8] [ 83%] PASSED tests/unit/test_observability/test_callbacks.py::TestBotCallbacks::test_bot_callbacks_is_abstract 
tests/unit/test_observability/test_callbacks.py::TestBotCallbacks::test_all_methods_are_no_ops_by_default 
[gw8] [ 83%] PASSED tests/unit/test_observability/test_callbacks.py::TestBotCallbacks::test_all_methods_are_no_ops_by_default 
tests/unit/test_observability/test_callbacks.py::TestBotCallbacks::test_custom_callback_implementation 
[gw8] [ 83%] PASSED tests/unit/test_observability/test_callbacks.py::TestBotCallbacks::test_custom_callback_implementation 
tests/unit/test_observability/test_callbacks.py::TestOpenTelemetryCallbacks::test_on_respond_start_adds_event 
[gw8] [ 84%] PASSED tests/unit/test_observability/test_callbacks.py::TestOpenTelemetryCallbacks::test_on_respond_start_adds_event 
tests/unit/test_observability/test_callbacks.py::TestOpenTelemetryCallbacks::test_on_respond_complete_adds_event 
[gw8] [ 84%] PASSED tests/unit/test_observability/test_callbacks.py::TestOpenTelemetryCallbacks::test_on_respond_complete_adds_event 
tests/unit/test_observability/test_callbacks.py::TestOpenTelemetryCallbacks::test_on_respond_error_records_exception 
[gw8] [ 84%] PASSED tests/unit/test_observability/test_callbacks.py::TestOpenTelemetryCallbacks::test_on_respond_error_records_exception 
tests/unit/test_observability/test_callbacks.py::TestOpenTelemetryCallbacks::test_on_api_call_complete_sets_attributes 
[gw8] [ 84%] PASSED tests/unit/test_observability/test_callbacks.py::TestOpenTelemetryCallbacks::test_on_api_call_complete_sets_attributes 
tests/unit/test_observability/test_callbacks.py::TestOpenTelemetryCallbacks::test_on_tool_start_adds_event 
[gw8] [ 84%] PASSED tests/unit/test_observability/test_callbacks.py::TestOpenTelemetryCallbacks::test_on_tool_start_adds_event 
tests/unit/test_observability/test_callbacks.py::TestOpenTelemetryCallbacks::test_graceful_degradation_no_span 
[gw8] [ 84%] PASSED tests/unit/test_observability/test_callbacks.py::TestOpenTelemetryCallbacks::test_graceful_degradation_no_span 
tests/unit/test_observability/test_callbacks.py::TestOpenTelemetryCallbacks::test_graceful_degradation_span_not_recording 
[gw8] [ 84%] PASSED tests/unit/test_observability/test_callbacks.py::TestOpenTelemetryCallbacks::test_graceful_degradation_span_not_recording 
tests/unit/test_observability/test_callbacks.py::TestProgressCallbacks::test_non_verbose_mode_shows_dots 
[gw8] [ 84%] PASSED tests/unit/test_observability/test_callbacks.py::TestProgressCallbacks::test_non_verbose_mode_shows_dots 
tests/unit/test_observability/test_callbacks.py::TestProgressCallbacks::test_verbose_mode_shows_details 
[gw8] [ 84%] PASSED tests/unit/test_observability/test_callbacks.py::TestProgressCallbacks::test_verbose_mode_shows_details 
tests/unit/test_observability/test_callbacks.py::TestProgressCallbacks::test_tool_execution_indicators 
[gw8] [ 85%] PASSED tests/unit/test_observability/test_callbacks.py::TestProgressCallbacks::test_tool_execution_indicators 
tests/unit/test_observability/test_callbacks.py::TestProgressCallbacks::test_step_indicators 
[gw8] [ 85%] PASSED tests/unit/test_observability/test_callbacks.py::TestProgressCallbacks::test_step_indicators 
tests/unit/test_observability/test_callbacks.py::TestProgressCallbacks::test_non_verbose_tool_shows_dots 
[gw8] [ 85%] PASSED tests/unit/test_observability/test_callbacks.py::TestProgressCallbacks::test_non_verbose_tool_shows_dots 
tests/unit/test_observability/test_callbacks.py::TestProgressCallbacks::test_metadata_handling 
[gw8] [ 85%] PASSED tests/unit/test_observability/test_callbacks.py::TestProgressCallbacks::test_metadata_handling 
tests/unit/test_observability/test_callbacks.py::TestCallbackErrorHandling::test_callbacks_dont_break_on_none_metadata 
[gw8] [ 85%] PASSED tests/unit/test_observability/test_callbacks.py::TestCallbackErrorHandling::test_callbacks_dont_break_on_none_metadata 
tests/unit/test_observability/test_callbacks.py::TestCallbackErrorHandling::test_otel_callbacks_handle_missing_metadata_keys 
[gw8] [ 85%] PASSED tests/unit/test_observability/test_callbacks.py::TestCallbackErrorHandling::test_otel_callbacks_handle_missing_metadata_keys 
tests/unit/test_observability/test_callbacks.py::TestCallbackErrorHandling::test_progress_callbacks_handle_none_result 
[gw8] [ 85%] PASSED tests/unit/test_observability/test_callbacks.py::TestCallbackErrorHandling::test_progress_callbacks_handle_none_result 
tests/unit/test_observability/test_cost_calculator.py::TestNormalizeProvider::test_anthropic_variations 
[gw8] [ 85%] PASSED tests/unit/test_observability/test_cost_calculator.py::TestNormalizeProvider::test_anthropic_variations 
tests/unit/test_observability/test_cost_calculator.py::TestNormalizeProvider::test_openai_variations 
[gw8] [ 85%] PASSED tests/unit/test_observability/test_cost_calculator.py::TestNormalizeProvider::test_openai_variations 
tests/unit/test_observability/test_cost_calculator.py::TestNormalizeProvider::test_google_variations 
[gw8] [ 86%] PASSED tests/unit/test_observability/test_cost_calculator.py::TestNormalizeProvider::test_google_variations 
tests/unit/test_observability/test_cost_calculator.py::TestNormalizeProvider::test_invalid_provider 
[gw8] [ 86%] PASSED tests/unit/test_observability/test_cost_calculator.py::TestNormalizeProvider::test_invalid_provider 
tests/unit/test_observability/test_cost_calculator.py::TestNormalizeProvider::test_empty_provider 
[gw8] [ 86%] PASSED tests/unit/test_observability/test_cost_calculator.py::TestNormalizeProvider::test_empty_provider 
tests/unit/test_observability/test_cost_calculator.py::TestNormalizeModel::test_exact_match 
[gw8] [ 86%] PASSED tests/unit/test_observability/test_cost_calculator.py::TestNormalizeModel::test_exact_match 
tests/unit/test_observability/test_cost_calculator.py::TestNormalizeModel::test_case_insensitive 
[gw8] [ 86%] PASSED tests/unit/test_observability/test_cost_calculator.py::TestNormalizeModel::test_case_insensitive 
tests/unit/test_observability/test_cost_calculator.py::TestNormalizeModel::test_partial_match 
[gw8] [ 86%] PASSED tests/unit/test_observability/test_cost_calculator.py::TestNormalizeModel::test_partial_match 
tests/unit/test_observability/test_cost_calculator.py::TestNormalizeModel::test_unknown_model 
[gw8] [ 86%] PASSED tests/unit/test_observability/test_cost_calculator.py::TestNormalizeModel::test_unknown_model 
tests/unit/test_observability/test_cost_calculator.py::TestGetModelPricing::test_anthropic_models 
[gw8] [ 86%] PASSED tests/unit/test_observability/test_cost_calculator.py::TestGetModelPricing::test_anthropic_models 
tests/unit/test_observability/test_cost_calculator.py::TestGetModelPricing::test_openai_models 
[gw8] [ 86%] PASSED tests/unit/test_observability/test_cost_calculator.py::TestGetModelPricing::test_openai_models 
tests/unit/test_observability/test_cost_calculator.py::TestGetModelPricing::test_google_models 
[gw8] [ 87%] PASSED tests/unit/test_observability/test_cost_calculator.py::TestGetModelPricing::test_google_models 
tests/unit/test_observability/test_cost_calculator.py::TestCalculateCost::test_basic_calculation_anthropic 
[gw8] [ 87%] PASSED tests/unit/test_observability/test_cost_calculator.py::TestCalculateCost::test_basic_calculation_anthropic 
tests/unit/test_observability/test_cost_calculator.py::TestCalculateCost::test_basic_calculation_openai 
[gw8] [ 87%] PASSED tests/unit/test_observability/test_cost_calculator.py::TestCalculateCost::test_basic_calculation_openai 
tests/unit/test_observability/test_cost_calculator.py::TestCalculateCost::test_basic_calculation_google 
[gw8] [ 87%] PASSED tests/unit/test_observability/test_cost_calculator.py::TestCalculateCost::test_basic_calculation_google 
tests/unit/test_observability/test_cost_calculator.py::TestCalculateCost::test_small_token_counts 
[gw8] [ 87%] PASSED tests/unit/test_observability/test_cost_calculator.py::TestCalculateCost::test_small_token_counts 
tests/unit/test_observability/test_cost_calculator.py::TestCalculateCost::test_zero_tokens 
[gw8] [ 87%] PASSED tests/unit/test_observability/test_cost_calculator.py::TestCalculateCost::test_zero_tokens 
tests/unit/test_observability/test_cost_calculator.py::TestCalculateCost::test_large_token_counts 
[gw8] [ 87%] PASSED tests/unit/test_observability/test_cost_calculator.py::TestCalculateCost::test_large_token_counts 
tests/unit/test_observability/test_cost_calculator.py::TestCalculateCost::test_cache_discount_anthropic 
[gw8] [ 87%] PASSED tests/unit/test_observability/test_cost_calculator.py::TestCalculateCost::test_cache_discount_anthropic 
tests/unit/test_observability/test_cost_calculator.py::TestCalculateCost::test_cache_discount_openai 
[gw8] [ 87%] PASSED tests/unit/test_observability/test_cost_calculator.py::TestCalculateCost::test_cache_discount_openai 
tests/unit/test_observability/test_cost_calculator.py::TestCalculateCost::test_cache_discount_google 
[gw8] [ 88%] PASSED tests/unit/test_observability/test_cost_calculator.py::TestCalculateCost::test_cache_discount_google 
tests/unit/test_observability/test_cost_calculator.py::TestCalculateCost::test_batch_discount 
[gw8] [ 88%] PASSED tests/unit/test_observability/test_cost_calculator.py::TestCalculateCost::test_batch_discount 
tests/unit/test_observability/test_cost_calculator.py::TestCalculateCost::test_combined_cache_and_batch 
[gw8] [ 88%] PASSED tests/unit/test_observability/test_cost_calculator.py::TestCalculateCost::test_combined_cache_and_batch 
tests/unit/test_observability/test_cost_calculator.py::TestCalculateCost::test_negative_tokens_raises_error 
[gw8] [ 88%] PASSED tests/unit/test_observability/test_cost_calculator.py::TestCalculateCost::test_negative_tokens_raises_error 
tests/unit/test_observability/test_cost_calculator.py::TestCalculateCost::test_invalid_provider_raises_error 
[gw8] [ 88%] PASSED tests/unit/test_observability/test_cost_calculator.py::TestCalculateCost::test_invalid_provider_raises_error 
tests/unit/test_observability/test_cost_calculator.py::TestCalculateCost::test_invalid_model_raises_error 
[gw8] [ 88%] PASSED tests/unit/test_observability/test_cost_calculator.py::TestCalculateCost::test_invalid_model_raises_error 
tests/unit/test_observability/test_cost_calculator.py::TestCalculateCost::test_empty_strings_raise_error 
[gw8] [ 88%] PASSED tests/unit/test_observability/test_cost_calculator.py::TestCalculateCost::test_empty_strings_raise_error 
tests/unit/test_observability/test_cost_calculator.py::TestGetPricingInfo::test_get_all_providers 
[gw8] [ 88%] PASSED tests/unit/test_observability/test_cost_calculator.py::TestGetPricingInfo::test_get_all_providers 
tests/unit/test_observability/test_cost_calculator.py::TestGetPricingInfo::test_get_specific_provider 
[gw8] [ 88%] PASSED tests/unit/test_observability/test_cost_calculator.py::TestGetPricingInfo::test_get_specific_provider 
tests/unit/test_observability/test_cost_calculator.py::TestGetPricingInfo::test_get_specific_model 
[gw8] [ 89%] PASSED tests/unit/test_observability/test_cost_calculator.py::TestGetPricingInfo::test_get_specific_model 
tests/unit/test_observability/test_cost_calculator.py::TestGetPricingInfo::test_invalid_provider_returns_none 
[gw8] [ 89%] PASSED tests/unit/test_observability/test_cost_calculator.py::TestGetPricingInfo::test_invalid_provider_returns_none 
tests/unit/test_observability/test_cost_calculator.py::TestGetPricingInfo::test_invalid_model_returns_none 
[gw8] [ 89%] PASSED tests/unit/test_observability/test_cost_calculator.py::TestGetPricingInfo::test_invalid_model_returns_none 
tests/unit/test_observability/test_cost_calculator.py::TestPricingDataIntegrity::test_last_updated_present 
[gw8] [ 89%] PASSED tests/unit/test_observability/test_cost_calculator.py::TestPricingDataIntegrity::test_last_updated_present 
tests/unit/test_observability/test_cost_calculator.py::TestPricingDataIntegrity::test_all_providers_have_cache_discount 
[gw8] [ 89%] PASSED tests/unit/test_observability/test_cost_calculator.py::TestPricingDataIntegrity::test_all_providers_have_cache_discount 
tests/unit/test_observability/test_cost_calculator.py::TestPricingDataIntegrity::test_all_providers_have_batch_discount 
[gw8] [ 89%] PASSED tests/unit/test_observability/test_cost_calculator.py::TestPricingDataIntegrity::test_all_providers_have_batch_discount 
tests/unit/test_observability/test_cost_calculator.py::TestPricingDataIntegrity::test_all_models_have_input_output_pricing 
[gw8] [ 89%] PASSED tests/unit/test_observability/test_cost_calculator.py::TestPricingDataIntegrity::test_all_models_have_input_output_pricing 
tests/unit/test_observability/test_cost_calculator.py::TestPricingDataIntegrity::test_output_more_expensive_than_input 
[gw8] [ 89%] PASSED tests/unit/test_observability/test_cost_calculator.py::TestPricingDataIntegrity::test_output_more_expensive_than_input 
tests/unit/test_observability/test_cost_calculator.py::TestRealWorldScenarios::test_typical_conversation_cost 
[gw8] [ 89%] PASSED tests/unit/test_observability/test_cost_calculator.py::TestRealWorldScenarios::test_typical_conversation_cost 
tests/unit/test_observability/test_cost_calculator.py::TestRealWorldScenarios::test_long_document_analysis 
[gw8] [ 90%] PASSED tests/unit/test_observability/test_cost_calculator.py::TestRealWorldScenarios::test_long_document_analysis 
tests/unit/test_observability/test_cost_calculator.py::TestRealWorldScenarios::test_code_generation_task 
[gw8] [ 90%] PASSED tests/unit/test_observability/test_cost_calculator.py::TestRealWorldScenarios::test_code_generation_task 
tests/unit/test_observability/test_cost_calculator.py::TestRealWorldScenarios::test_budget_friendly_option 
[gw8] [ 90%] PASSED tests/unit/test_observability/test_cost_calculator.py::TestRealWorldScenarios::test_budget_friendly_option 
tests/unit/test_observability/test_metrics.py::TestMetricsSetup::test_setup_metrics_once 
[gw8] [ 90%] PASSED tests/unit/test_observability/test_metrics.py::TestMetricsSetup::test_setup_metrics_once 
tests/unit/test_observability/test_metrics.py::TestMetricsSetup::test_setup_metrics_disabled 
[gw8] [ 90%] PASSED tests/unit/test_observability/test_metrics.py::TestMetricsSetup::test_setup_metrics_disabled 
tests/unit/test_observability/test_metrics.py::TestMetricsSetup::test_is_metrics_enabled 
[gw8] [ 90%] PASSED tests/unit/test_observability/test_metrics.py::TestMetricsSetup::test_is_metrics_enabled 
tests/unit/test_observability/test_metrics.py::TestResponseTimeMetrics::test_record_response_time_success 
[gw8] [ 90%] PASSED tests/unit/test_observability/test_metrics.py::TestResponseTimeMetrics::test_record_response_time_success 
tests/unit/test_observability/test_metrics.py::TestResponseTimeMetrics::test_record_response_time_failure 
[gw8] [ 90%] PASSED tests/unit/test_observability/test_metrics.py::TestResponseTimeMetrics::test_record_response_time_failure 
tests/unit/test_observability/test_metrics.py::TestResponseTimeMetrics::test_record_response_time_not_initialized 
[gw8] [ 90%] PASSED tests/unit/test_observability/test_metrics.py::TestResponseTimeMetrics::test_record_response_time_not_initialized 
tests/unit/test_observability/test_metrics.py::TestApiCallMetrics::test_record_api_call_success 
[gw8] [ 90%] PASSED tests/unit/test_observability/test_metrics.py::TestApiCallMetrics::test_record_api_call_success 
tests/unit/test_observability/test_metrics.py::TestApiCallMetrics::test_record_api_call_error 
[gw8] [ 91%] PASSED tests/unit/test_observability/test_metrics.py::TestApiCallMetrics::test_record_api_call_error 
tests/unit/test_observability/test_metrics.py::TestApiCallMetrics::test_record_api_call_timeout 
[gw8] [ 91%] PASSED tests/unit/test_observability/test_metrics.py::TestApiCallMetrics::test_record_api_call_timeout 
tests/unit/test_observability/test_metrics.py::TestToolExecutionMetrics::test_record_tool_execution_success 
[gw8] [ 91%] PASSED tests/unit/test_observability/test_metrics.py::TestToolExecutionMetrics::test_record_tool_execution_success 
tests/unit/test_observability/test_metrics.py::TestToolExecutionMetrics::test_record_tool_execution_failure 
[gw8] [ 91%] PASSED tests/unit/test_observability/test_metrics.py::TestToolExecutionMetrics::test_record_tool_execution_failure 
tests/unit/test_observability/test_metrics.py::TestTokenMetrics::test_record_tokens 
[gw8] [ 91%] PASSED tests/unit/test_observability/test_metrics.py::TestTokenMetrics::test_record_tokens 
tests/unit/test_observability/test_metrics.py::TestTokenMetrics::test_record_tokens_zero 
[gw8] [ 91%] PASSED tests/unit/test_observability/test_metrics.py::TestTokenMetrics::test_record_tokens_zero 
tests/unit/test_observability/test_metrics.py::TestCostMetrics::test_record_cost 
[gw8] [ 91%] PASSED tests/unit/test_observability/test_metrics.py::TestCostMetrics::test_record_cost 
tests/unit/test_observability/test_metrics.py::TestCostMetrics::test_record_cost_zero 
[gw8] [ 91%] PASSED tests/unit/test_observability/test_metrics.py::TestCostMetrics::test_record_cost_zero 
tests/unit/test_observability/test_metrics.py::TestCostMetrics::test_record_cost_large 
[gw8] [ 91%] PASSED tests/unit/test_observability/test_metrics.py::TestCostMetrics::test_record_cost_large 
tests/unit/test_observability/test_metrics.py::TestErrorMetrics::test_record_error 
[gw8] [ 92%] PASSED tests/unit/test_observability/test_metrics.py::TestErrorMetrics::test_record_error 
tests/unit/test_observability/test_metrics.py::TestErrorMetrics::test_record_multiple_errors 
[gw8] [ 92%] PASSED tests/unit/test_observability/test_metrics.py::TestErrorMetrics::test_record_multiple_errors 
tests/unit/test_observability/test_metrics.py::TestToolFailureMetrics::test_record_tool_failure 
[gw8] [ 92%] PASSED tests/unit/test_observability/test_metrics.py::TestToolFailureMetrics::test_record_tool_failure 
tests/unit/test_observability/test_metrics.py::TestToolFailureMetrics::test_record_multiple_tool_failures 
[gw8] [ 92%] PASSED tests/unit/test_observability/test_metrics.py::TestToolFailureMetrics::test_record_multiple_tool_failures 
tests/unit/test_observability/test_metrics.py::TestMessageBuildingMetrics::test_record_message_building 
[gw8] [ 92%] PASSED tests/unit/test_observability/test_metrics.py::TestMessageBuildingMetrics::test_record_message_building 
tests/unit/test_observability/test_metrics.py::TestGracefulDegradation::test_record_when_not_initialized 
[gw8] [ 92%] PASSED tests/unit/test_observability/test_metrics.py::TestGracefulDegradation::test_record_when_not_initialized 
tests/unit/test_observability/test_metrics.py::TestGracefulDegradation::test_metrics_not_available 
[gw8] [ 92%] PASSED tests/unit/test_observability/test_metrics.py::TestGracefulDegradation::test_metrics_not_available 
tests/unit/test_observability/test_metrics.py::TestGetMeter::test_get_meter 
[gw8] [ 92%] PASSED tests/unit/test_observability/test_metrics.py::TestGetMeter::test_get_meter 
tests/unit/test_observability/test_metrics.py::TestGetMeter::test_get_meter_not_initialized 
[gw8] [ 92%] PASSED tests/unit/test_observability/test_metrics.py::TestGetMeter::test_get_meter_not_initialized 
tests/unit/test_observability/test_metrics.py::TestCustomExporter::test_simplified_exporter_import 
[gw8] [ 93%] PASSED tests/unit/test_observability/test_metrics.py::TestCustomExporter::test_simplified_exporter_import 
tests/unit/test_observability/test_metrics.py::TestCustomExporter::test_simplified_exporter_verbose_on 
[gw8] [ 93%] PASSED tests/unit/test_observability/test_metrics.py::TestCustomExporter::test_simplified_exporter_verbose_on 
tests/unit/test_observability/test_metrics.py::TestCustomExporter::test_simplified_exporter_verbose_off 
[gw8] [ 93%] PASSED tests/unit/test_observability/test_metrics.py::TestCustomExporter::test_simplified_exporter_verbose_off 
tests/unit/test_observability/test_metrics.py::TestCustomExporter::test_simplified_exporter_toggle_verbose 
[gw8] [ 93%] PASSED tests/unit/test_observability/test_metrics.py::TestCustomExporter::test_simplified_exporter_toggle_verbose 
tests/unit/test_observability/test_metrics.py::TestSetMetricsVerbose::test_set_metrics_verbose_function_exists 
[gw8] [ 93%] PASSED tests/unit/test_observability/test_metrics.py::TestSetMetricsVerbose::test_set_metrics_verbose_function_exists 
tests/unit/test_observability/test_metrics.py::TestSetMetricsVerbose::test_set_metrics_verbose_with_custom_exporter 
[gw8] [ 93%] PASSED tests/unit/test_observability/test_metrics.py::TestSetMetricsVerbose::test_set_metrics_verbose_with_custom_exporter 
tests/unit/test_observability/test_metrics.py::TestSetMetricsVerbose::test_set_metrics_verbose_without_custom_exporter 
[gw8] [ 93%] PASSED tests/unit/test_observability/test_metrics.py::TestSetMetricsVerbose::test_set_metrics_verbose_without_custom_exporter 
tests/unit/test_observability/test_metrics.py::TestSetMetricsVerbose::test_setup_metrics_with_verbose_parameter 
[gw8] [ 93%] PASSED tests/unit/test_observability/test_metrics.py::TestSetMetricsVerbose::test_setup_metrics_with_verbose_parameter 
tests/unit/test_observability/test_tracing_config.py::TestObservabilityConfig::test_default_config 
[gw8] [ 93%] PASSED tests/unit/test_observability/test_tracing_config.py::TestObservabilityConfig::test_default_config 
tests/unit/test_observability/test_tracing_config.py::TestObservabilityConfig::test_custom_config_values 
[gw8] [ 94%] PASSED tests/unit/test_observability/test_tracing_config.py::TestObservabilityConfig::test_custom_config_values 
tests/unit/test_observability/test_tracing_config.py::TestLoadConfigFromEnv::test_load_config_from_env_defaults 
[gw8] [ 94%] PASSED tests/unit/test_observability/test_tracing_config.py::TestLoadConfigFromEnv::test_load_config_from_env_defaults 
tests/unit/test_observability/test_tracing_config.py::TestLoadConfigFromEnv::test_otel_sdk_disabled_true 
[gw8] [ 94%] PASSED tests/unit/test_observability/test_tracing_config.py::TestLoadConfigFromEnv::test_otel_sdk_disabled_true 
tests/unit/test_observability/test_tracing_config.py::TestLoadConfigFromEnv::test_otel_sdk_disabled_case_insensitive 
[gw8] [ 94%] PASSED tests/unit/test_observability/test_tracing_config.py::TestLoadConfigFromEnv::test_otel_sdk_disabled_case_insensitive 
tests/unit/test_observability/test_tracing_config.py::TestLoadConfigFromEnv::test_otel_sdk_disabled_false 
[gw8] [ 94%] PASSED tests/unit/test_observability/test_tracing_config.py::TestLoadConfigFromEnv::test_otel_sdk_disabled_false 
tests/unit/test_observability/test_tracing_config.py::TestLoadConfigFromEnv::test_custom_exporter_type_console 
[gw8] [ 94%] PASSED tests/unit/test_observability/test_tracing_config.py::TestLoadConfigFromEnv::test_custom_exporter_type_console 
tests/unit/test_observability/test_tracing_config.py::TestLoadConfigFromEnv::test_custom_exporter_type_otlp 
[gw8] [ 94%] PASSED tests/unit/test_observability/test_tracing_config.py::TestLoadConfigFromEnv::test_custom_exporter_type_otlp 
tests/unit/test_observability/test_tracing_config.py::TestLoadConfigFromEnv::test_custom_exporter_type_none 
[gw8] [ 94%] PASSED tests/unit/test_observability/test_tracing_config.py::TestLoadConfigFromEnv::test_custom_exporter_type_none 
tests/unit/test_observability/test_tracing_config.py::TestLoadConfigFromEnv::test_otlp_endpoint 
[gw8] [ 94%] PASSED tests/unit/test_observability/test_tracing_config.py::TestLoadConfigFromEnv::test_otlp_endpoint 
tests/unit/test_observability/test_tracing_config.py::TestLoadConfigFromEnv::test_service_name 
[gw8] [ 95%] PASSED tests/unit/test_observability/test_tracing_config.py::TestLoadConfigFromEnv::test_service_name 
tests/unit/test_observability/test_tracing_config.py::TestLoadConfigFromEnv::test_otel_sdk_disabled_overrides_all 
[gw8] [ 95%] PASSED tests/unit/test_observability/test_tracing_config.py::TestLoadConfigFromEnv::test_otel_sdk_disabled_overrides_all 
tests/unit/test_observability/test_tracing_config.py::TestLoadConfigFromEnv::test_multiple_env_vars_together 
[gw8] [ 95%] PASSED tests/unit/test_observability/test_tracing_config.py::TestLoadConfigFromEnv::test_multiple_env_vars_together 
tests/unit/test_observability/test_tracing_config.py::TestLoadConfigFromEnv::test_empty_string_env_vars 
[gw8] [ 95%] PASSED tests/unit/test_observability/test_tracing_config.py::TestLoadConfigFromEnv::test_empty_string_env_vars 
tests/unit/test_observability/test_tracing_config.py::TestConfigPrecedence::test_otel_sdk_disabled_is_highest_priority 
[gw8] [ 95%] PASSED tests/unit/test_observability/test_tracing_config.py::TestConfigPrecedence::test_otel_sdk_disabled_is_highest_priority 
tests/unit/test_observability/test_tracing_config.py::TestConfigPrecedence::test_standard_otel_env_vars_respected 
[gw8] [ 95%] PASSED tests/unit/test_observability/test_tracing_config.py::TestConfigPrecedence::test_standard_otel_env_vars_respected 
tests/unit/test_observability/test_tracing_setup.py::TestTracingSetup::test_is_tracing_enabled_default 
[gw8] [ 95%] PASSED tests/unit/test_observability/test_tracing_setup.py::TestTracingSetup::test_is_tracing_enabled_default 
tests/unit/test_observability/test_tracing_setup.py::TestTracingSetup::test_is_tracing_enabled_when_disabled 
[gw8] [ 95%] PASSED tests/unit/test_observability/test_tracing_setup.py::TestTracingSetup::test_is_tracing_enabled_when_disabled 
tests/unit/test_observability/test_tracing_setup.py::TestTracingSetup::test_is_tracing_enabled_case_insensitive 
[gw9] [ 95%] PASSED tests/unit/test_observability/test_backward_compatibility.py::TestBackwardCompatibility::test_save_load_with_tracing_disabled 
[gw8] [ 96%] PASSED tests/unit/test_observability/test_tracing_setup.py::TestTracingSetup::test_is_tracing_enabled_case_insensitive 
tests/unit/test_observability/test_backward_compatibility.py::TestBackwardCompatibility::test_conversation_tree_unchanged 
tests/unit/test_observability/test_tracing_setup.py::TestTracingSetup::test_setup_tracing_idempotent 
[gw9] [ 96%] PASSED tests/unit/test_observability/test_backward_compatibility.py::TestBackwardCompatibility::test_conversation_tree_unchanged 
[gw8] [ 96%] PASSED tests/unit/test_observability/test_tracing_setup.py::TestTracingSetup::test_setup_tracing_idempotent 
tests/unit/test_observability/test_tracing_setup.py::TestTracingSetup::test_setup_tracing_with_none_exporter 
tests/unit/test_observability/test_tracing_setup.py::TestTracingSetup::test_setup_tracing_with_console_exporter 
[gw8] [ 96%] PASSED tests/unit/test_observability/test_tracing_setup.py::TestTracingSetup::test_setup_tracing_with_none_exporter 
[gw9] [ 96%] PASSED tests/unit/test_observability/test_tracing_setup.py::TestTracingSetup::test_setup_tracing_with_console_exporter 
tests/unit/test_observability/test_tracing_setup.py::TestTracingSetup::test_get_tracer_returns_tracer 
tests/unit/test_observability/test_tracing_setup.py::TestTracingSetup::test_setup_tracing_respects_disabled_flag 
[gw8] [ 96%] PASSED tests/unit/test_observability/test_tracing_setup.py::TestTracingSetup::test_get_tracer_returns_tracer 
[gw9] [ 96%] PASSED tests/unit/test_observability/test_tracing_setup.py::TestTracingSetup::test_setup_tracing_respects_disabled_flag 
tests/unit/test_observability/test_tracing_setup.py::TestTracingSetup::test_get_tracer_auto_initializes 
tests/unit/test_observability/test_tracing_setup.py::TestTracingSetup::test_get_tracer_with_disabled_sdk 
[gw8] [ 96%] PASSED tests/unit/test_observability/test_tracing_setup.py::TestTracingSetup::test_get_tracer_auto_initializes 
[gw9] [ 96%] PASSED tests/unit/test_observability/test_tracing_setup.py::TestTracingSetup::test_get_tracer_with_disabled_sdk 
tests/unit/test_observability/test_tracing_setup.py::TestTracingSetup::test_get_default_tracing_preference_default 
tests/unit/test_observability/test_tracing_setup.py::TestTracingSetup::test_get_default_tracing_preference_disabled 
[gw8] [ 97%] PASSED tests/unit/test_observability/test_tracing_setup.py::TestTracingSetup::test_get_default_tracing_preference_default 
[gw9] [ 97%] PASSED tests/unit/test_observability/test_tracing_setup.py::TestTracingSetup::test_get_default_tracing_preference_disabled 
tests/unit/test_observability/test_tracing_setup.py::TestTracingSetup::test_get_default_tracing_preference_enabled 
tests/unit/test_observability/test_tracing_setup.py::TestTracingSetup::test_configure_exporter_console 
[gw8] [ 97%] PASSED tests/unit/test_observability/test_tracing_setup.py::TestTracingSetup::test_get_default_tracing_preference_enabled 
[gw9] [ 97%] PASSED tests/unit/test_observability/test_tracing_setup.py::TestTracingSetup::test_configure_exporter_console 
tests/unit/test_observability/test_tracing_setup.py::TestTracingSetup::test_configure_exporter_custom 
tests/unit/test_observability/test_tracing_setup.py::TestTracingIntegration::test_span_creation_and_attributes 
[gw8] [ 97%] PASSED tests/unit/test_observability/test_tracing_setup.py::TestTracingSetup::test_configure_exporter_custom 
[gw9] [ 97%] PASSED tests/unit/test_observability/test_tracing_setup.py::TestTracingIntegration::test_span_creation_and_attributes 
tests/unit/test_observability/test_tracing_setup.py::TestTracingIntegration::test_span_events 
tests/unit/test_observability/test_tracing_setup.py::TestTracingIntegration::test_multiple_tracers 
[gw8] [ 97%] PASSED tests/unit/test_observability/test_tracing_setup.py::TestTracingIntegration::test_span_events 
[gw9] [ 97%] PASSED tests/unit/test_observability/test_tracing_setup.py::TestTracingIntegration::test_multiple_tracers 
[gw4] [ 97%] PASSED tests/unit/test_save_load_openai.py::TestSaveLoadOpenAI::test_tool_execution_results 
tests/unit/test_observability/test_backward_compatibility.py::TestBackwardCompatibility::test_bot_respond_without_tracing 
[gw4] [ 98%] PASSED tests/unit/test_observability/test_backward_compatibility.py::TestBackwardCompatibility::test_bot_respond_without_tracing 
[gw2] [ 98%] FAILED tests/unit/test_cli/test_save_auto_commands.py::TestSaveCommand::test_save_command_auto_extension 
tests/unit/test_cli/test_save_auto_commands.py::TestSaveCommand::test_save_command_cancelled 
[gw5] [ 98%] FAILED tests/unit/test_cli/test_save_auto_commands.py::TestSaveCommand::test_save_command_success 
tests/unit/test_cli/test_save_auto_commands.py::TestAutoCommand::test_auto_command_error_handling 
[gw0] [ 98%] PASSED tests/unit/test_self_tools.py::TestSelfTools::test_debug_output_format 
tests/unit/test_cli/test_fp_wizard_complete.py::TestFPWizardComplete::test_fp_single_prompt_wizard 
[gw0] [ 98%] FAILED tests/unit/test_cli/test_fp_wizard_complete.py::TestFPWizardComplete::test_fp_single_prompt_wizard 
[gw7] [ 98%] FAILED tests/unit/test_cli/test_recombine_removal.py::TestRecombineCommandRemoval::test_combine_leaves_command_exists 
tests/unit/test_cli/test_save_auto_commands.py::TestAutoCommand::test_auto_command_interrupted_by_user 
[gw5] [ 98%] FAILED tests/unit/test_cli/test_save_auto_commands.py::TestAutoCommand::test_auto_command_error_handling 
[gw2] [ 98%] FAILED tests/unit/test_cli/test_save_auto_commands.py::TestSaveCommand::test_save_command_cancelled 
[gw7] [ 98%] FAILED tests/unit/test_cli/test_save_auto_commands.py::TestAutoCommand::test_auto_command_interrupted_by_user 
[gw10] [ 99%] PASSED tests/unit/test_self_tools.py::TestSelfTools::test_branch_self_tool_result_contamination_detailed 
tests/unit/test_self_tools.py::TestSelfTools::test_parallel_vs_sequential_branching_comparison 
[gw3] [ 99%] PASSED tests/unit/test_self_tools.py::TestSelfTools::test_branch_self_basic_functionality 
tests/unit/test_self_tools.py::TestSelfTools::test_get_own_info 
[gw3] [ 99%] PASSED tests/unit/test_self_tools.py::TestSelfTools::test_get_own_info 
[gw6] [ 99%] PASSED tests/unit/test_self_tools.py::TestSelfTools::test_nested_branch_self_tool_result_isolation 
tests/unit/test_toolify_integration.py::TestToolifyRealWorldScenarios::test_text_processing_tools 
[gw6] [ 99%] PASSED tests/unit/test_toolify_integration.py::TestToolifyRealWorldScenarios::test_text_processing_tools 
[gw11] [ 99%] PASSED tests/unit/test_self_tools.py::TestSelfTools::test_deeper_nesting_stress_test 
tests/unit/test_tool_handler.py::TestToolHandlerPersistence::test_tool_preservation 
[gw11] [ 99%] PASSED tests/unit/test_tool_handler.py::TestToolHandlerPersistence::test_tool_preservation 
[gw10] [ 99%] PASSED tests/unit/test_self_tools.py::TestSelfTools::test_parallel_vs_sequential_branching_comparison 
[gw1] [ 99%] FAILED tests/unit/test_cli/test_save_auto_commands.py::TestAutoCommand::test_auto_command_stops_when_no_tools_used 
tests/unit/test_fp/test_fp_conditions.py::TestBasicConditions::test_tool_not_used_with_tools 
[gw1] [100%] PASSED tests/unit/test_fp/test_fp_conditions.py::TestBasicConditions::test_tool_not_used_with_tools 

================================== FAILURES ===================================
_____ TestBroadcastFPWizardComplete.test_broadcast_fp_branch_while_wizard _____
[gw6] win32 -- Python 3.12.9 C:\Users\benbu\AppData\Local\Programs\Python\Python312-arm64\python.exe
tests\e2e\test_broadcast_fp_wizard_complete.py:170: in test_broadcast_fp_branch_while_wizard
    cli_module.main("")
bots\dev\cli.py:1976: in main
    cli.run()
bots\dev\cli.py:1675: in run
    user_input = input(f"{COLOR_USER}You: {COLOR_RESET}").strip()
..\..\..\AppData\Local\Programs\Python\Python312-arm64\Lib\unittest\mock.py:1139: in __call__
    return self._mock_call(*args, **kwargs)
..\..\..\AppData\Local\Programs\Python\Python312-arm64\Lib\unittest\mock.py:1143: in _mock_call
    return self._execute_mock_call(*args, **kwargs)
..\..\..\AppData\Local\Programs\Python\Python312-arm64\Lib\unittest\mock.py:1200: in _execute_mock_call
    result = next(effect)
E   StopIteration
________ TestBroadcastFPWizardComplete.test_broadcast_fp_branch_wizard ________
[gw6] win32 -- Python 3.12.9 C:\Users\benbu\AppData\Local\Programs\Python\Python312-arm64\python.exe
tests\e2e\test_broadcast_fp_wizard_complete.py:50: in test_broadcast_fp_branch_wizard
    cli_module.main("")
bots\dev\cli.py:1976: in main
    cli.run()
bots\dev\cli.py:1675: in run
    user_input = input(f"{COLOR_USER}You: {COLOR_RESET}").strip()
..\..\..\AppData\Local\Programs\Python\Python312-arm64\Lib\unittest\mock.py:1139: in __call__
    return self._mock_call(*args, **kwargs)
..\..\..\AppData\Local\Programs\Python\Python312-arm64\Lib\unittest\mock.py:1143: in _mock_call
    return self._execute_mock_call(*args, **kwargs)
..\..\..\AppData\Local\Programs\Python\Python312-arm64\Lib\unittest\mock.py:1200: in _execute_mock_call
    result = next(effect)
E   StopIteration
__________ TestBranchSelfIntegration.test_branch_self_error_handling __________
[gw5] win32 -- Python 3.12.9 C:\Users\benbu\AppData\Local\Programs\Python\Python312-arm64\python.exe
tests\e2e\test_branch_self_integration.py:173: in test_branch_self_error_handling
    cli.run()
bots\dev\cli.py:1675: in run
    user_input = input(f"{COLOR_USER}You: {COLOR_RESET}").strip()
..\..\..\AppData\Local\Programs\Python\Python312-arm64\Lib\unittest\mock.py:1139: in __call__
    return self._mock_call(*args, **kwargs)
..\..\..\AppData\Local\Programs\Python\Python312-arm64\Lib\unittest\mock.py:1143: in _mock_call
    return self._execute_mock_call(*args, **kwargs)
..\..\..\AppData\Local\Programs\Python\Python312-arm64\Lib\unittest\mock.py:1200: in _execute_mock_call
    result = next(effect)
E   StopIteration
_____ TestBroadcastFPWizardComplete.test_broadcast_fp_chain_while_wizard ______
[gw6] win32 -- Python 3.12.9 C:\Users\benbu\AppData\Local\Programs\Python\Python312-arm64\python.exe
tests\e2e\test_broadcast_fp_wizard_complete.py:139: in test_broadcast_fp_chain_while_wizard
    cli_module.main("")
bots\dev\cli.py:1976: in main
    cli.run()
bots\dev\cli.py:1675: in run
    user_input = input(f"{COLOR_USER}You: {COLOR_RESET}").strip()
..\..\..\AppData\Local\Programs\Python\Python312-arm64\Lib\unittest\mock.py:1139: in __call__
    return self._mock_call(*args, **kwargs)
..\..\..\AppData\Local\Programs\Python\Python312-arm64\Lib\unittest\mock.py:1143: in _mock_call
    return self._execute_mock_call(*args, **kwargs)
..\..\..\AppData\Local\Programs\Python\Python312-arm64\Lib\unittest\mock.py:1200: in _execute_mock_call
    result = next(effect)
E   StopIteration
_ TestBroadcastFPWizardComplete.test_broadcast_fp_complex_recursive_scenario __
[gw6] win32 -- Python 3.12.9 C:\Users\benbu\AppData\Local\Programs\Python\Python312-arm64\python.exe
tests\e2e\test_broadcast_fp_wizard_complete.py:303: in test_broadcast_fp_complex_recursive_scenario
    cli_module.main("")
bots\dev\cli.py:1976: in main
    cli.run()
bots\dev\cli.py:1675: in run
    user_input = input(f"{COLOR_USER}You: {COLOR_RESET}").strip()
..\..\..\AppData\Local\Programs\Python\Python312-arm64\Lib\unittest\mock.py:1139: in __call__
    return self._mock_call(*args, **kwargs)
..\..\..\AppData\Local\Programs\Python\Python312-arm64\Lib\unittest\mock.py:1143: in _mock_call
    return self._execute_mock_call(*args, **kwargs)
..\..\..\AppData\Local\Programs\Python\Python312-arm64\Lib\unittest\mock.py:1200: in _execute_mock_call
    result = next(effect)
E   StopIteration
_____ TestBroadcastFPWizardComplete.test_broadcast_fp_no_leaves_scenario ______
[gw6] win32 -- Python 3.12.9 C:\Users\benbu\AppData\Local\Programs\Python\Python312-arm64\python.exe
tests\e2e\test_broadcast_fp_wizard_complete.py:263: in test_broadcast_fp_no_leaves_scenario
    cli_module.main("")
bots\dev\cli.py:1976: in main
    cli.run()
bots\dev\cli.py:1675: in run
    user_input = input(f"{COLOR_USER}You: {COLOR_RESET}").strip()
..\..\..\AppData\Local\Programs\Python\Python312-arm64\Lib\unittest\mock.py:1139: in __call__
    return self._mock_call(*args, **kwargs)
..\..\..\AppData\Local\Programs\Python\Python312-arm64\Lib\unittest\mock.py:1143: in _mock_call
    return self._execute_mock_call(*args, **kwargs)
..\..\..\AppData\Local\Programs\Python\Python312-arm64\Lib\unittest\mock.py:1200: in _execute_mock_call
    result = next(effect)
E   StopIteration
_____ TestBroadcastFPWizardComplete.test_broadcast_fp_prompt_while_wizard _____
[gw6] win32 -- Python 3.12.9 C:\Users\benbu\AppData\Local\Programs\Python\Python312-arm64\python.exe
tests\e2e\test_broadcast_fp_wizard_complete.py:108: in test_broadcast_fp_prompt_while_wizard
    cli_module.main("")
bots\dev\cli.py:1976: in main
    cli.run()
bots\dev\cli.py:1675: in run
    user_input = input(f"{COLOR_USER}You: {COLOR_RESET}").strip()
..\..\..\AppData\Local\Programs\Python\Python312-arm64\Lib\unittest\mock.py:1139: in __call__
    return self._mock_call(*args, **kwargs)
..\..\..\AppData\Local\Programs\Python\Python312-arm64\Lib\unittest\mock.py:1143: in _mock_call
    return self._execute_mock_call(*args, **kwargs)
..\..\..\AppData\Local\Programs\Python\Python312-arm64\Lib\unittest\mock.py:1200: in _execute_mock_call
    result = next(effect)
E   StopIteration
__ TestBroadcastFPWizardComplete.test_broadcast_fp_selective_leaf_targeting ___
[gw6] win32 -- Python 3.12.9 C:\Users\benbu\AppData\Local\Programs\Python\Python312-arm64\python.exe
tests\e2e\test_broadcast_fp_wizard_complete.py:198: in test_broadcast_fp_selective_leaf_targeting
    cli_module.main("")
bots\dev\cli.py:1976: in main
    cli.run()
bots\dev\cli.py:1675: in run
    user_input = input(f"{COLOR_USER}You: {COLOR_RESET}").strip()
..\..\..\AppData\Local\Programs\Python\Python312-arm64\Lib\unittest\mock.py:1139: in __call__
    return self._mock_call(*args, **kwargs)
..\..\..\AppData\Local\Programs\Python\Python312-arm64\Lib\unittest\mock.py:1143: in _mock_call
    return self._execute_mock_call(*args, **kwargs)
..\..\..\AppData\Local\Programs\Python\Python312-arm64\Lib\unittest\mock.py:1200: in _execute_mock_call
    result = next(effect)
E   StopIteration
___ TestBroadcastFPWizardComplete.test_broadcast_fp_tree_of_thought_wizard ____
[gw6] win32 -- Python 3.12.9 C:\Users\benbu\AppData\Local\Programs\Python\Python312-arm64\python.exe
tests\e2e\test_broadcast_fp_wizard_complete.py:80: in test_broadcast_fp_tree_of_thought_wizard
    cli_module.main("")
bots\dev\cli.py:1976: in main
    cli.run()
bots\dev\cli.py:1675: in run
    user_input = input(f"{COLOR_USER}You: {COLOR_RESET}").strip()
..\..\..\AppData\Local\Programs\Python\Python312-arm64\Lib\unittest\mock.py:1139: in __call__
    return self._mock_call(*args, **kwargs)
..\..\..\AppData\Local\Programs\Python\Python312-arm64\Lib\unittest\mock.py:1143: in _mock_call
    return self._execute_mock_call(*args, **kwargs)
..\..\..\AppData\Local\Programs\Python\Python312-arm64\Lib\unittest\mock.py:1200: in _execute_mock_call
    result = next(effect)
E   StopIteration
_ TestBroadcastFPFunctionalSuccess.test_broadcast_fp_with_par_branch_via_cli __
[gw8] win32 -- Python 3.12.9 C:\Users\benbu\AppData\Local\Programs\Python\Python312-arm64\python.exe
tests\e2e\test_broadcast_fp_comprehensive.py:129: in test_broadcast_fp_with_par_branch_via_cli
    cli_module.main("")
bots\dev\cli.py:1976: in main
    cli.run()
bots\dev\cli.py:1675: in run
    user_input = input(f"{COLOR_USER}You: {COLOR_RESET}").strip()
..\..\..\AppData\Local\Programs\Python\Python312-arm64\Lib\unittest\mock.py:1139: in __call__
    return self._mock_call(*args, **kwargs)
..\..\..\AppData\Local\Programs\Python\Python312-arm64\Lib\unittest\mock.py:1143: in _mock_call
    return self._execute_mock_call(*args, **kwargs)
..\..\..\AppData\Local\Programs\Python\Python312-arm64\Lib\unittest\mock.py:1200: in _execute_mock_call
    result = next(effect)
E   StopIteration
______________________ TestCLIBasics.test_config_command ______________________
[gw6] win32 -- Python 3.12.9 C:\Users\benbu\AppData\Local\Programs\Python\Python312-arm64\python.exe
tests\e2e\test_cli.py:129: in test_config_command
    cli_module.main("")
bots\dev\cli.py:1976: in main
    cli.run()
bots\dev\cli.py:1675: in run
    user_input = input(f"{COLOR_USER}You: {COLOR_RESET}").strip()
..\..\..\AppData\Local\Programs\Python\Python312-arm64\Lib\unittest\mock.py:1139: in __call__
    return self._mock_call(*args, **kwargs)
..\..\..\AppData\Local\Programs\Python\Python312-arm64\Lib\unittest\mock.py:1143: in _mock_call
    return self._execute_mock_call(*args, **kwargs)
..\..\..\AppData\Local\Programs\Python\Python312-arm64\Lib\unittest\mock.py:1200: in _execute_mock_call
    result = next(effect)
E   StopIteration
_ TestBroadcastFPFunctionalSuccess.test_broadcast_fp_with_par_branch_while_via_cli _
[gw7] win32 -- Python 3.12.9 C:\Users\benbu\AppData\Local\Programs\Python\Python312-arm64\python.exe
tests\e2e\test_broadcast_fp_comprehensive.py:156: in test_broadcast_fp_with_par_branch_while_via_cli
    cli_module.main("")
bots\dev\cli.py:1976: in main
    cli.run()
bots\dev\cli.py:1675: in run
    user_input = input(f"{COLOR_USER}You: {COLOR_RESET}").strip()
..\..\..\AppData\Local\Programs\Python\Python312-arm64\Lib\unittest\mock.py:1139: in __call__
    return self._mock_call(*args, **kwargs)
..\..\..\AppData\Local\Programs\Python\Python312-arm64\Lib\unittest\mock.py:1143: in _mock_call
    return self._execute_mock_call(*args, **kwargs)
..\..\..\AppData\Local\Programs\Python\Python312-arm64\Lib\unittest\mock.py:1200: in _execute_mock_call
    result = next(effect)
E   StopIteration
_______________________ TestCLIBasics.test_help_command _______________________
[gw6] win32 -- Python 3.12.9 C:\Users\benbu\AppData\Local\Programs\Python\Python312-arm64\python.exe
tests\e2e\test_cli.py:104: in test_help_command
    cli_module.main("")
bots\dev\cli.py:1976: in main
    cli.run()
bots\dev\cli.py:1675: in run
    user_input = input(f"{COLOR_USER}You: {COLOR_RESET}").strip()
..\..\..\AppData\Local\Programs\Python\Python312-arm64\Lib\unittest\mock.py:1139: in __call__
    return self._mock_call(*args, **kwargs)
..\..\..\AppData\Local\Programs\Python\Python312-arm64\Lib\unittest\mock.py:1143: in _mock_call
    return self._execute_mock_call(*args, **kwargs)
..\..\..\AppData\Local\Programs\Python\Python312-arm64\Lib\unittest\mock.py:1200: in _execute_mock_call
    result = next(effect)
E   StopIteration
____________ TestConversationNavigation.test_down_command_at_leaf _____________
[gw6] win32 -- Python 3.12.9 C:\Users\benbu\AppData\Local\Programs\Python\Python312-arm64\python.exe
tests\e2e\test_cli.py:170: in test_down_command_at_leaf
    cli_module.main("")
bots\dev\cli.py:1976: in main
    cli.run()
bots\dev\cli.py:1675: in run
    user_input = input(f"{COLOR_USER}You: {COLOR_RESET}").strip()
..\..\..\AppData\Local\Programs\Python\Python312-arm64\Lib\unittest\mock.py:1139: in __call__
    return self._mock_call(*args, **kwargs)
..\..\..\AppData\Local\Programs\Python\Python312-arm64\Lib\unittest\mock.py:1143: in _mock_call
    return self._execute_mock_call(*args, **kwargs)
..\..\..\AppData\Local\Programs\Python\Python312-arm64\Lib\unittest\mock.py:1200: in _execute_mock_call
    result = next(effect)
E   StopIteration
_____________ TestConversationNavigation.test_up_command_at_root ______________
[gw6] win32 -- Python 3.12.9 C:\Users\benbu\AppData\Local\Programs\Python\Python312-arm64\python.exe
tests\e2e\test_cli.py:159: in test_up_command_at_root
    cli_module.main("")
bots\dev\cli.py:1976: in main
    cli.run()
bots\dev\cli.py:1675: in run
    user_input = input(f"{COLOR_USER}You: {COLOR_RESET}").strip()
..\..\..\AppData\Local\Programs\Python\Python312-arm64\Lib\unittest\mock.py:1139: in __call__
    return self._mock_call(*args, **kwargs)
..\..\..\AppData\Local\Programs\Python\Python312-arm64\Lib\unittest\mock.py:1143: in _mock_call
    return self._execute_mock_call(*args, **kwargs)
..\..\..\AppData\Local\Programs\Python\Python312-arm64\Lib\unittest\mock.py:1200: in _execute_mock_call
    result = next(effect)
E   StopIteration
_ TestBroadcastFPFunctionalSuccess.test_broadcast_fp_with_single_prompt_via_cli _
[gw7] win32 -- Python 3.12.9 C:\Users\benbu\AppData\Local\Programs\Python\Python312-arm64\python.exe
tests\e2e\test_broadcast_fp_comprehensive.py:80: in test_broadcast_fp_with_single_prompt_via_cli
    cli_module.main("")
bots\dev\cli.py:1976: in main
    cli.run()
bots\dev\cli.py:1675: in run
    user_input = input(f"{COLOR_USER}You: {COLOR_RESET}").strip()
..\..\..\AppData\Local\Programs\Python\Python312-arm64\Lib\unittest\mock.py:1139: in __call__
    return self._mock_call(*args, **kwargs)
..\..\..\AppData\Local\Programs\Python\Python312-arm64\Lib\unittest\mock.py:1143: in _mock_call
    return self._execute_mock_call(*args, **kwargs)
..\..\..\AppData\Local\Programs\Python\Python312-arm64\Lib\unittest\mock.py:1200: in _execute_mock_call
    result = next(effect)
E   StopIteration
_______________ TestLabelingSystem.test_label_nonexistent_jump ________________
[gw0] win32 -- Python 3.12.9 C:\Users\benbu\AppData\Local\Programs\Python\Python312-arm64\python.exe
tests\e2e\test_cli.py:210: in test_label_nonexistent_jump
    cli_module.main("")
bots\dev\cli.py:1976: in main
    cli.run()
bots\dev\cli.py:1675: in run
    user_input = input(f"{COLOR_USER}You: {COLOR_RESET}").strip()
..\..\..\AppData\Local\Programs\Python\Python312-arm64\Lib\unittest\mock.py:1139: in __call__
    return self._mock_call(*args, **kwargs)
..\..\..\AppData\Local\Programs\Python\Python312-arm64\Lib\unittest\mock.py:1143: in _mock_call
    return self._execute_mock_call(*args, **kwargs)
..\..\..\AppData\Local\Programs\Python\Python312-arm64\Lib\unittest\mock.py:1200: in _execute_mock_call
    result = next(effect)
E   StopIteration
________________ TestLabelingSystem.test_label_create_and_jump ________________
[gw6] win32 -- Python 3.12.9 C:\Users\benbu\AppData\Local\Programs\Python\Python312-arm64\python.exe
tests\e2e\test_cli.py:193: in test_label_create_and_jump
    cli_module.main("")
bots\dev\cli.py:1976: in main
    cli.run()
bots\dev\cli.py:1675: in run
    user_input = input(f"{COLOR_USER}You: {COLOR_RESET}").strip()
..\..\..\AppData\Local\Programs\Python\Python312-arm64\Lib\unittest\mock.py:1139: in __call__
    return self._mock_call(*args, **kwargs)
..\..\..\AppData\Local\Programs\Python\Python312-arm64\Lib\unittest\mock.py:1143: in _mock_call
    return self._execute_mock_call(*args, **kwargs)
..\..\..\AppData\Local\Programs\Python\Python312-arm64\Lib\unittest\mock.py:1200: in _execute_mock_call
    result = next(effect)
E   StopIteration
________________ TestConversationNavigation.test_root_command _________________
[gw7] win32 -- Python 3.12.9 C:\Users\benbu\AppData\Local\Programs\Python\Python312-arm64\python.exe
tests\e2e\test_cli.py:147: in test_root_command
    cli_module.main("")
bots\dev\cli.py:1976: in main
    cli.run()
bots\dev\cli.py:1675: in run
    user_input = input(f"{COLOR_USER}You: {COLOR_RESET}").strip()
..\..\..\AppData\Local\Programs\Python\Python312-arm64\Lib\unittest\mock.py:1139: in __call__
    return self._mock_call(*args, **kwargs)
..\..\..\AppData\Local\Programs\Python\Python312-arm64\Lib\unittest\mock.py:1143: in _mock_call
    return self._execute_mock_call(*args, **kwargs)
..\..\..\AppData\Local\Programs\Python\Python312-arm64\Lib\unittest\mock.py:1200: in _execute_mock_call
    result = next(effect)
E   StopIteration
__________________ TestLabelingSystem.test_label_empty_input __________________
[gw6] win32 -- Python 3.12.9 C:\Users\benbu\AppData\Local\Programs\Python\Python312-arm64\python.exe
tests\e2e\test_cli.py:221: in test_label_empty_input
    cli_module.main("")
bots\dev\cli.py:1976: in main
    cli.run()
bots\dev\cli.py:1675: in run
    user_input = input(f"{COLOR_USER}You: {COLOR_RESET}").strip()
..\..\..\AppData\Local\Programs\Python\Python312-arm64\Lib\unittest\mock.py:1139: in __call__
    return self._mock_call(*args, **kwargs)
..\..\..\AppData\Local\Programs\Python\Python312-arm64\Lib\unittest\mock.py:1143: in _mock_call
    return self._execute_mock_call(*args, **kwargs)
..\..\..\AppData\Local\Programs\Python\Python312-arm64\Lib\unittest\mock.py:1200: in _execute_mock_call
    result = next(effect)
E   StopIteration
___________________ TestErrorHandling.test_invalid_command ____________________
[gw7] win32 -- Python 3.12.9 C:\Users\benbu\AppData\Local\Programs\Python\Python312-arm64\python.exe
tests\e2e\test_cli.py:305: in test_invalid_command
    cli_module.main("")
bots\dev\cli.py:1976: in main
    cli.run()
bots\dev\cli.py:1675: in run
    user_input = input(f"{COLOR_USER}You: {COLOR_RESET}").strip()
..\..\..\AppData\Local\Programs\Python\Python312-arm64\Lib\unittest\mock.py:1139: in __call__
    return self._mock_call(*args, **kwargs)
..\..\..\AppData\Local\Programs\Python\Python312-arm64\Lib\unittest\mock.py:1143: in _mock_call
    return self._execute_mock_call(*args, **kwargs)
..\..\..\AppData\Local\Programs\Python\Python312-arm64\Lib\unittest\mock.py:1200: in _execute_mock_call
    result = next(effect)
E   StopIteration
___________ TestFunctionalPrompts.test_fp_command_invalid_selection ___________
[gw6] win32 -- Python 3.12.9 C:\Users\benbu\AppData\Local\Programs\Python\Python312-arm64\python.exe
tests\e2e\test_cli.py:290: in test_fp_command_invalid_selection
    cli_module.main("")
bots\dev\cli.py:1976: in main
    cli.run()
bots\dev\cli.py:1675: in run
    user_input = input(f"{COLOR_USER}You: {COLOR_RESET}").strip()
..\..\..\AppData\Local\Programs\Python\Python312-arm64\Lib\unittest\mock.py:1139: in __call__
    return self._mock_call(*args, **kwargs)
..\..\..\AppData\Local\Programs\Python\Python312-arm64\Lib\unittest\mock.py:1143: in _mock_call
    return self._execute_mock_call(*args, **kwargs)
..\..\..\AppData\Local\Programs\Python\Python312-arm64\Lib\unittest\mock.py:1200: in _execute_mock_call
    result = next(effect)
E   StopIteration
_____________ TestErrorHandling.test_keyboard_interrupt_handling ______________
[gw7] win32 -- Python 3.12.9 C:\Users\benbu\AppData\Local\Programs\Python\Python312-arm64\python.exe
tests\e2e\test_cli.py:317: in test_keyboard_interrupt_handling
    cli_module.main("")
bots\dev\cli.py:1976: in main
    cli.run()
bots\dev\cli.py:1675: in run
    user_input = input(f"{COLOR_USER}You: {COLOR_RESET}").strip()
..\..\..\AppData\Local\Programs\Python\Python312-arm64\Lib\unittest\mock.py:1139: in __call__
    return self._mock_call(*args, **kwargs)
..\..\..\AppData\Local\Programs\Python\Python312-arm64\Lib\unittest\mock.py:1143: in _mock_call
    return self._execute_mock_call(*args, **kwargs)
..\..\..\AppData\Local\Programs\Python\Python312-arm64\Lib\unittest\mock.py:1200: in _execute_mock_call
    result = next(effect)
E   StopIteration
______________ TestConfigManagement.test_config_invalid_setting _______________
[gw6] win32 -- Python 3.12.9 C:\Users\benbu\AppData\Local\Programs\Python\Python312-arm64\python.exe
tests\e2e\test_cli.py:354: in test_config_invalid_setting
    cli_module.main("")
bots\dev\cli.py:1976: in main
    cli.run()
bots\dev\cli.py:1675: in run
    user_input = input(f"{COLOR_USER}You: {COLOR_RESET}").strip()
..\..\..\AppData\Local\Programs\Python\Python312-arm64\Lib\unittest\mock.py:1139: in __call__
    return self._mock_call(*args, **kwargs)
..\..\..\AppData\Local\Programs\Python\Python312-arm64\Lib\unittest\mock.py:1143: in _mock_call
    return self._execute_mock_call(*args, **kwargs)
..\..\..\AppData\Local\Programs\Python\Python312-arm64\Lib\unittest\mock.py:1200: in _execute_mock_call
    result = next(effect)
E   StopIteration
________________ TestConfigManagement.test_config_set_verbose _________________
[gw7] win32 -- Python 3.12.9 C:\Users\benbu\AppData\Local\Programs\Python\Python312-arm64\python.exe
tests\e2e\test_cli.py:332: in test_config_set_verbose
    cli_module.main("")
bots\dev\cli.py:1976: in main
    cli.run()
bots\dev\cli.py:1675: in run
    user_input = input(f"{COLOR_USER}You: {COLOR_RESET}").strip()
..\..\..\AppData\Local\Programs\Python\Python312-arm64\Lib\unittest\mock.py:1139: in __call__
    return self._mock_call(*args, **kwargs)
..\..\..\AppData\Local\Programs\Python\Python312-arm64\Lib\unittest\mock.py:1143: in _mock_call
    return self._execute_mock_call(*args, **kwargs)
..\..\..\AppData\Local\Programs\Python\Python312-arm64\Lib\unittest\mock.py:1200: in _execute_mock_call
    result = next(effect)
E   StopIteration
_________________ TestConfigManagement.test_config_set_width __________________
[gw6] win32 -- Python 3.12.9 C:\Users\benbu\AppData\Local\Programs\Python\Python312-arm64\python.exe
tests\e2e\test_cli.py:343: in test_config_set_width
    cli_module.main("")
bots\dev\cli.py:1976: in main
    cli.run()
bots\dev\cli.py:1675: in run
    user_input = input(f"{COLOR_USER}You: {COLOR_RESET}").strip()
..\..\..\AppData\Local\Programs\Python\Python312-arm64\Lib\unittest\mock.py:1139: in __call__
    return self._mock_call(*args, **kwargs)
..\..\..\AppData\Local\Programs\Python\Python312-arm64\Lib\unittest\mock.py:1143: in _mock_call
    return self._execute_mock_call(*args, **kwargs)
..\..\..\AppData\Local\Programs\Python\Python312-arm64\Lib\unittest\mock.py:1200: in _execute_mock_call
    result = next(effect)
E   StopIteration
____ TestBroadcastFPFunctionalSuccess.test_broadcast_fp_with_chain_via_cli ____
[gw9] win32 -- Python 3.12.9 C:\Users\benbu\AppData\Local\Programs\Python\Python312-arm64\python.exe
tests\e2e\test_broadcast_fp_comprehensive.py:106: in test_broadcast_fp_with_chain_via_cli
    cli_module.main("")
bots\dev\cli.py:1976: in main
    cli.run()
bots\dev\cli.py:1675: in run
    user_input = input(f"{COLOR_USER}You: {COLOR_RESET}").strip()
..\..\..\AppData\Local\Programs\Python\Python312-arm64\Lib\unittest\mock.py:1139: in __call__
    return self._mock_call(*args, **kwargs)
..\..\..\AppData\Local\Programs\Python\Python312-arm64\Lib\unittest\mock.py:1143: in _mock_call
    return self._execute_mock_call(*args, **kwargs)
..\..\..\AppData\Local\Programs\Python\Python312-arm64\Lib\unittest\mock.py:1200: in _execute_mock_call
    result = next(effect)
E   StopIteration
_ TestBroadcastFPRecursiveBranching.test_broadcast_fp_leaf_selection_with_multiple_leaves _
[gw8] win32 -- Python 3.12.9 C:\Users\benbu\AppData\Local\Programs\Python\Python312-arm64\python.exe
tests\e2e\test_broadcast_fp_comprehensive.py:215: in test_broadcast_fp_leaf_selection_with_multiple_leaves
    cli_module.main("")
bots\dev\cli.py:1976: in main
    cli.run()
bots\dev\cli.py:1675: in run
    user_input = input(f"{COLOR_USER}You: {COLOR_RESET}").strip()
..\..\..\AppData\Local\Programs\Python\Python312-arm64\Lib\unittest\mock.py:1139: in __call__
    return self._mock_call(*args, **kwargs)
..\..\..\AppData\Local\Programs\Python\Python312-arm64\Lib\unittest\mock.py:1143: in _mock_call
    return self._execute_mock_call(*args, **kwargs)
..\..\..\AppData\Local\Programs\Python\Python312-arm64\Lib\unittest\mock.py:1200: in _execute_mock_call
    result = next(effect)
E   StopIteration
__________________ TestCLIBasics.test_verbose_quiet_commands __________________
[gw8] win32 -- Python 3.12.9 C:\Users\benbu\AppData\Local\Programs\Python\Python312-arm64\python.exe
tests\e2e\test_cli.py:117: in test_verbose_quiet_commands
    cli_module.main("")
bots\dev\cli.py:1976: in main
    cli.run()
bots\dev\cli.py:1675: in run
    user_input = input(f"{COLOR_USER}You: {COLOR_RESET}").strip()
..\..\..\AppData\Local\Programs\Python\Python312-arm64\Lib\unittest\mock.py:1139: in __call__
    return self._mock_call(*args, **kwargs)
..\..\..\AppData\Local\Programs\Python\Python312-arm64\Lib\unittest\mock.py:1143: in _mock_call
    return self._execute_mock_call(*args, **kwargs)
..\..\..\AppData\Local\Programs\Python\Python312-arm64\Lib\unittest\mock.py:1200: in _execute_mock_call
    result = next(effect)
E   StopIteration
_ TestBranchSelfIntegration.test_branch_self_nested_directory_and_file_creation _
[gw4] win32 -- Python 3.12.9 C:\Users\benbu\AppData\Local\Programs\Python\Python312-arm64\python.exe
tests\e2e\test_branch_self_integration.py:81: in test_branch_self_nested_directory_and_file_creation
    cli.run()
bots\dev\cli.py:1675: in run
    user_input = input(f"{COLOR_USER}You: {COLOR_RESET}").strip()
..\..\..\AppData\Local\Programs\Python\Python312-arm64\Lib\unittest\mock.py:1139: in __call__
    return self._mock_call(*args, **kwargs)
..\..\..\AppData\Local\Programs\Python\Python312-arm64\Lib\unittest\mock.py:1143: in _mock_call
    return self._execute_mock_call(*args, **kwargs)
..\..\..\AppData\Local\Programs\Python\Python312-arm64\Lib\unittest\mock.py:1200: in _execute_mock_call
    result = next(effect)
E   StopIteration
------------------------------ Captured log call ------------------------------
[33mWARNING [0m bots.foundation.base:base.py:2543 Callback on_respond_start failed: 'str' object has no attribute 'on_respond_start'
[33mWARNING [0m bots.foundation.base:base.py:2543 Callback on_respond_start failed: 'str' object has no attribute 'on_respond_start'
[33mWARNING [0m bots.foundation.base:base.py:2543 Callback on_respond_start failed: 'str' object has no attribute 'on_respond_start'
[33mWARNING [0m bots.foundation.base:base.py:2677 Callback on_api_call_complete failed: 'str' object has no attribute 'on_api_call_complete'
[33mWARNING [0m bots.foundation.base:base.py:2558 Callback on_respond_complete failed: 'str' object has no attribute 'on_respond_complete'
[33mWARNING [0m bots.foundation.base:base.py:2543 Callback on_respond_start failed: 'str' object has no attribute 'on_respond_start'
[33mWARNING [0m bots.foundation.base:base.py:2677 Callback on_api_call_complete failed: 'str' object has no attribute 'on_api_call_complete'
[33mWARNING [0m bots.foundation.base:base.py:2558 Callback on_respond_complete failed: 'str' object has no attribute 'on_respond_complete'
[33mWARNING [0m bots.foundation.base:base.py:2543 Callback on_respond_start failed: 'str' object has no attribute 'on_respond_start'
[33mWARNING [0m bots.foundation.base:base.py:2677 Callback on_api_call_complete failed: 'str' object has no attribute 'on_api_call_complete'
[33mWARNING [0m bots.foundation.base:base.py:2558 Callback on_respond_complete failed: 'str' object has no attribute 'on_respond_complete'
[33mWARNING [0m bots.foundation.base:base.py:2543 Callback on_respond_start failed: 'str' object has no attribute 'on_respond_start'
[33mWARNING [0m bots.foundation.base:base.py:2677 Callback on_api_call_complete failed: 'str' object has no attribute 'on_api_call_complete'
[33mWARNING [0m bots.foundation.base:base.py:2558 Callback on_respond_complete failed: 'str' object has no attribute 'on_respond_complete'
[33mWARNING [0m bots.foundation.base:base.py:2543 Callback on_respond_start failed: 'str' object has no attribute 'on_respond_start'
[33mWARNING [0m bots.foundation.base:base.py:2677 Callback on_api_call_complete failed: 'str' object has no attribute 'on_api_call_complete'
[33mWARNING [0m bots.foundation.base:base.py:2558 Callback on_respond_complete failed: 'str' object has no attribute 'on_respond_complete'
[33mWARNING [0m bots.foundation.base:base.py:2543 Callback on_respond_start failed: 'str' object has no attribute 'on_respond_start'
[33mWARNING [0m bots.foundation.base:base.py:2677 Callback on_api_call_complete failed: 'str' object has no attribute 'on_api_call_complete'
[33mWARNING [0m bots.foundation.base:base.py:2558 Callback on_respond_complete failed: 'str' object has no attribute 'on_respond_complete'
[33mWARNING [0m bots.foundation.base:base.py:2543 Callback on_respond_start failed: 'str' object has no attribute 'on_respond_start'
[33mWARNING [0m bots.foundation.base:base.py:2677 Callback on_api_call_complete failed: 'str' object has no attribute 'on_api_call_complete'
[33mWARNING [0m bots.foundation.base:base.py:2543 Callback on_respond_start failed: 'str' object has no attribute 'on_respond_start'
[33mWARNING [0m bots.foundation.base:base.py:2543 Callback on_respond_start failed: 'str' object has no attribute 'on_respond_start'
[33mWARNING [0m bots.foundation.base:base.py:2543 Callback on_respond_start failed: 'str' object has no attribute 'on_respond_start'
[33mWARNING [0m bots.foundation.base:base.py:2677 Callback on_api_call_complete failed: 'str' object has no attribute 'on_api_call_complete'
[33mWARNING [0m bots.foundation.base:base.py:2543 Callback on_respond_start failed: 'str' object has no attribute 'on_respond_start'
[33mWARNING [0m bots.foundation.base:base.py:2543 Callback on_respond_start failed: 'str' object has no attribute 'on_respond_start'
[33mWARNING [0m bots.foundation.base:base.py:2543 Callback on_respond_start failed: 'str' object has no attribute 'on_respond_start'
[33mWARNING [0m bots.foundation.base:base.py:2677 Callback on_api_call_complete failed: 'str' object has no attribute 'on_api_call_complete'
[33mWARNING [0m bots.foundation.base:base.py:2543 Callback on_respond_start failed: 'str' object has no attribute 'on_respond_start'
[33mWARNING [0m bots.foundation.base:base.py:2543 Callback on_respond_start failed: 'str' object has no attribute 'on_respond_start'
[33mWARNING [0m bots.foundation.base:base.py:2543 Callback on_respond_start failed: 'str' object has no attribute 'on_respond_start'
[33mWARNING [0m bots.foundation.base:base.py:2677 Callback on_api_call_complete failed: 'str' object has no attribute 'on_api_call_complete'
[33mWARNING [0m bots.foundation.base:base.py:2558 Callback on_respond_complete failed: 'str' object has no attribute 'on_respond_complete'
[33mWARNING [0m bots.foundation.base:base.py:2543 Callback on_respond_start failed: 'str' object has no attribute 'on_respond_start'
[33mWARNING [0m bots.foundation.base:base.py:2677 Callback on_api_call_complete failed: 'str' object has no attribute 'on_api_call_complete'
[33mWARNING [0m bots.foundation.base:base.py:2558 Callback on_respond_complete failed: 'str' object has no attribute 'on_respond_complete'
[33mWARNING [0m bots.foundation.base:base.py:2543 Callback on_respond_start failed: 'str' object has no attribute 'on_respond_start'
[33mWARNING [0m bots.foundation.base:base.py:2677 Callback on_api_call_complete failed: 'str' object has no attribute 'on_api_call_complete'
[33mWARNING [0m bots.foundation.base:base.py:2558 Callback on_respond_complete failed: 'str' object has no attribute 'on_respond_complete'
[33mWARNING [0m bots.foundation.base:base.py:2543 Callback on_respond_start failed: 'str' object has no attribute 'on_respond_start'
[33mWARNING [0m bots.foundation.base:base.py:2677 Callback on_api_call_complete failed: 'str' object has no attribute 'on_api_call_complete'
[33mWARNING [0m bots.foundation.base:base.py:2558 Callback on_respond_complete failed: 'str' object has no attribute 'on_respond_complete'
[33mWARNING [0m bots.foundation.base:base.py:2543 Callback on_respond_start failed: 'str' object has no attribute 'on_respond_start'
[33mWARNING [0m bots.foundation.base:base.py:2677 Callback on_api_call_complete failed: 'str' object has no attribute 'on_api_call_complete'
[33mWARNING [0m bots.foundation.base:base.py:2677 Callback on_api_call_complete failed: 'str' object has no attribute 'on_api_call_complete'
[33mWARNING [0m bots.foundation.base:base.py:2558 Callback on_respond_complete failed: 'str' object has no attribute 'on_respond_complete'
[33mWARNING [0m bots.foundation.base:base.py:2543 Callback on_respond_start failed: 'str' object has no attribute 'on_respond_start'
[33mWARNING [0m bots.foundation.base:base.py:2558 Callback on_respond_complete failed: 'str' object has no attribute 'on_respond_complete'
[33mWARNING [0m bots.foundation.base:base.py:2543 Callback on_respond_start failed: 'str' object has no attribute 'on_respond_start'
[33mWARNING [0m bots.foundation.base:base.py:2677 Callback on_api_call_complete failed: 'str' object has no attribute 'on_api_call_complete'
[33mWARNING [0m bots.foundation.base:base.py:2677 Callback on_api_call_complete failed: 'str' object has no attribute 'on_api_call_complete'
[33mWARNING [0m bots.foundation.base:base.py:2558 Callback on_respond_complete failed: 'str' object has no attribute 'on_respond_complete'
[33mWARNING [0m bots.foundation.base:base.py:2543 Callback on_respond_start failed: 'str' object has no attribute 'on_respond_start'
[33mWARNING [0m bots.foundation.base:base.py:2558 Callback on_respond_complete failed: 'str' object has no attribute 'on_respond_complete'
[33mWARNING [0m bots.foundation.base:base.py:2543 Callback on_respond_start failed: 'str' object has no attribute 'on_respond_start'
[33mWARNING [0m bots.foundation.base:base.py:2677 Callback on_api_call_complete failed: 'str' object has no attribute 'on_api_call_complete'
[33mWARNING [0m bots.foundation.base:base.py:2558 Callback on_respond_complete failed: 'str' object has no attribute 'on_respond_complete'
[33mWARNING [0m bots.foundation.base:base.py:2543 Callback on_respond_start failed: 'str' object has no attribute 'on_respond_start'
[33mWARNING [0m bots.foundation.base:base.py:2677 Callback on_api_call_complete failed: 'str' object has no attribute 'on_api_call_complete'
[33mWARNING [0m bots.foundation.base:base.py:2558 Callback on_respond_complete failed: 'str' object has no attribute 'on_respond_complete'
[33mWARNING [0m bots.foundation.base:base.py:2677 Callback on_api_call_complete failed: 'str' object has no attribute 'on_api_call_complete'
[33mWARNING [0m bots.foundation.base:base.py:2558 Callback on_respond_complete failed: 'str' object has no attribute 'on_respond_complete'
[33mWARNING [0m bots.foundation.base:base.py:2677 Callback on_api_call_complete failed: 'str' object has no attribute 'on_api_call_complete'
[33mWARNING [0m bots.foundation.base:base.py:2558 Callback on_respond_complete failed: 'str' object has no attribute 'on_respond_complete'
[33mWARNING [0m bots.foundation.base:base.py:2677 Callback on_api_call_complete failed: 'str' object has no attribute 'on_api_call_complete'
[33mWARNING [0m bots.foundation.base:base.py:2558 Callback on_respond_complete failed: 'str' object has no attribute 'on_respond_complete'
[33mWARNING [0m bots.foundation.base:base.py:2677 Callback on_api_call_complete failed: 'str' object has no attribute 'on_api_call_complete'
[33mWARNING [0m bots.foundation.base:base.py:2558 Callback on_respond_complete failed: 'str' object has no attribute 'on_respond_complete'
[33mWARNING [0m bots.foundation.base:base.py:2677 Callback on_api_call_complete failed: 'str' object has no attribute 'on_api_call_complete'
[33mWARNING [0m bots.foundation.base:base.py:2558 Callback on_respond_complete failed: 'str' object has no attribute 'on_respond_complete'
[33mWARNING [0m bots.foundation.base:base.py:2558 Callback on_respond_complete failed: 'str' object has no attribute 'on_respond_complete'
[33mWARNING [0m bots.foundation.base:base.py:2543 Callback on_respond_start failed: 'str' object has no attribute 'on_respond_start'
[33mWARNING [0m bots.foundation.base:base.py:2677 Callback on_api_call_complete failed: 'str' object has no attribute 'on_api_call_complete'
[33mWARNING [0m bots.foundation.base:base.py:2558 Callback on_respond_complete failed: 'str' object has no attribute 'on_respond_complete'
[33mWARNING [0m bots.foundation.base:base.py:2677 Callback on_api_call_complete failed: 'str' object has no attribute 'on_api_call_complete'
[33mWARNING [0m bots.foundation.base:base.py:2558 Callback on_respond_complete failed: 'str' object has no attribute 'on_respond_complete'
[33mWARNING [0m bots.foundation.base:base.py:2558 Callback on_respond_complete failed: 'str' object has no attribute 'on_respond_complete'
[33mWARNING [0m bots.foundation.base:base.py:2543 Callback on_respond_start failed: 'str' object has no attribute 'on_respond_start'
[33mWARNING [0m bots.foundation.base:base.py:2677 Callback on_api_call_complete failed: 'str' object has no attribute 'on_api_call_complete'
[33mWARNING [0m bots.foundation.base:base.py:2558 Callback on_respond_complete failed: 'str' object has no attribute 'on_respond_complete'
[33mWARNING [0m bots.foundation.base:base.py:2558 Callback on_respond_complete failed: 'str' object has no attribute 'on_respond_complete'
[33mWARNING [0m bots.foundation.base:base.py:2543 Callback on_respond_start failed: 'str' object has no attribute 'on_respond_start'
[33mWARNING [0m bots.foundation.base:base.py:2677 Callback on_api_call_complete failed: 'str' object has no attribute 'on_api_call_complete'
[33mWARNING [0m bots.foundation.base:base.py:2558 Callback on_respond_complete failed: 'str' object has no attribute 'on_respond_complete'
[33mWARNING [0m bots.foundation.base:base.py:2677 Callback on_api_call_complete failed: 'str' object has no attribute 'on_api_call_complete'
[33mWARNING [0m bots.foundation.base:base.py:2558 Callback on_respond_complete failed: 'str' object has no attribute 'on_respond_complete'
[33mWARNING [0m bots.foundation.base:base.py:2677 Callback on_api_call_complete failed: 'str' object has no attribute 'on_api_call_complete'
[33mWARNING [0m bots.foundation.base:base.py:2558 Callback on_respond_complete failed: 'str' object has no attribute 'on_respond_complete'
_____ TestFunctionalPromptUsability.test_end_to_end_fp_command_with_chain _____
[gw7] win32 -- Python 3.12.9 C:\Users\benbu\AppData\Local\Programs\Python\Python312-arm64\python.exe
tests\e2e\test_cli.py:611: in test_end_to_end_fp_command_with_chain
    cli_module.main("")
bots\dev\cli.py:1976: in main
    cli.run()
bots\dev\cli.py:1675: in run
    user_input = input(f"{COLOR_USER}You: {COLOR_RESET}").strip()
..\..\..\AppData\Local\Programs\Python\Python312-arm64\Lib\unittest\mock.py:1139: in __call__
    return self._mock_call(*args, **kwargs)
..\..\..\AppData\Local\Programs\Python\Python312-arm64\Lib\unittest\mock.py:1143: in _mock_call
    return self._execute_mock_call(*args, **kwargs)
..\..\..\AppData\Local\Programs\Python\Python312-arm64\Lib\unittest\mock.py:1200: in _execute_mock_call
    result = next(effect)
E   StopIteration
_____________ TestLabelingSystem.test_label_shows_existing_labels _____________
[gw0] win32 -- Python 3.12.9 C:\Users\benbu\AppData\Local\Programs\Python\Python312-arm64\python.exe
tests\e2e\test_cli.py:242: in test_label_shows_existing_labels
    cli_module.main("")
bots\dev\cli.py:1976: in main
    cli.run()
bots\dev\cli.py:1675: in run
    user_input = input(f"{COLOR_USER}You: {COLOR_RESET}").strip()
..\..\..\AppData\Local\Programs\Python\Python312-arm64\Lib\unittest\mock.py:1139: in __call__
    return self._mock_call(*args, **kwargs)
..\..\..\AppData\Local\Programs\Python\Python312-arm64\Lib\unittest\mock.py:1143: in _mock_call
    return self._execute_mock_call(*args, **kwargs)
..\..\..\AppData\Local\Programs\Python\Python312-arm64\Lib\unittest\mock.py:1200: in _execute_mock_call
    result = next(effect)
E   StopIteration
_______ TestCLIRealTerminalTimeouts.test_simple_file_creation_real_bot ________
[gw6] win32 -- Python 3.12.9 C:\Users\benbu\AppData\Local\Programs\Python\Python312-arm64\python.exe
tests\e2e\test_cli_terminal_tool_integration.py:98: in test_simple_file_creation_real_bot
    cli.run()
bots\dev\cli.py:1675: in run
    user_input = input(f"{COLOR_USER}You: {COLOR_RESET}").strip()
..\..\..\AppData\Local\Programs\Python\Python312-arm64\Lib\unittest\mock.py:1139: in __call__
    return self._mock_call(*args, **kwargs)
..\..\..\AppData\Local\Programs\Python\Python312-arm64\Lib\unittest\mock.py:1143: in _mock_call
    return self._execute_mock_call(*args, **kwargs)
..\..\..\AppData\Local\Programs\Python\Python312-arm64\Lib\unittest\mock.py:1200: in _execute_mock_call
    result = next(effect)
E   StopIteration
_______ TestBranchSelfIntegration.test_branch_self_basic_functionality ________
[gw3] win32 -- Python 3.12.9 C:\Users\benbu\AppData\Local\Programs\Python\Python312-arm64\python.exe
tests\e2e\test_branch_self_integration.py:135: in test_branch_self_basic_functionality
    cli.run()
bots\dev\cli.py:1675: in run
    user_input = input(f"{COLOR_USER}You: {COLOR_RESET}").strip()
..\..\..\AppData\Local\Programs\Python\Python312-arm64\Lib\unittest\mock.py:1139: in __call__
    return self._mock_call(*args, **kwargs)
..\..\..\AppData\Local\Programs\Python\Python312-arm64\Lib\unittest\mock.py:1143: in _mock_call
    return self._execute_mock_call(*args, **kwargs)
..\..\..\AppData\Local\Programs\Python\Python312-arm64\Lib\unittest\mock.py:1200: in _execute_mock_call
    result = next(effect)
E   StopIteration
------------------------------ Captured log call ------------------------------
[33mWARNING [0m bots.foundation.base:base.py:2543 Callback on_respond_start failed: 'str' object has no attribute 'on_respond_start'
[33mWARNING [0m bots.foundation.base:base.py:2677 Callback on_api_call_complete failed: 'str' object has no attribute 'on_api_call_complete'
[33mWARNING [0m bots.foundation.base:base.py:2558 Callback on_respond_complete failed: 'str' object has no attribute 'on_respond_complete'
[33mWARNING [0m bots.foundation.base:base.py:2543 Callback on_respond_start failed: 'str' object has no attribute 'on_respond_start'
[33mWARNING [0m bots.foundation.base:base.py:2677 Callback on_api_call_complete failed: 'str' object has no attribute 'on_api_call_complete'
[33mWARNING [0m bots.foundation.base:base.py:2558 Callback on_respond_complete failed: 'str' object has no attribute 'on_respond_complete'
[33mWARNING [0m bots.foundation.base:base.py:2543 Callback on_respond_start failed: 'str' object has no attribute 'on_respond_start'
[33mWARNING [0m bots.foundation.base:base.py:2677 Callback on_api_call_complete failed: 'str' object has no attribute 'on_api_call_complete'
[33mWARNING [0m bots.foundation.base:base.py:2558 Callback on_respond_complete failed: 'str' object has no attribute 'on_respond_complete'
[33mWARNING [0m bots.foundation.base:base.py:2543 Callback on_respond_start failed: 'str' object has no attribute 'on_respond_start'
[33mWARNING [0m bots.foundation.base:base.py:2677 Callback on_api_call_complete failed: 'str' object has no attribute 'on_api_call_complete'
[33mWARNING [0m bots.foundation.base:base.py:2558 Callback on_respond_complete failed: 'str' object has no attribute 'on_respond_complete'
[33mWARNING [0m bots.foundation.base:base.py:2543 Callback on_respond_start failed: 'str' object has no attribute 'on_respond_start'
[33mWARNING [0m bots.foundation.base:base.py:2677 Callback on_api_call_complete failed: 'str' object has no attribute 'on_api_call_complete'
[33mWARNING [0m bots.foundation.base:base.py:2558 Callback on_respond_complete failed: 'str' object has no attribute 'on_respond_complete'
[33mWARNING [0m bots.foundation.base:base.py:2543 Callback on_respond_start failed: 'str' object has no attribute 'on_respond_start'
[33mWARNING [0m bots.foundation.base:base.py:2677 Callback on_api_call_complete failed: 'str' object has no attribute 'on_api_call_complete'
[33mWARNING [0m bots.foundation.base:base.py:2558 Callback on_respond_complete failed: 'str' object has no attribute 'on_respond_complete'
[33mWARNING [0m bots.foundation.base:base.py:2543 Callback on_respond_start failed: 'str' object has no attribute 'on_respond_start'
[33mWARNING [0m bots.foundation.base:base.py:2677 Callback on_api_call_complete failed: 'str' object has no attribute 'on_api_call_complete'
[33mWARNING [0m bots.foundation.base:base.py:2558 Callback on_respond_complete failed: 'str' object has no attribute 'on_respond_complete'
[33mWARNING [0m bots.foundation.base:base.py:2543 Callback on_respond_start failed: 'str' object has no attribute 'on_respond_start'
[33mWARNING [0m bots.foundation.base:base.py:2677 Callback on_api_call_complete failed: 'str' object has no attribute 'on_api_call_complete'
[33mWARNING [0m bots.foundation.base:base.py:2558 Callback on_respond_complete failed: 'str' object has no attribute 'on_respond_complete'
[33mWARNING [0m bots.foundation.base:base.py:2543 Callback on_respond_start failed: 'str' object has no attribute 'on_respond_start'
[33mWARNING [0m bots.foundation.base:base.py:2677 Callback on_api_call_complete failed: 'str' object has no attribute 'on_api_call_complete'
[33mWARNING [0m bots.foundation.base:base.py:2558 Callback on_respond_complete failed: 'str' object has no attribute 'on_respond_complete'
_______ TestBroadcastFPWizardComplete.test_broadcast_fp_error_handling ________
[gw5] win32 -- Python 3.12.9 C:\Users\benbu\AppData\Local\Programs\Python\Python312-arm64\python.exe
tests\e2e\test_broadcast_fp_wizard_complete.py:228: in test_broadcast_fp_error_handling
    cli_module.main("")
bots\dev\cli.py:1976: in main
    cli.run()
bots\dev\cli.py:1675: in run
    user_input = input(f"{COLOR_USER}You: {COLOR_RESET}").strip()
..\..\..\AppData\Local\Programs\Python\Python312-arm64\Lib\unittest\mock.py:1139: in __call__
    return self._mock_call(*args, **kwargs)
..\..\..\AppData\Local\Programs\Python\Python312-arm64\Lib\unittest\mock.py:1143: in _mock_call
    return self._execute_mock_call(*args, **kwargs)
..\..\..\AppData\Local\Programs\Python\Python312-arm64\Lib\unittest\mock.py:1200: in _execute_mock_call
    result = next(effect)
E   StopIteration
________________ TestWizardDebug.test_01_simple_chat_and_exit _________________
[gw9] win32 -- Python 3.12.9 C:\Users\benbu\AppData\Local\Programs\Python\Python312-arm64\python.exe
tests\e2e\test_wizard_debug.py:37: in test_01_simple_chat_and_exit
    cli_module.main("")
bots\dev\cli.py:1976: in main
    cli.run()
bots\dev\cli.py:1675: in run
    user_input = input(f"{COLOR_USER}You: {COLOR_RESET}").strip()
..\..\..\AppData\Local\Programs\Python\Python312-arm64\Lib\unittest\mock.py:1139: in __call__
    return self._mock_call(*args, **kwargs)
..\..\..\AppData\Local\Programs\Python\Python312-arm64\Lib\unittest\mock.py:1143: in _mock_call
    return self._execute_mock_call(*args, **kwargs)
..\..\..\AppData\Local\Programs\Python\Python312-arm64\Lib\unittest\mock.py:1200: in _execute_mock_call
    result = next(effect)
E   StopIteration
__________ TestCLIRealTerminalTimeouts.test_bot_tool_usage_analysis ___________
[gw8] win32 -- Python 3.12.9 C:\Users\benbu\AppData\Local\Programs\Python\Python312-arm64\python.exe
tests\e2e\test_cli_terminal_tool_integration.py:248: in test_bot_tool_usage_analysis
    cli.run()
bots\dev\cli.py:1675: in run
    user_input = input(f"{COLOR_USER}You: {COLOR_RESET}").strip()
..\..\..\AppData\Local\Programs\Python\Python312-arm64\Lib\unittest\mock.py:1139: in __call__
    return self._mock_call(*args, **kwargs)
..\..\..\AppData\Local\Programs\Python\Python312-arm64\Lib\unittest\mock.py:1143: in _mock_call
    return self._execute_mock_call(*args, **kwargs)
..\..\..\AppData\Local\Programs\Python\Python312-arm64\Lib\unittest\mock.py:1200: in _execute_mock_call
    result = next(effect)
E   StopIteration
__________________ TestWizardDebug.test_03_fp_single_prompt ___________________
[gw3] win32 -- Python 3.12.9 C:\Users\benbu\AppData\Local\Programs\Python\Python312-arm64\python.exe
tests\e2e\test_wizard_debug.py:85: in test_03_fp_single_prompt
    cli_module.main("")
bots\dev\cli.py:1976: in main
    cli.run()
bots\dev\cli.py:1675: in run
    user_input = input(f"{COLOR_USER}You: {COLOR_RESET}").strip()
..\..\..\AppData\Local\Programs\Python\Python312-arm64\Lib\unittest\mock.py:1139: in __call__
    return self._mock_call(*args, **kwargs)
..\..\..\AppData\Local\Programs\Python\Python312-arm64\Lib\unittest\mock.py:1143: in _mock_call
    return self._execute_mock_call(*args, **kwargs)
..\..\..\AppData\Local\Programs\Python\Python312-arm64\Lib\unittest\mock.py:1200: in _execute_mock_call
    result = next(effect)
E   StopIteration
________________ TestWizardDebug.test_02_fp_command_then_exit _________________
[gw9] win32 -- Python 3.12.9 C:\Users\benbu\AppData\Local\Programs\Python\Python312-arm64\python.exe
tests\e2e\test_wizard_debug.py:60: in test_02_fp_command_then_exit
    cli_module.main("")
bots\dev\cli.py:1976: in main
    cli.run()
bots\dev\cli.py:1675: in run
    user_input = input(f"{COLOR_USER}You: {COLOR_RESET}").strip()
..\..\..\AppData\Local\Programs\Python\Python312-arm64\Lib\unittest\mock.py:1139: in __call__
    return self._mock_call(*args, **kwargs)
..\..\..\AppData\Local\Programs\Python\Python312-arm64\Lib\unittest\mock.py:1143: in _mock_call
    return self._execute_mock_call(*args, **kwargs)
..\..\..\AppData\Local\Programs\Python\Python312-arm64\Lib\unittest\mock.py:1200: in _execute_mock_call
    result = next(effect)
E   StopIteration
__________ TestWizardDebug.test_04_fp_single_prompt_no_initial_chat ___________
[gw6] win32 -- Python 3.12.9 C:\Users\benbu\AppData\Local\Programs\Python\Python312-arm64\python.exe
tests\e2e\test_wizard_debug.py:109: in test_04_fp_single_prompt_no_initial_chat
    cli_module.main("")
bots\dev\cli.py:1976: in main
    cli.run()
bots\dev\cli.py:1675: in run
    user_input = input(f"{COLOR_USER}You: {COLOR_RESET}").strip()
..\..\..\AppData\Local\Programs\Python\Python312-arm64\Lib\unittest\mock.py:1139: in __call__
    return self._mock_call(*args, **kwargs)
..\..\..\AppData\Local\Programs\Python\Python312-arm64\Lib\unittest\mock.py:1143: in _mock_call
    return self._execute_mock_call(*args, **kwargs)
..\..\..\AppData\Local\Programs\Python\Python312-arm64\Lib\unittest\mock.py:1200: in _execute_mock_call
    result = next(effect)
E   StopIteration
____________ TestWizardDebug.test_05_fp_single_prompt_no_redirect _____________
[gw9] win32 -- Python 3.12.9 C:\Users\benbu\AppData\Local\Programs\Python\Python312-arm64\python.exe
tests\e2e\test_wizard_debug.py:133: in test_05_fp_single_prompt_no_redirect
    cli_module.main("")
bots\dev\cli.py:1976: in main
    cli.run()
bots\dev\cli.py:1675: in run
    user_input = input(f"{COLOR_USER}You: {COLOR_RESET}").strip()
..\..\..\AppData\Local\Programs\Python\Python312-arm64\Lib\unittest\mock.py:1139: in __call__
    return self._mock_call(*args, **kwargs)
..\..\..\AppData\Local\Programs\Python\Python312-arm64\Lib\unittest\mock.py:1143: in _mock_call
    return self._execute_mock_call(*args, **kwargs)
..\..\..\AppData\Local\Programs\Python\Python312-arm64\Lib\unittest\mock.py:1200: in _execute_mock_call
    result = next(effect)
E   StopIteration
---------------------------- Captured stdout call -----------------------------
Hello, world! 

Available functional prompts:
  1. branch
  2. branch_while
  3. broadcast_fp
  4. broadcast_to_leaves
  5. chain
  6. chain_while
  7. par_branch
  8. par_branch_while
  9. prompt_while
  10. recombine
  11. single_prompt
  12. tree_of_thought

Collecting parameters for single_prompt:
  Parameter: prompt (default: required)

Executing single_prompt...

[95m[1mBot: [0m[95mAnalysis complete[0m


[95m[1mTestBot: [0m[95mAnalysis complete[0m


[2m[33m[1msystem: [0m[2m[33mFunctional prompt 'single_prompt' completed[0m


[2m[33m[1msystem: [0m[2m[33mUnrecognized command. Try /help.[0m


Goodbye!
_________________ TestFunctionalPrompts.test_fp_command_basic _________________
[gw0] win32 -- Python 3.12.9 C:\Users\benbu\AppData\Local\Programs\Python\Python312-arm64\python.exe
tests\e2e\test_cli.py:278: in test_fp_command_basic
    cli_module.main("")
bots\dev\cli.py:1976: in main
    cli.run()
bots\dev\cli.py:1675: in run
    user_input = input(f"{COLOR_USER}You: {COLOR_RESET}").strip()
..\..\..\AppData\Local\Programs\Python\Python312-arm64\Lib\unittest\mock.py:1139: in __call__
    return self._mock_call(*args, **kwargs)
..\..\..\AppData\Local\Programs\Python\Python312-arm64\Lib\unittest\mock.py:1143: in _mock_call
    return self._execute_mock_call(*args, **kwargs)
..\..\..\AppData\Local\Programs\Python\Python312-arm64\Lib\unittest\mock.py:1200: in _execute_mock_call
    result = next(effect)
E   StopIteration
______________ TestFPWizardComplete.test_fp_branch_while_wizard _______________
[gw2] win32 -- Python 3.12.9 C:\Users\benbu\AppData\Local\Programs\Python\Python312-arm64\python.exe
tests\unit\test_cli\test_fp_wizard_complete.py:189: in test_fp_branch_while_wizard
    cli_module.main("")
bots\dev\cli.py:1976: in main
    cli.run()
bots\dev\cli.py:1675: in run
    user_input = input(f"{COLOR_USER}You: {COLOR_RESET}").strip()
..\..\..\AppData\Local\Programs\Python\Python312-arm64\Lib\unittest\mock.py:1139: in __call__
    return self._mock_call(*args, **kwargs)
..\..\..\AppData\Local\Programs\Python\Python312-arm64\Lib\unittest\mock.py:1143: in _mock_call
    return self._execute_mock_call(*args, **kwargs)
..\..\..\AppData\Local\Programs\Python\Python312-arm64\Lib\unittest\mock.py:1200: in _execute_mock_call
    result = next(effect)
E   StopIteration
_________________ TestFPWizardComplete.test_fp_branch_wizard __________________
[gw2] win32 -- Python 3.12.9 C:\Users\benbu\AppData\Local\Programs\Python\Python312-arm64\python.exe
tests\unit\test_cli\test_fp_wizard_complete.py:64: in test_fp_branch_wizard
    cli_module.main("")
bots\dev\cli.py:1976: in main
    cli.run()
bots\dev\cli.py:1675: in run
    user_input = input(f"{COLOR_USER}You: {COLOR_RESET}").strip()
..\..\..\AppData\Local\Programs\Python\Python312-arm64\Lib\unittest\mock.py:1139: in __call__
    return self._mock_call(*args, **kwargs)
..\..\..\AppData\Local\Programs\Python\Python312-arm64\Lib\unittest\mock.py:1143: in _mock_call
    return self._execute_mock_call(*args, **kwargs)
..\..\..\AppData\Local\Programs\Python\Python312-arm64\Lib\unittest\mock.py:1200: in _execute_mock_call
    result = next(effect)
E   StopIteration
_______________ TestFPWizardComplete.test_fp_chain_while_wizard _______________
[gw2] win32 -- Python 3.12.9 C:\Users\benbu\AppData\Local\Programs\Python\Python312-arm64\python.exe
tests\unit\test_cli\test_fp_wizard_complete.py:157: in test_fp_chain_while_wizard
    cli_module.main("")
bots\dev\cli.py:1976: in main
    cli.run()
bots\dev\cli.py:1675: in run
    user_input = input(f"{COLOR_USER}You: {COLOR_RESET}").strip()
..\..\..\AppData\Local\Programs\Python\Python312-arm64\Lib\unittest\mock.py:1139: in __call__
    return self._mock_call(*args, **kwargs)
..\..\..\AppData\Local\Programs\Python\Python312-arm64\Lib\unittest\mock.py:1143: in _mock_call
    return self._execute_mock_call(*args, **kwargs)
..\..\..\AppData\Local\Programs\Python\Python312-arm64\Lib\unittest\mock.py:1200: in _execute_mock_call
    result = next(effect)
E   StopIteration
______________ TestFPWizardComplete.test_fp_prompt_while_wizard _______________
[gw2] win32 -- Python 3.12.9 C:\Users\benbu\AppData\Local\Programs\Python\Python312-arm64\python.exe
tests\unit\test_cli\test_fp_wizard_complete.py:125: in test_fp_prompt_while_wizard
    cli_module.main("")
bots\dev\cli.py:1976: in main
    cli.run()
bots\dev\cli.py:1675: in run
    user_input = input(f"{COLOR_USER}You: {COLOR_RESET}").strip()
..\..\..\AppData\Local\Programs\Python\Python312-arm64\Lib\unittest\mock.py:1139: in __call__
    return self._mock_call(*args, **kwargs)
..\..\..\AppData\Local\Programs\Python\Python312-arm64\Lib\unittest\mock.py:1143: in _mock_call
    return self._execute_mock_call(*args, **kwargs)
..\..\..\AppData\Local\Programs\Python\Python312-arm64\Lib\unittest\mock.py:1200: in _execute_mock_call
    result = next(effect)
E   StopIteration
_____________ TestFPWizardComplete.test_fp_tree_of_thought_wizard _____________
[gw2] win32 -- Python 3.12.9 C:\Users\benbu\AppData\Local\Programs\Python\Python312-arm64\python.exe
tests\unit\test_cli\test_fp_wizard_complete.py:95: in test_fp_tree_of_thought_wizard
    cli_module.main("")
bots\dev\cli.py:1976: in main
    cli.run()
bots\dev\cli.py:1675: in run
    user_input = input(f"{COLOR_USER}You: {COLOR_RESET}").strip()
..\..\..\AppData\Local\Programs\Python\Python312-arm64\Lib\unittest\mock.py:1139: in __call__
    return self._mock_call(*args, **kwargs)
..\..\..\AppData\Local\Programs\Python\Python312-arm64\Lib\unittest\mock.py:1143: in _mock_call
    return self._execute_mock_call(*args, **kwargs)
..\..\..\AppData\Local\Programs\Python\Python312-arm64\Lib\unittest\mock.py:1200: in _execute_mock_call
    result = next(effect)
E   StopIteration
____________ TestFPWizardComplete.test_fp_par_branch_while_wizard _____________
[gw7] win32 -- Python 3.12.9 C:\Users\benbu\AppData\Local\Programs\Python\Python312-arm64\python.exe
tests\unit\test_cli\test_fp_wizard_complete.py:251: in test_fp_par_branch_while_wizard
    cli_module.main("")
bots\dev\cli.py:1976: in main
    cli.run()
bots\dev\cli.py:1675: in run
    user_input = input(f"{COLOR_USER}You: {COLOR_RESET}").strip()
..\..\..\AppData\Local\Programs\Python\Python312-arm64\Lib\unittest\mock.py:1139: in __call__
    return self._mock_call(*args, **kwargs)
..\..\..\AppData\Local\Programs\Python\Python312-arm64\Lib\unittest\mock.py:1143: in _mock_call
    return self._execute_mock_call(*args, **kwargs)
..\..\..\AppData\Local\Programs\Python\Python312-arm64\Lib\unittest\mock.py:1200: in _execute_mock_call
    result = next(effect)
E   StopIteration
------------------------------ Captured log call ------------------------------
[33mWARNING [0m bots.foundation.base:base.py:2543 Callback on_respond_start failed: 'str' object has no attribute 'on_respond_start'
[33mWARNING [0m bots.foundation.base:base.py:2543 Callback on_respond_start failed: 'str' object has no attribute 'on_respond_start'
[33mWARNING [0m bots.foundation.openai_bots:openai_bots.py:453 Failed to record error metrics: record_api_call() got an unexpected keyword argument 'operation'
[33mWARNING [0m bots.foundation.openai_bots:openai_bots.py:453 Failed to record error metrics: record_api_call() got an unexpected keyword argument 'operation'
[33mWARNING [0m bots.foundation.base:base.py:2567 Callback on_respond_error failed: 'str' object has no attribute 'on_respond_error'
[33mWARNING [0m bots.foundation.base:base.py:2567 Callback on_respond_error failed: 'str' object has no attribute 'on_respond_error'
____________ TestFPWizardComplete.test_fp_wizard_by_name_selection ____________
[gw2] win32 -- Python 3.12.9 C:\Users\benbu\AppData\Local\Programs\Python\Python312-arm64\python.exe
tests\unit\test_cli\test_fp_wizard_complete.py:308: in test_fp_wizard_by_name_selection
    cli_module.main("")
bots\dev\cli.py:1976: in main
    cli.run()
bots\dev\cli.py:1675: in run
    user_input = input(f"{COLOR_USER}You: {COLOR_RESET}").strip()
..\..\..\AppData\Local\Programs\Python\Python312-arm64\Lib\unittest\mock.py:1139: in __call__
    return self._mock_call(*args, **kwargs)
..\..\..\AppData\Local\Programs\Python\Python312-arm64\Lib\unittest\mock.py:1143: in _mock_call
    return self._execute_mock_call(*args, **kwargs)
..\..\..\AppData\Local\Programs\Python\Python312-arm64\Lib\unittest\mock.py:1200: in _execute_mock_call
    result = next(effect)
E   StopIteration
__________ TestFPWizardComplete.test_fp_wizard_parameter_validation ___________
[gw2] win32 -- Python 3.12.9 C:\Users\benbu\AppData\Local\Programs\Python\Python312-arm64\python.exe
tests\unit\test_cli\test_fp_wizard_complete.py:279: in test_fp_wizard_parameter_validation
    cli_module.main("")
bots\dev\cli.py:1976: in main
    cli.run()
bots\dev\cli.py:1675: in run
    user_input = input(f"{COLOR_USER}You: {COLOR_RESET}").strip()
..\..\..\AppData\Local\Programs\Python\Python312-arm64\Lib\unittest\mock.py:1139: in __call__
    return self._mock_call(*args, **kwargs)
..\..\..\AppData\Local\Programs\Python\Python312-arm64\Lib\unittest\mock.py:1143: in _mock_call
    return self._execute_mock_call(*args, **kwargs)
..\..\..\AppData\Local\Programs\Python\Python312-arm64\Lib\unittest\mock.py:1200: in _execute_mock_call
    result = next(effect)
E   StopIteration
__________ TestRecombineCommandRemoval.test_recombine_command_fails ___________
[gw2] win32 -- Python 3.12.9 C:\Users\benbu\AppData\Local\Programs\Python\Python312-arm64\python.exe
tests\unit\test_cli\test_recombine_removal.py:16: in test_recombine_command_fails
    cli_module.main("")
bots\dev\cli.py:1976: in main
    cli.run()
bots\dev\cli.py:1675: in run
    user_input = input(f"{COLOR_USER}You: {COLOR_RESET}").strip()
..\..\..\AppData\Local\Programs\Python\Python312-arm64\Lib\unittest\mock.py:1139: in __call__
    return self._mock_call(*args, **kwargs)
..\..\..\AppData\Local\Programs\Python\Python312-arm64\Lib\unittest\mock.py:1143: in _mock_call
    return self._execute_mock_call(*args, **kwargs)
..\..\..\AppData\Local\Programs\Python\Python312-arm64\Lib\unittest\mock.py:1200: in _execute_mock_call
    result = next(effect)
E   StopIteration
_______________ TestFPWizardComplete.test_fp_par_branch_wizard ________________
[gw7] win32 -- Python 3.12.9 C:\Users\benbu\AppData\Local\Programs\Python\Python312-arm64\python.exe
tests\unit\test_cli\test_fp_wizard_complete.py:220: in test_fp_par_branch_wizard
    cli_module.main("")
bots\dev\cli.py:1976: in main
    cli.run()
bots\dev\cli.py:1675: in run
    user_input = input(f"{COLOR_USER}You: {COLOR_RESET}").strip()
..\..\..\AppData\Local\Programs\Python\Python312-arm64\Lib\unittest\mock.py:1139: in __call__
    return self._mock_call(*args, **kwargs)
..\..\..\AppData\Local\Programs\Python\Python312-arm64\Lib\unittest\mock.py:1143: in _mock_call
    return self._execute_mock_call(*args, **kwargs)
..\..\..\AppData\Local\Programs\Python\Python312-arm64\Lib\unittest\mock.py:1200: in _execute_mock_call
    result = next(effect)
E   StopIteration
------------------------------ Captured log call ------------------------------
[33mWARNING [0m bots.foundation.base:base.py:2543 Callback on_respond_start failed: 'str' object has no attribute 'on_respond_start'
[33mWARNING [0m bots.foundation.base:base.py:2543 Callback on_respond_start failed: 'str' object has no attribute 'on_respond_start'
[33mWARNING [0m bots.foundation.base:base.py:2543 Callback on_respond_start failed: 'str' object has no attribute 'on_respond_start'
[33mWARNING [0m bots.foundation.openai_bots:openai_bots.py:453 Failed to record error metrics: record_api_call() got an unexpected keyword argument 'operation'
[33mWARNING [0m bots.foundation.base:base.py:2567 Callback on_respond_error failed: 'str' object has no attribute 'on_respond_error'
[33mWARNING [0m bots.foundation.openai_bots:openai_bots.py:453 Failed to record error metrics: record_api_call() got an unexpected keyword argument 'operation'
[33mWARNING [0m bots.foundation.base:base.py:2567 Callback on_respond_error failed: 'str' object has no attribute 'on_respond_error'
[33mWARNING [0m bots.foundation.openai_bots:openai_bots.py:453 Failed to record error metrics: record_api_call() got an unexpected keyword argument 'operation'
[33mWARNING [0m bots.foundation.base:base.py:2567 Callback on_respond_error failed: 'str' object has no attribute 'on_respond_error'
______ TestCLIRealTerminalTimeouts.test_powershell_here_string_real_bot _______
[gw4] win32 -- Python 3.12.9 C:\Users\benbu\AppData\Local\Programs\Python\Python312-arm64\python.exe
tests\e2e\test_cli_terminal_tool_integration.py:130: in test_powershell_here_string_real_bot
    cli.run()
bots\dev\cli.py:1675: in run
    user_input = input(f"{COLOR_USER}You: {COLOR_RESET}").strip()
..\..\..\AppData\Local\Programs\Python\Python312-arm64\Lib\unittest\mock.py:1139: in __call__
    return self._mock_call(*args, **kwargs)
..\..\..\AppData\Local\Programs\Python\Python312-arm64\Lib\unittest\mock.py:1143: in _mock_call
    return self._execute_mock_call(*args, **kwargs)
..\..\..\AppData\Local\Programs\Python\Python312-arm64\Lib\unittest\mock.py:1200: in _execute_mock_call
    result = next(effect)
E   StopIteration
________ TestCLIRealTerminalTimeouts.test_complex_python_file_real_bot ________
[gw8] win32 -- Python 3.12.9 C:\Users\benbu\AppData\Local\Programs\Python\Python312-arm64\python.exe
tests\e2e\test_cli_terminal_tool_integration.py:180: in test_complex_python_file_real_bot
    cli.run()
bots\dev\cli.py:1675: in run
    user_input = input(f"{COLOR_USER}You: {COLOR_RESET}").strip()
..\..\..\AppData\Local\Programs\Python\Python312-arm64\Lib\unittest\mock.py:1139: in __call__
    return self._mock_call(*args, **kwargs)
..\..\..\AppData\Local\Programs\Python\Python312-arm64\Lib\unittest\mock.py:1143: in _mock_call
    return self._execute_mock_call(*args, **kwargs)
..\..\..\AppData\Local\Programs\Python\Python312-arm64\Lib\unittest\mock.py:1200: in _execute_mock_call
    result = next(effect)
E   StopIteration
______________ TestSaveCommand.test_save_command_auto_extension _______________
[gw2] win32 -- Python 3.12.9 C:\Users\benbu\AppData\Local\Programs\Python\Python312-arm64\python.exe
tests\unit\test_cli\test_save_auto_commands.py:71: in test_save_command_auto_extension
    cli_module.main("")
bots\dev\cli.py:1976: in main
    cli.run()
bots\dev\cli.py:1675: in run
    user_input = input(f"{COLOR_USER}You: {COLOR_RESET}").strip()
..\..\..\AppData\Local\Programs\Python\Python312-arm64\Lib\unittest\mock.py:1139: in __call__
    return self._mock_call(*args, **kwargs)
..\..\..\AppData\Local\Programs\Python\Python312-arm64\Lib\unittest\mock.py:1143: in _mock_call
    return self._execute_mock_call(*args, **kwargs)
..\..\..\AppData\Local\Programs\Python\Python312-arm64\Lib\unittest\mock.py:1200: in _execute_mock_call
    result = next(effect)
E   StopIteration
__________________ TestSaveCommand.test_save_command_success __________________
[gw5] win32 -- Python 3.12.9 C:\Users\benbu\AppData\Local\Programs\Python\Python312-arm64\python.exe
tests\unit\test_cli\test_save_auto_commands.py:41: in test_save_command_success
    cli_module.main("")
bots\dev\cli.py:1976: in main
    cli.run()
bots\dev\cli.py:1675: in run
    user_input = input(f"{COLOR_USER}You: {COLOR_RESET}").strip()
..\..\..\AppData\Local\Programs\Python\Python312-arm64\Lib\unittest\mock.py:1139: in __call__
    return self._mock_call(*args, **kwargs)
..\..\..\AppData\Local\Programs\Python\Python312-arm64\Lib\unittest\mock.py:1143: in _mock_call
    return self._execute_mock_call(*args, **kwargs)
..\..\..\AppData\Local\Programs\Python\Python312-arm64\Lib\unittest\mock.py:1200: in _execute_mock_call
    result = next(effect)
E   StopIteration
______________ TestFPWizardComplete.test_fp_single_prompt_wizard ______________
[gw0] win32 -- Python 3.12.9 C:\Users\benbu\AppData\Local\Programs\Python\Python312-arm64\python.exe
tests\unit\test_cli\test_fp_wizard_complete.py:34: in test_fp_single_prompt_wizard
    cli_module.main("")
bots\dev\cli.py:1976: in main
    cli.run()
bots\dev\cli.py:1675: in run
    user_input = input(f"{COLOR_USER}You: {COLOR_RESET}").strip()
..\..\..\AppData\Local\Programs\Python\Python312-arm64\Lib\unittest\mock.py:1139: in __call__
    return self._mock_call(*args, **kwargs)
..\..\..\AppData\Local\Programs\Python\Python312-arm64\Lib\unittest\mock.py:1143: in _mock_call
    return self._execute_mock_call(*args, **kwargs)
..\..\..\AppData\Local\Programs\Python\Python312-arm64\Lib\unittest\mock.py:1200: in _execute_mock_call
    result = next(effect)
E   StopIteration
_______ TestRecombineCommandRemoval.test_combine_leaves_command_exists ________
[gw7] win32 -- Python 3.12.9 C:\Users\benbu\AppData\Local\Programs\Python\Python312-arm64\python.exe
tests\unit\test_cli\test_recombine_removal.py:26: in test_combine_leaves_command_exists
    cli_module.main("")
bots\dev\cli.py:1976: in main
    cli.run()
bots\dev\cli.py:1675: in run
    user_input = input(f"{COLOR_USER}You: {COLOR_RESET}").strip()
..\..\..\AppData\Local\Programs\Python\Python312-arm64\Lib\unittest\mock.py:1139: in __call__
    return self._mock_call(*args, **kwargs)
..\..\..\AppData\Local\Programs\Python\Python312-arm64\Lib\unittest\mock.py:1143: in _mock_call
    return self._execute_mock_call(*args, **kwargs)
..\..\..\AppData\Local\Programs\Python\Python312-arm64\Lib\unittest\mock.py:1200: in _execute_mock_call
    result = next(effect)
E   StopIteration
______________ TestAutoCommand.test_auto_command_error_handling _______________
[gw5] win32 -- Python 3.12.9 C:\Users\benbu\AppData\Local\Programs\Python\Python312-arm64\python.exe
tests\unit\test_cli\test_save_auto_commands.py:126: in test_auto_command_error_handling
    cli_module.main("")
bots\dev\cli.py:1976: in main
    cli.run()
bots\dev\cli.py:1675: in run
    user_input = input(f"{COLOR_USER}You: {COLOR_RESET}").strip()
..\..\..\AppData\Local\Programs\Python\Python312-arm64\Lib\unittest\mock.py:1139: in __call__
    return self._mock_call(*args, **kwargs)
..\..\..\AppData\Local\Programs\Python\Python312-arm64\Lib\unittest\mock.py:1143: in _mock_call
    return self._execute_mock_call(*args, **kwargs)
..\..\..\AppData\Local\Programs\Python\Python312-arm64\Lib\unittest\mock.py:1200: in _execute_mock_call
    result = next(effect)
E   StopIteration
_________________ TestSaveCommand.test_save_command_cancelled _________________
[gw2] win32 -- Python 3.12.9 C:\Users\benbu\AppData\Local\Programs\Python\Python312-arm64\python.exe
tests\unit\test_cli\test_save_auto_commands.py:57: in test_save_command_cancelled
    cli_module.main("")
bots\dev\cli.py:1976: in main
    cli.run()
bots\dev\cli.py:1675: in run
    user_input = input(f"{COLOR_USER}You: {COLOR_RESET}").strip()
..\..\..\AppData\Local\Programs\Python\Python312-arm64\Lib\unittest\mock.py:1139: in __call__
    return self._mock_call(*args, **kwargs)
..\..\..\AppData\Local\Programs\Python\Python312-arm64\Lib\unittest\mock.py:1143: in _mock_call
    return self._execute_mock_call(*args, **kwargs)
..\..\..\AppData\Local\Programs\Python\Python312-arm64\Lib\unittest\mock.py:1200: in _execute_mock_call
    result = next(effect)
E   StopIteration
____________ TestAutoCommand.test_auto_command_interrupted_by_user ____________
[gw7] win32 -- Python 3.12.9 C:\Users\benbu\AppData\Local\Programs\Python\Python312-arm64\python.exe
tests\unit\test_cli\test_save_auto_commands.py:112: in test_auto_command_interrupted_by_user
    cli_module.main("")
bots\dev\cli.py:1976: in main
    cli.run()
bots\dev\cli.py:1675: in run
    user_input = input(f"{COLOR_USER}You: {COLOR_RESET}").strip()
..\..\..\AppData\Local\Programs\Python\Python312-arm64\Lib\unittest\mock.py:1139: in __call__
    return self._mock_call(*args, **kwargs)
..\..\..\AppData\Local\Programs\Python\Python312-arm64\Lib\unittest\mock.py:1143: in _mock_call
    return self._execute_mock_call(*args, **kwargs)
..\..\..\AppData\Local\Programs\Python\Python312-arm64\Lib\unittest\mock.py:1200: in _execute_mock_call
    result = next(effect)
E   StopIteration
_________ TestAutoCommand.test_auto_command_stops_when_no_tools_used __________
[gw1] win32 -- Python 3.12.9 C:\Users\benbu\AppData\Local\Programs\Python\Python312-arm64\python.exe
tests\unit\test_cli\test_save_auto_commands.py:94: in test_auto_command_stops_when_no_tools_used
    cli_module.main("")
bots\dev\cli.py:1976: in main
    cli.run()
bots\dev\cli.py:1675: in run
    user_input = input(f"{COLOR_USER}You: {COLOR_RESET}").strip()
..\..\..\AppData\Local\Programs\Python\Python312-arm64\Lib\unittest\mock.py:1139: in __call__
    return self._mock_call(*args, **kwargs)
..\..\..\AppData\Local\Programs\Python\Python312-arm64\Lib\unittest\mock.py:1143: in _mock_call
    return self._execute_mock_call(*args, **kwargs)
..\..\..\AppData\Local\Programs\Python\Python312-arm64\Lib\unittest\mock.py:1200: in _execute_mock_call
    result = next(effect)
E   StopIteration
- generated xml file: C:\Users\benbu\Code\repo_working\bots\test_results.xml --
=========================== short test summary info ===========================
FAILED tests/e2e/test_broadcast_fp_wizard_complete.py::TestBroadcastFPWizardComplete::test_broadcast_fp_branch_while_wizard
FAILED tests/e2e/test_broadcast_fp_wizard_complete.py::TestBroadcastFPWizardComplete::test_broadcast_fp_branch_wizard
FAILED tests/e2e/test_branch_self_integration.py::TestBranchSelfIntegration::test_branch_self_error_handling
FAILED tests/e2e/test_broadcast_fp_wizard_complete.py::TestBroadcastFPWizardComplete::test_broadcast_fp_chain_while_wizard
FAILED tests/e2e/test_broadcast_fp_wizard_complete.py::TestBroadcastFPWizardComplete::test_broadcast_fp_complex_recursive_scenario
FAILED tests/e2e/test_broadcast_fp_wizard_complete.py::TestBroadcastFPWizardComplete::test_broadcast_fp_no_leaves_scenario
FAILED tests/e2e/test_broadcast_fp_wizard_complete.py::TestBroadcastFPWizardComplete::test_broadcast_fp_prompt_while_wizard
FAILED tests/e2e/test_broadcast_fp_wizard_complete.py::TestBroadcastFPWizardComplete::test_broadcast_fp_selective_leaf_targeting
FAILED tests/e2e/test_broadcast_fp_wizard_complete.py::TestBroadcastFPWizardComplete::test_broadcast_fp_tree_of_thought_wizard
FAILED tests/e2e/test_broadcast_fp_comprehensive.py::TestBroadcastFPFunctionalSuccess::test_broadcast_fp_with_par_branch_via_cli
FAILED tests/e2e/test_cli.py::TestCLIBasics::test_config_command - StopIteration
FAILED tests/e2e/test_broadcast_fp_comprehensive.py::TestBroadcastFPFunctionalSuccess::test_broadcast_fp_with_par_branch_while_via_cli
FAILED tests/e2e/test_cli.py::TestCLIBasics::test_help_command - StopIteration
FAILED tests/e2e/test_cli.py::TestConversationNavigation::test_down_command_at_leaf
FAILED tests/e2e/test_cli.py::TestConversationNavigation::test_up_command_at_root
FAILED tests/e2e/test_broadcast_fp_comprehensive.py::TestBroadcastFPFunctionalSuccess::test_broadcast_fp_with_single_prompt_via_cli
FAILED tests/e2e/test_cli.py::TestLabelingSystem::test_label_nonexistent_jump
FAILED tests/e2e/test_cli.py::TestLabelingSystem::test_label_create_and_jump
FAILED tests/e2e/test_cli.py::TestConversationNavigation::test_root_command
FAILED tests/e2e/test_cli.py::TestLabelingSystem::test_label_empty_input - St...
FAILED tests/e2e/test_cli.py::TestErrorHandling::test_invalid_command - StopI...
FAILED tests/e2e/test_cli.py::TestFunctionalPrompts::test_fp_command_invalid_selection
FAILED tests/e2e/test_cli.py::TestErrorHandling::test_keyboard_interrupt_handling
FAILED tests/e2e/test_cli.py::TestConfigManagement::test_config_invalid_setting
FAILED tests/e2e/test_cli.py::TestConfigManagement::test_config_set_verbose
FAILED tests/e2e/test_cli.py::TestConfigManagement::test_config_set_width - S...
FAILED tests/e2e/test_broadcast_fp_comprehensive.py::TestBroadcastFPFunctionalSuccess::test_broadcast_fp_with_chain_via_cli
FAILED tests/e2e/test_broadcast_fp_comprehensive.py::TestBroadcastFPRecursiveBranching::test_broadcast_fp_leaf_selection_with_multiple_leaves
FAILED tests/e2e/test_cli.py::TestCLIBasics::test_verbose_quiet_commands - St...
FAILED tests/e2e/test_branch_self_integration.py::TestBranchSelfIntegration::test_branch_self_nested_directory_and_file_creation
FAILED tests/e2e/test_cli.py::TestFunctionalPromptUsability::test_end_to_end_fp_command_with_chain
FAILED tests/e2e/test_cli.py::TestLabelingSystem::test_label_shows_existing_labels
FAILED tests/e2e/test_cli_terminal_tool_integration.py::TestCLIRealTerminalTimeouts::test_simple_file_creation_real_bot
FAILED tests/e2e/test_branch_self_integration.py::TestBranchSelfIntegration::test_branch_self_basic_functionality
FAILED tests/e2e/test_broadcast_fp_wizard_complete.py::TestBroadcastFPWizardComplete::test_broadcast_fp_error_handling
FAILED tests/e2e/test_wizard_debug.py::TestWizardDebug::test_01_simple_chat_and_exit
FAILED tests/e2e/test_cli_terminal_tool_integration.py::TestCLIRealTerminalTimeouts::test_bot_tool_usage_analysis
FAILED tests/e2e/test_wizard_debug.py::TestWizardDebug::test_03_fp_single_prompt
FAILED tests/e2e/test_wizard_debug.py::TestWizardDebug::test_02_fp_command_then_exit
FAILED tests/e2e/test_wizard_debug.py::TestWizardDebug::test_04_fp_single_prompt_no_initial_chat
FAILED tests/e2e/test_wizard_debug.py::TestWizardDebug::test_05_fp_single_prompt_no_redirect
FAILED tests/e2e/test_cli.py::TestFunctionalPrompts::test_fp_command_basic - ...
FAILED tests/unit/test_cli/test_fp_wizard_complete.py::TestFPWizardComplete::test_fp_branch_while_wizard
FAILED tests/unit/test_cli/test_fp_wizard_complete.py::TestFPWizardComplete::test_fp_branch_wizard
FAILED tests/unit/test_cli/test_fp_wizard_complete.py::TestFPWizardComplete::test_fp_chain_while_wizard
FAILED tests/unit/test_cli/test_fp_wizard_complete.py::TestFPWizardComplete::test_fp_prompt_while_wizard
FAILED tests/unit/test_cli/test_fp_wizard_complete.py::TestFPWizardComplete::test_fp_tree_of_thought_wizard
FAILED tests/unit/test_cli/test_fp_wizard_complete.py::TestFPWizardComplete::test_fp_par_branch_while_wizard
FAILED tests/unit/test_cli/test_fp_wizard_complete.py::TestFPWizardComplete::test_fp_wizard_by_name_selection
FAILED tests/unit/test_cli/test_fp_wizard_complete.py::TestFPWizardComplete::test_fp_wizard_parameter_validation
FAILED tests/unit/test_cli/test_recombine_removal.py::TestRecombineCommandRemoval::test_recombine_command_fails
FAILED tests/unit/test_cli/test_fp_wizard_complete.py::TestFPWizardComplete::test_fp_par_branch_wizard
FAILED tests/e2e/test_cli_terminal_tool_integration.py::TestCLIRealTerminalTimeouts::test_powershell_here_string_real_bot
FAILED tests/e2e/test_cli_terminal_tool_integration.py::TestCLIRealTerminalTimeouts::test_complex_python_file_real_bot
FAILED tests/unit/test_cli/test_save_auto_commands.py::TestSaveCommand::test_save_command_auto_extension
FAILED tests/unit/test_cli/test_save_auto_commands.py::TestSaveCommand::test_save_command_success
FAILED tests/unit/test_cli/test_fp_wizard_complete.py::TestFPWizardComplete::test_fp_single_prompt_wizard
FAILED tests/unit/test_cli/test_recombine_removal.py::TestRecombineCommandRemoval::test_combine_leaves_command_exists
FAILED tests/unit/test_cli/test_save_auto_commands.py::TestAutoCommand::test_auto_command_error_handling
FAILED tests/unit/test_cli/test_save_auto_commands.py::TestSaveCommand::test_save_command_cancelled
FAILED tests/unit/test_cli/test_save_auto_commands.py::TestAutoCommand::test_auto_command_interrupted_by_user
FAILED tests/unit/test_cli/test_save_auto_commands.py::TestAutoCommand::test_auto_command_stops_when_no_tools_used
===== 62 failed, 836 passed, 12 skipped, 22 warnings in 156.68s (0:02:36) =====
